Open Watcom Linker Version 1.9
Portions Copyright (c) 1985-2002 Sybase, Inc. All Rights Reserved.
Created on:       26/06/15 09:25:42
Executable Image: shdos.exe
creating a Windows NT character-mode executable


                        +------------+
                        |   Groups   |
                        +------------+

Group                           Address              Size
=====                           =======              ====

.idata                          00409000             000005f0
DGROUP                          0040a000             00011870



                        +--------------+
                        |   Segments   |
                        +--------------+

Segment                Class          Group          Address         Size
=======                =====          =====          =======         ====

BEGTEXT                CODE           AUTO           00401000        00000007
_TEXT                  CODE           AUTO           00401010        000070e0
TRANSFER CODE          CODE           AUTO           004080f0        00000138
.idata                 .idata         .idata         00409000        000005f0
_NULL                  BEGDATA        DGROUP         0040a000        00000004
_AFTERNULL             BEGDATA        DGROUP         0040a004        00000000
CONST                  DATA           DGROUP         0040a004        000000d0
CONST2                 DATA           DGROUP         0040a0d4        00000000
_DATA                  DATA           DGROUP         0040a0d4        00000594
XIB                    DATA           DGROUP         0040a668        00000000
XI                     DATA           DGROUP         0040a668        0000001e
XIE                    DATA           DGROUP         0040a686        00000000
YIB                    DATA           DGROUP         0040a686        00000000
YI                     DATA           DGROUP         0040a686        00000018
YIE                    DATA           DGROUP         0040a69e        00000000
TIB                    DATA           DGROUP         0040a69e        00000000
TI                     DATA           DGROUP         0040a69e        00000000
TIE                    DATA           DGROUP         0040a69e        00000000
DATA                   DATA           DGROUP         0040a69e        00000000
_BSS                   BSS            DGROUP         0040b000        00000870
STACK                  STACK          DGROUP         0040b870        00010000


                        +----------------+
                        |   Memory Map   |
                        +----------------+

* = unreferenced symbol
+ = symbol only referenced locally

Address        Symbol
=======        ======

Module: main.obj(C:\trabajos\programas\shdos\32bits\main.c)
00401010+      getCmdWidth_
0040105b+      clrsrc_
00401086+      getOriginalCmdTextColor_
004010c4+      restoreCmdTextColor_
004010fc+      setCursorPosition_
00401144+      fill_line_
004011f5+      print_colored_text_
00401251+      print_colored_text_xy_
004012fa+      cmd_
004014d4+      showWelcome_
004015d7+      clearcmdbuffer_
00401613       main_
0040a0d4+      _pos
0040a0d8+      _firsttime
0040b000+      _attr
0040b002+      _original_attr
0040b004+      _command
Module: C:\trabajos\programas\openwatcom/lib386/nt\clib3r.lib(stk)
00401645       __CHK
00401655*      __STK
00401674*      __STKOVERFLOW_
00401684       __GRO
004016a4*      __alloca_probe
Module: C:\trabajos\programas\openwatcom/lib386/nt\clib3r.lib(system.c)
004016f0       system_
Module: C:\trabajos\programas\openwatcom/lib386/nt\clib3r.lib(strlen.c)
00401770       strlen_
Module: C:\trabajos\programas\openwatcom/lib386/nt\clib3r.lib(memset.c)
00401790       memset_
Module: C:\trabajos\programas\openwatcom/lib386/nt\clib3r.lib(getchwnt.c)
004018b0       getch_
Module: C:\trabajos\programas\openwatcom/lib386/nt\clib3r.lib(stricmp.c)
00401920       stricmp_
Module: C:\trabajos\programas\openwatcom/lib386/nt\clib3r.lib(iob.c)
0040a0f0       ___iob
0040a2f8*      __fmode
0040b110       ___OpenStreams
0040b114       ___ClosedStreams
Module: C:\trabajos\programas\openwatcom/lib386/nt\clib3r.lib(fflush.c)
00401960       fflush_
Module: C:\trabajos\programas\openwatcom/lib386/nt\clib3r.lib(sprintf.c)
00401970       sprintf_
Module: C:\trabajos\programas\openwatcom/lib386/nt\clib3r.lib(cstrtwnt)
00401992       _cstart_
00401992*      mainCRTStartup
Module: C:\trabajos\programas\openwatcom/lib386/nt\clib3r.lib(xmsgwnt.c)
004019f0+      __exit_with_msg_
00401a50       __fatal_runtime_error_
Module: C:\trabajos\programas\openwatcom/lib386/nt\clib3r.lib(mainwnt.c)
0040a2fc*      ___TlsIndex
0040a300+      ___FirstThreadData
0040a304       ___GetThreadPtr
0040a308       __AccessFileH
0040a30c       __ReleaseFileH
0040a310       __AccessIOB
0040a314       __ReleaseIOB
0040a318       __AccessNHeap
0040a31c*      __AccessFHeap
0040a320       __ReleaseNHeap
00401a80*      __threadid_
00401aa0+      __sig_null_rtn_
00401ab0+      __NTInit_
00401c90+      __NTFini_
00401cf0       __NTMainInit_
00401d50       __exit_
0040a324*      __ReleaseFHeap
0040a328*      __AccessTDList
0040a32c*      __ReleaseTDList
0040a330       __AccessFList
0040a334       __ReleaseFList
0040a338+      __ThreadExitRtn
0040a33c       ___sig_init_rtn
0040a340       ___sig_fini_rtn
0040a344       ___process_fini
0040b120       ___Is_DLL
Module: C:\trabajos\programas\openwatcom/lib386/nt\clib3r.lib(getenv.c)
00401da0       getenv_
Module: C:\trabajos\programas\openwatcom/lib386/nt\clib3r.lib(fileinfo.c)
0040a348       __fileinfo
Module: C:\trabajos\programas\openwatcom/lib386/nt\clib3r.lib(_slashc.c)
00401e30       __Slash_C_
Module: C:\trabajos\programas\openwatcom/lib386/nt\clib3r.lib(splp.c)
00401e40       spawnlp_
Module: C:\trabajos\programas\openwatcom/lib386/nt\clib3r.lib(__stos)
00401e60       __STOSB
00401e97*      __STOSD
Module: C:\trabajos\programas\openwatcom/lib386/nt\clib3r.lib(conutwnt.c)
00401f20       __NTRealKey_
00401fd0       __NTConsoleInput_
00401fe0       __NTConsoleOutput_
Module: C:\trabajos\programas\openwatcom/lib386/nt\clib3r.lib(crwdata)
0040a398       __osmajor
0040a399       __osminor
0040a39a       __osbuild
0040a39c       __osver
0040a3a0       __winmajor
0040a3a4       __winminor
0040a3a8       __winver
0040a364       __LpDllName
0040a368       __LpwCmdLine
0040a36c       __LpwPgmName
0040a370       __LpwDllName
0040a35c       __LpCmdLine
0040a360       __LpPgmName
0040a354*      __dynend
0040a358       __curbrk
0040a374*      __STACKLOW
0040a378       __STACKTOP
0040a37c       __ASTACKSIZ
0040a380       __ASTACKPTR
0040a384       __cbyte
0040a388*      __cbyte2
0040a38c*      __child
0040a392       __Envptr
0040a396*      __Envseg
0040a390*      __no87
0040a3ac       ___FPE_handler
Module: C:\trabajos\programas\openwatcom/lib386/nt\clib3r.lib(initfile.c)
00402020       __InitFiles_
Module: C:\trabajos\programas\openwatcom/lib386/nt\clib3r.lib(ioexit.c)
00402120*      fcloseall_
00402130       __full_io_exit_
Module: C:\trabajos\programas\openwatcom/lib386/nt\clib3r.lib(flush.c)
00402140       __flush_
Module: C:\trabajos\programas\openwatcom/lib386/nt\clib3r.lib(flushall.c)
00402240*      __flushall_
00402280       flushall_
Module: C:\trabajos\programas\openwatcom/lib386/nt\clib3r.lib(vsprintf.c)
004022b0       vsprintf_
Module: C:\trabajos\programas\openwatcom/lib386/nt\clib3r.lib(main2wnt.c)
004022d0       __NTMain
Module: C:\trabajos\programas\openwatcom/lib386/nt\clib3r.lib(segdefns)
00401003       ___begtext
0040a000*      __nullarea
0040a668       __Start_XI
0040a686       __End_XI
0040a686       __Start_YI
0040a69e       __End_YI
Module: C:\trabajos\programas\openwatcom/lib386/nt\clib3r.lib(enterdb.c)
00402330       __EnterWVIDEO_
0040a3b0+      ___WD_Present
Module: C:\trabajos\programas\openwatcom/lib386/nt\clib3r.lib(hdlman.c)
0040a3b4+      ___NHandles
0040a3b8+      ___OSHandles
0040a3bc+      ___FakeHandles
00402360+      __growPOSIXHandles_
00402400+      __allocPOSIXHandle_
004024c0       __freePOSIXHandle_
004024e0       __getOSHandle_
004024f0       __setOSHandle_
00402540+      __NTGetFakeHandle_
004025b0       __initPOSIXHandles_
00402690*      __set_handles_
004026a0*      _grow_handles_
Module: C:\trabajos\programas\openwatcom/lib386/nt\clib3r.lib(environ.c)
0040b73c       ___env_mask
0040b740       _environ
0040b744       __wenviron
Module: C:\trabajos\programas\openwatcom/lib386/nt\clib3r.lib(getmodfn.c)
004026e0       __lib_GetModuleFileNameW_
Module: C:\trabajos\programas\openwatcom/lib386/nt\clib3r.lib(strdup.c)
00402780       __clib_strdup_
Module: C:\trabajos\programas\openwatcom/lib386/nt\clib3r.lib(istable.c)
004027c0       __IsTable
Module: C:\trabajos\programas\openwatcom/lib386/nt\clib3r.lib(ustrdup.c)
004028c1       __clib_wcsdup_
Module: C:\trabajos\programas\openwatcom/lib386/nt\clib3r.lib(nfree.c)
004028f0       _nfree_
004028f0       free_
0040b748       ___MiniHeapFreeRover
Module: C:\trabajos\programas\openwatcom/lib386/nt\clib3r.lib(excptwnt.c)
00403060+      ___ReportException@4
004034b0       __DefaultExceptionHandler_
004034f0+      ___ExceptionFilter
00403700       __NewExceptionFilter_
00403730       __DoneExceptionFilter_
0040a3c8       ___oscode_check_func
0040a3cc       ___raise_func
0040b74c*      _sw
0040b750+      ___ExceptionHandled
0040b751+      ___ReportInvoked
Module: C:\trabajos\programas\openwatcom/lib386/nt\clib3r.lib(stklmwnt.c)
00403770       __init_stack_limits_
Module: C:\trabajos\programas\openwatcom/lib386/nt\clib3r.lib(initrtns.c)
004037f0       __InitRtns
00403840       __FiniRtns
Module: C:\trabajos\programas\openwatcom/lib386/nt\clib3r.lib(mbterm.c)
004038a0       _mbterm_
Module: C:\trabajos\programas\openwatcom/lib386/nt\clib3r.lib(mbsnextc.c)
004038e0       _mbsnextc_
Module: C:\trabajos\programas\openwatcom/lib386/nt\clib3r.lib(mbcupper.c)
00403920       _mbctoupper_
Module: C:\trabajos\programas\openwatcom/lib386/nt\clib3r.lib(mbsinc.c)
00403950       _mbsinc_
Module: C:\trabajos\programas\openwatcom/lib386/nt\clib3r.lib(spvp.c)
00403980       spawnvp_
Module: C:\trabajos\programas\openwatcom/lib386/nt\clib3r.lib(nmalloc.c)
00403990       _nmalloc_
00403990       malloc_
0040a3e4       ___nheapbeg
0040a3e8       ___MiniHeapRover
0040a3ec       ___LargestSizeB4MiniHeapRover
Module: C:\trabajos\programas\openwatcom/lib386/nt\clib3r.lib(fclose.c)
00403a90+      __doclose_
00403b30       __shutdown_stream_
00403b50*      fclose_
0040b754+      ___RmTmpFileFn
Module: C:\trabajos\programas\openwatcom/lib386/nt\clib3r.lib(freefp.c)
00403ba0       __freefp_
00403bf0       __purgefp_
Module: C:\trabajos\programas\openwatcom/lib386/nt\clib3r.lib(__lseek.c)
00403c20       __lseek_
Module: C:\trabajos\programas\openwatcom/lib386/nt\clib3r.lib(fsync.c)
00403c60       fsync_
Module: C:\trabajos\programas\openwatcom/lib386/nt\clib3r.lib(qwrit.c)
00403cb0       __qwrite_
Module: C:\trabajos\programas\openwatcom/lib386/nt\clib3r.lib(seterrno.c)
00403d90       __set_errno_
00403d9e*      __set_EDOM_
00403dac*      __set_ERANGE_
00403dba*      __set_EINVAL_
00403dcd       __set_doserrno_
Module: C:\trabajos\programas\openwatcom/lib386/nt\clib3r.lib(prtf.c)
00403de0       __prtf_
Module: C:\trabajos\programas\openwatcom/lib386/nt\clib3r.lib(mthrdini.c)
00404ab0       __InitThreadData_
0040a3f0       ___ThreadDataSize
Module: C:\trabajos\programas\openwatcom/lib386/nt\clib3r.lib(cmain386.c)
00404ae0       __CMain
Module: C:\trabajos\programas\openwatcom/lib386/nt\clib3r.lib(dosseg)
00001234       __DOSseg__
Module: C:\trabajos\programas\openwatcom/lib386/nt\clib3r.lib(nrealloc.c)
00404b20*      _nrealloc_
00404b20       realloc_
Module: C:\trabajos\programas\openwatcom/lib386/nt\clib3r.lib(iomode.c)
00404ba0       __GetIOMode_
00404bc0       __SetIOMode_nogrow_
0040a3f4       ___NFiles
0040a3f8       ___init_mode
0040a448       ___io_mode
Module: C:\trabajos\programas\openwatcom/lib386/nt\clib3r.lib(stiomode.c)
00404be0       __grow_iomode_
00404cb0+      __shrink_iomode_
00404cf0       __SetIOMode_
Module: C:\trabajos\programas\openwatcom/lib386/nt\clib3r.lib(setenvp.c)
00404d60       __setenvp_
00404e20       __freeenvp_
Module: C:\trabajos\programas\openwatcom/lib386/nt\clib3r.lib(ustrlen.c)
00404e6d       wcslen_
Module: C:\trabajos\programas\openwatcom/lib386/nt\clib3r.lib(memcpy.c)
00404e80       memcpy_
Module: C:\trabajos\programas\openwatcom/lib386/nt\clib3r.lib(mem.c)
00404ea0       __MemAllocator
00404f50       __MemFree
Module: C:\trabajos\programas\openwatcom/lib386/nt\clib3r.lib(fclex387.c)
00405090       _ClearFPE_
Module: C:\trabajos\programas\openwatcom/lib386/nt\clib3r.lib(signlwnt.c)
0040a44c+      __SignalTable
004050a0+      __SetSignalFunc_
004050f0+      __GetSignalFunc_
00405120+      __GetSignalOSCode_
00405150+      __CheckSignalExCode_
00405290+      __sigabort_
004052a0       __sigfpe_handler_
004052f0*      signal_
00405380+      raise_
004053f0+      __SigInit_
00405440+      __SigFini_
00405480+      __sig_init_
Module: C:\trabajos\programas\openwatcom/lib386/nt\clib3r.lib(mbisdbcs.c)
0040b760       ___IsDBCS
Module: C:\trabajos\programas\openwatcom/lib386/nt\clib3r.lib(mbislead.c)
004054a0*      _ismbblead_
0040b764       ___MBCSIsTable
Module: C:\trabajos\programas\openwatcom/lib386/nt\clib3r.lib(mbconv.c)
004054c0       _mbvtop_
Module: C:\trabajos\programas\openwatcom/lib386/nt\clib3r.lib(spvpe.c)
004054df       spawnvpe_
Module: C:\trabajos\programas\openwatcom/lib386/nt\clib3r.lib(nmemneed.c)
00405630       __nmemneed_
Module: C:\trabajos\programas\openwatcom/lib386/nt\clib3r.lib(grownear.c)
004057a0       __ExpandDGROUP_
Module: C:\trabajos\programas\openwatcom/lib386/nt\clib3r.lib(_clsewnt.c)
004057c0       __close_
Module: C:\trabajos\programas\openwatcom/lib386/nt\clib3r.lib(dosret.c)
00405820*      _dosretax_
00405830*      _dosret0_
00405840       __set_errno_dos_
00405870*      __set_errno_dos_reterr_
00405880       __set_errno_nt_
00405890*      __set_errno_nt_reterr_
Module: C:\trabajos\programas\openwatcom/lib386/nt\clib3r.lib(wctomb.c)
004058b0       wctomb_
Module: C:\trabajos\programas\openwatcom/lib386/nt\clib3r.lib(itoa.c)
004058f0+      utoa_
00405940       itoa_
Module: C:\trabajos\programas\openwatcom/lib386/nt\clib3r.lib(strupr.c)
00405970       strupr_
Module: C:\trabajos\programas\openwatcom/lib386/nt\clib3r.lib(noefgfmt.c)
0040a5bc       ___EFG_printf
0040a5c0*      ___EFG_scanf
Module: C:\trabajos\programas\openwatcom/lib386/nt\clib3r.lib(lltoa.c)
004059e0       ulltoa_
00405a50*      lltoa_
Module: C:\trabajos\programas\openwatcom/lib386/nt\clib3r.lib(ltoa.c)
00405a80       ultoa_
00405ad0*      ltoa_
Module: C:\trabajos\programas\openwatcom/lib386/nt\clib3r.lib(cinit.c)
00405b00       __CommonInit_
Module: C:\trabajos\programas\openwatcom/lib386/nt\clib3r.lib(___argc.c)
0040b868       ____Argc
0040b86c       ____Argv
Module: C:\trabajos\programas\openwatcom/lib386/nt\clib3r.lib(exit.c)
00405b10+      __null_int23_exit_
00405b11       exit_
00405b61*      _exit_
0040a5c4       ___int23_exit
0040a5c8+      ___FPE_handler_exit
Module: C:\trabajos\programas\openwatcom/lib386/nt\clib3r.lib(nmsize.c)
00405b80       _nmsize_
00405b80*      _msize_
Module: C:\trabajos\programas\openwatcom/lib386/nt\clib3r.lib(nexpand.c)
00405b90       _nexpand_
00405b90*      _expand_
00405bd0+      __HeapManager_expand_
Module: C:\trabajos\programas\openwatcom/lib386/nt\clib3r.lib(iomodtty.c)
00405d90       __ChkTTYIOMode_
00405dd0*      __IOMode_
Module: C:\trabajos\programas\openwatcom/lib386/nt\clib3r.lib(dofilstr.c)
00405e10       __ParsePosixHandleStr_
Module: C:\trabajos\programas\openwatcom/lib386/nt\clib3r.lib(clearenv.c)
00405f30       clearenv_
Module: C:\trabajos\programas\openwatcom/lib386/nt\clib3r.lib(abort.c)
00405fd5*      abort_
00405fe7       __terminate_
0040a5cc       ___abort
Module: C:\trabajos\programas\openwatcom/lib386/nt\clib3r.lib(mbinit.c)
00406033       __mbinit_
0040a5d0       ___MBCodePage
Module: C:\trabajos\programas\openwatcom/lib386/nt\clib3r.lib(spve.c)
00406180       spawnve_
Module: C:\trabajos\programas\openwatcom/lib386/nt\clib3r.lib(strchr.c)
004065b0       strchr_
Module: C:\trabajos\programas\openwatcom/lib386/nt\clib3r.lib(amblksiz.c)
0040a5d4       __amblksiz
Module: C:\trabajos\programas\openwatcom/lib386/nt\clib3r.lib(heapen.c)
004065d0*      _heapenable_
0040a5d8       ___heap_enabled
Module: C:\trabajos\programas\openwatcom/lib386/nt\clib3r.lib(nheapmin.c)
00406600       _nheapshrink_
00406600*      _nheapmin_
00406600*      _heapmin_
00406600*      _heapshrink_
Module: C:\trabajos\programas\openwatcom/lib386/nt\clib3r.lib(alphabet.c)
0040a0ac       ___Alphabet
Module: C:\trabajos\programas\openwatcom/lib386/nt\clib3r.lib(isattwnt.c)
004066f0       isatty_
Module: C:\trabajos\programas\openwatcom/lib386/nt\clib3r.lib(strncpy.c)
00406710       strncpy_
Module: C:\trabajos\programas\openwatcom/lib386/nt\clib3r.lib(strtol.c)
00406970*      strtoul_
00406980       strtol_
Module: C:\trabajos\programas\openwatcom/lib386/nt\clib3r.lib(putenv.c)
00406990       putenv_
00406c20       __putenv_
Module: C:\trabajos\programas\openwatcom/lib386/nt\clib3r.lib(accsswnt.c)
00406d90       access_
Module: C:\trabajos\programas\openwatcom/lib386/nt\clib3r.lib(exvewnt.c)
00406db4       execve_
Module: C:\trabajos\programas\openwatcom/lib386/nt\clib3r.lib(mkfilstr.c)
00406e10       __FormPosixHandleStr_
Module: C:\trabajos\programas\openwatcom/lib386/nt\clib3r.lib(cenvarg.c)
0040701f       __cenvarg_
00407133       __ccmdline_
Module: C:\trabajos\programas\openwatcom/lib386/nt\clib3r.lib(stackwnt.c)
00407190       stackavail_
Module: C:\trabajos\programas\openwatcom/lib386/nt\clib3r.lib(split2.c)
004071f0       _splitpath2_
Module: C:\trabajos\programas\openwatcom/lib386/nt\clib3r.lib(makepath.c)
00407360       _makepath_
Module: C:\trabajos\programas\openwatcom/lib386/nt\clib3r.lib(spl.c)
00407510       spawnl_
Module: C:\trabajos\programas\openwatcom/lib386/nt\clib3r.lib(dospnwnt.c)
00407530       _dospawn_
Module: C:\trabajos\programas\openwatcom/lib386/nt\clib3r.lib(strcpy.c)
00407680       strcpy_
Module: C:\trabajos\programas\openwatcom/lib386/nt\clib3r.lib(tolower.c)
004076b0       tolower_
Module: C:\trabajos\programas\openwatcom/lib386/nt\clib3r.lib(mbschr.c)
004076c0       _mbschr_
Module: C:\trabajos\programas\openwatcom/lib386/nt\clib3r.lib(mbslen.c)
00407720       _mbslen_
Module: C:\trabajos\programas\openwatcom/lib386/nt\clib3r.lib(mbstowcs.c)
00407750       mbstowcs_
Module: C:\trabajos\programas\openwatcom/lib386/nt\clib3r.lib(uputenv.c)
004077d0*      _wputenv_
004079f0       __wputenv_
Module: C:\trabajos\programas\openwatcom/lib386/nt\clib3r.lib(toupper.c)
00407af0       toupper_
Module: C:\trabajos\programas\openwatcom/lib386/nt\clib3r.lib(memmove.c)
00407b00       memmove_
Module: C:\trabajos\programas\openwatcom/lib386/nt\clib3r.lib(fgtattr.c)
00407b60       __fixed_GetFileAttributesA_
Module: C:\trabajos\programas\openwatcom/lib386/nt\clib3r.lib(oshdl.c)
00407c00*      _get_osfhandle_
00407c00       _os_handle_
Module: C:\trabajos\programas\openwatcom/lib386/nt\clib3r.lib(mbsnccnt.c)
00407c20       _mbsnccnt_
Module: C:\trabajos\programas\openwatcom/lib386/nt\clib3r.lib(mbsncpy.c)
00407c50       _mbsncpy_
Module: C:\trabajos\programas\openwatcom/lib386/nt\clib3r.lib(mbsnbcnt.c)
00407c70       _mbsnbcnt_
Module: C:\trabajos\programas\openwatcom/lib386/nt\clib3r.lib(mbclen.c)
00407ce0       _mbclen_
Module: C:\trabajos\programas\openwatcom/lib386/nt\clib3r.lib(mbsdec.c)
00407d10       _mbsdec_
Module: C:\trabajos\programas\openwatcom/lib386/nt\clib3r.lib(mbccmp.c)
00407d90       _mbccmp_
Module: C:\trabajos\programas\openwatcom/lib386/nt\clib3r.lib(mbtowc.c)
00407dd0       mbtowc_
Module: C:\trabajos\programas\openwatcom/lib386/nt\clib3r.lib(ustrchr.c)
00407e60       wcschr_
Module: C:\trabajos\programas\openwatcom/lib386/nt\clib3r.lib(setenvar.c)
00407e80       __lib_SetEnvironmentVariableW_
Module: C:\trabajos\programas\openwatcom/lib386/nt\clib3r.lib(crtwenv.c)
00407f70       __create_wide_environment_
Module: C:\trabajos\programas\openwatcom/lib386/nt\clib3r.lib(wcstombs.c)
00407fe0       wcstombs_
Module: C:\trabajos\programas\openwatcom/lib386/nt\clib3r.lib(utoupper.c)
0040807f       towupper_
Module: C:\trabajos\programas\openwatcom/lib386/nt\clib3r.lib(mbsnbcpy.c)
00408090       _mbsnbcpy_


                        +----------------------+
                        |   Imported Symbols   |
                        +----------------------+

Symbol                              Module
======                              ======

_GetStdHandle@4                     KERNEL32.DLL
_GetConsoleScreenBufferInfo@8       KERNEL32.DLL
_SetConsoleTextAttribute@8          KERNEL32.DLL
_SetConsoleCursorPosition@8         KERNEL32.DLL
_WriteConsoleOutputCharacterA@20    KERNEL32.DLL
_WriteConsoleOutputAttribute@20     KERNEL32.DLL
_WriteConsoleA@20                   KERNEL32.DLL
_ReadConsoleInputA@16               KERNEL32.DLL
_GetConsoleMode@8                   KERNEL32.DLL
_SetConsoleMode@8                   KERNEL32.DLL
_WriteFile@20                       KERNEL32.DLL
_GetEnvironmentStringsA@0           KERNEL32.DLL
_GetVersion@0                       KERNEL32.DLL
_GetModuleFileNameA@12              KERNEL32.DLL
_GetCommandLineA@0                  KERNEL32.DLL
_GetCommandLineW@0                  KERNEL32.DLL
_FreeEnvironmentStringsA@4          KERNEL32.DLL
_GetModuleHandleA@4                 KERNEL32.DLL
_ExitProcess@4                      KERNEL32.DLL
_CreateFileA@28                     KERNEL32.DLL
_SetStdHandle@8                     KERNEL32.DLL
_CreateEventA@16                    KERNEL32.DLL
_CloseHandle@4                      KERNEL32.DLL
_GetModuleFileNameW@12              KERNEL32.DLL
_MultiByteToWideChar@24             KERNEL32.DLL
_LoadLibraryA@4                     KERNEL32.DLL
_GetProcAddress@8                   KERNEL32.DLL
_SetUnhandledExceptionFilter@4      KERNEL32.DLL
_UnhandledExceptionFilter@4         KERNEL32.DLL
_VirtualQuery@12                    KERNEL32.DLL
_CharUpperA@4                       USER32.DLL
_SetFilePointer@16                  KERNEL32.DLL
_FlushFileBuffers@4                 KERNEL32.DLL
_GetLastError@0                     KERNEL32.DLL
_GetCurrentThreadId@0               KERNEL32.DLL
_SetConsoleCtrlHandler@8            KERNEL32.DLL
_VirtualAlloc@16                    KERNEL32.DLL
_WideCharToMultiByte@32             KERNEL32.DLL
_GetACP@0                           KERNEL32.DLL
_GetOEMCP@0                         KERNEL32.DLL
_GetCPInfo@8                        KERNEL32.DLL
_VirtualFree@12                     KERNEL32.DLL
_GetFileType@4                      KERNEL32.DLL
_SetEnvironmentVariableA@8          KERNEL32.DLL
_CreateProcessA@40                  KERNEL32.DLL
_Sleep@4                            KERNEL32.DLL
_GetExitCodeProcess@8               KERNEL32.DLL
_WaitForSingleObject@8              KERNEL32.DLL
_GetFileAttributesA@4               KERNEL32.DLL
_FindFirstFileA@8                   KERNEL32.DLL
_FindClose@4                        KERNEL32.DLL
_SetEnvironmentVariableW@8          KERNEL32.DLL


                        +--------------------+
                        |   Libraries Used   |
                        +--------------------+

C:\trabajos\programas\openwatcom/lib386/nt\kernel32.lib
C:\trabajos\programas\openwatcom/lib386/nt\user32.lib
C:\trabajos\programas\openwatcom/lib386/nt\clib3r.lib


                        +-----------------------+
                        |   Linker Statistics   |
                        +-----------------------+

Stack size:  00010000 (65536.)
Memory size:  00019088 (102536.)
Entry point address: 00401992
Link time: 00:00.31
