Open Watcom Linker Version 1.9
Portions Copyright (c) 1985-2002 Sybase, Inc. All Rights Reserved.
Created on:       26/06/21 18:06:48
Executable Image: shdos.exe
creating a Windows NT character-mode executable


                        +------------+
                        |   Groups   |
                        +------------+

Group                           Address              Size
=====                           =======              ====

.idata                          0040a000             00000604
DGROUP                          0040b000             00011eb0



                        +--------------+
                        |   Segments   |
                        +--------------+

Segment                Class          Group          Address         Size
=======                =====          =====          =======         ====

BEGTEXT                CODE           AUTO           00401000        00000007
_TEXT                  CODE           AUTO           00401010        00008d70
TRANSFER CODE          CODE           AUTO           00409d80        0000013e
.idata                 .idata         .idata         0040a000        00000604
_NULL                  BEGDATA        DGROUP         0040b000        00000004
_AFTERNULL             BEGDATA        DGROUP         0040b004        00000000
CONST                  DATA           DGROUP         0040b004        000002cc
CONST2                 DATA           DGROUP         0040b2d0        00000000
_DATA                  DATA           DGROUP         0040b2d0        0000059c
XIB                    DATA           DGROUP         0040b86c        00000000
XI                     DATA           DGROUP         0040b86c        00000024
XIE                    DATA           DGROUP         0040b890        00000000
YIB                    DATA           DGROUP         0040b890        00000000
YI                     DATA           DGROUP         0040b890        0000001e
YIE                    DATA           DGROUP         0040b8ae        00000000
TIB                    DATA           DGROUP         0040b8ae        00000000
TI                     DATA           DGROUP         0040b8ae        00000000
TIE                    DATA           DGROUP         0040b8ae        00000000
DATA                   DATA           DGROUP         0040b8ae        00000000
_BSS                   BSS            DGROUP         0040c000        00000ea4
STACK                  STACK          DGROUP         0040ceb0        00010000


                        +----------------+
                        |   Memory Map   |
                        +----------------+

* = unreferenced symbol
+ = symbol only referenced locally

Address        Symbol
=======        ======

Module: main.obj(C:\trabajos\programas\shdos\32bits\main.c)
00401010+      ver_
00401078+      getCmdWidth_
004010c3+      cls_
004010fd+      getOriginalCmdTextColor_
0040113b+      restoreCmdTextColor_
00401173+      setCursorPosition_
004011bb+      fill_line_
0040126c+      print_colored_text_
004012c8+      print_colored_text_xy_
00401371+      getDefaultCmdConfiguration_
00401437+      cmd_
00401b64+      showWelcome_
00401c71+      clearcmdbuffer_
00401cad+      getExePath_
00401d20+      getValueFromKey_
00401de1+      getCorrectValueToLoad_
00401eea       main_
0040b2d0+      _pos
0040b2d4+      _firsttime
0040c000+      _conf
0040c120+      _attr
0040c122+      _original_attr
0040c124+      _tmp
0040c126+      _currentpath
0040c225+      _value
0040c324+      _command
0040c423+      _buffer
0040c522+      _stmp
0040c621+      _line
Module: C:\trabajos\programas\openwatcom/lib386/nt\clib3r.lib(stk)
00401f25       __CHK
00401f35*      __STK
00401f54*      __STKOVERFLOW_
00401f64       __GRO
00401f84*      __alloca_probe
Module: C:\trabajos\programas\openwatcom/lib386/nt\clib3r.lib(snprintf.c)
00401fe0+      vsnprintf_
00402040       snprintf_
Module: C:\trabajos\programas\openwatcom/lib386/nt\clib3r.lib(iob.c)
0040b2e8       ___iob
0040b4f0       __fmode
0040c720       ___OpenStreams
0040c724       ___ClosedStreams
Module: C:\trabajos\programas\openwatcom/lib386/nt\clib3r.lib(fflush.c)
00402070       fflush_
Module: C:\trabajos\programas\openwatcom/lib386/nt\clib3r.lib(system.c)
004020b0       system_
Module: C:\trabajos\programas\openwatcom/lib386/nt\clib3r.lib(strlen.c)
00402130       strlen_
Module: C:\trabajos\programas\openwatcom/lib386/nt\clib3r.lib(memset.c)
00402150       memset_
Module: C:\trabajos\programas\openwatcom/lib386/nt\clib3r.lib(strncpy.c)
00402170       strncpy_
Module: C:\trabajos\programas\openwatcom/lib386/nt\clib3r.lib(strcat.c)
004021b0       strcat_
Module: C:\trabajos\programas\openwatcom/lib386/nt\clib3r.lib(fopen.c)
004021e0+      __open_flags_
004023f0+      _fsopen_
00402440       fopen_
004024d0*      freopen_
Module: C:\trabajos\programas\openwatcom/lib386/nt\clib3r.lib(fgets.c)
00402540       fgets_
Module: C:\trabajos\programas\openwatcom/lib386/nt\clib3r.lib(strcspn.c)
004025b0       strcspn_
Module: C:\trabajos\programas\openwatcom/lib386/nt\clib3r.lib(_istrncc.asm)
004025f8       strncasecmp_
Module: C:\trabajos\programas\openwatcom/lib386/nt\clib3r.lib(_istrcc_.asm)
00402600       strcasecmp_
Module: C:\trabajos\programas\openwatcom/lib386/nt\clib3r.lib(atoi.c)
00402610       atoi_
Module: C:\trabajos\programas\openwatcom/lib386/nt\clib3r.lib(strtol.c)
00402880*      strtoul_
00402890       strtol_
Module: C:\trabajos\programas\openwatcom/lib386/nt\clib3r.lib(fclose.c)
004028a0       __doclose_
00402940       __shutdown_stream_
00402960       fclose_
0040c728+      ___RmTmpFileFn
Module: C:\trabajos\programas\openwatcom/lib386/nt\clib3r.lib(printf.c)
004029b0       printf_
Module: C:\trabajos\programas\openwatcom/lib386/nt\clib3r.lib(fprintf.c)
004029e0       fprintf_
Module: C:\trabajos\programas\openwatcom/lib386/nt\clib3r.lib(getchwnt.c)
00402b10       getch_
Module: C:\trabajos\programas\openwatcom/lib386/nt\clib3r.lib(stricmp.c)
00402b80       stricmp_
Module: C:\trabajos\programas\openwatcom/lib386/nt\clib3r.lib(strrchr.c)
00402bc0       strrchr_
Module: C:\trabajos\programas\openwatcom/lib386/nt\clib3r.lib(strpbrk.c)
00402be0       strpbrk_
Module: C:\trabajos\programas\openwatcom/lib386/nt\clib3r.lib(strchr.c)
00402c30       strchr_
Module: C:\trabajos\programas\openwatcom/lib386/nt\clib3r.lib(cstrtwnt)
00402c4a       _cstart_
00402c4a*      mainCRTStartup
Module: C:\trabajos\programas\openwatcom/lib386/nt\clib3r.lib(argcv.c)
0040c738       __argc
0040c73c       __argv
0040c740       ___argv
0040c744       ___argc
Module: C:\trabajos\programas\openwatcom/lib386/nt\clib3r.lib(xmsgwnt.c)
00402cb0+      __exit_with_msg_
00402d10       __fatal_runtime_error_
Module: C:\trabajos\programas\openwatcom/lib386/nt\clib3r.lib(mainwnt.c)
0040b584*      ___TlsIndex
0040b588+      ___FirstThreadData
0040b58c       ___GetThreadPtr
0040b590       __AccessFileH
0040b594       __ReleaseFileH
0040b598       __AccessIOB
0040b59c       __ReleaseIOB
0040b5a0       __AccessNHeap
0040b5a4*      __AccessFHeap
0040b5a8       __ReleaseNHeap
00402d40*      __threadid_
00402d60+      __sig_null_rtn_
00402d70+      __NTInit_
00402f50+      __NTFini_
00402fb0       __NTMainInit_
00403010       __exit_
0040b5ac*      __ReleaseFHeap
0040b5b0*      __AccessTDList
0040b5b4*      __ReleaseTDList
0040b5b8       __AccessFList
0040b5bc       __ReleaseFList
0040b5c0+      __ThreadExitRtn
0040b5c4       ___sig_init_rtn
0040b5c8       ___sig_fini_rtn
0040b5cc       ___process_fini
0040c750       ___Is_DLL
Module: C:\trabajos\programas\openwatcom/lib386/nt\clib3r.lib(prtf.c)
00403060       __prtf_
Module: C:\trabajos\programas\openwatcom/lib386/nt\clib3r.lib(initfile.c)
00403d60       __InitFiles_
Module: C:\trabajos\programas\openwatcom/lib386/nt\clib3r.lib(ioexit.c)
00403e60*      fcloseall_
00403e70       __full_io_exit_
Module: C:\trabajos\programas\openwatcom/lib386/nt\clib3r.lib(flush.c)
00403e80       __flush_
Module: C:\trabajos\programas\openwatcom/lib386/nt\clib3r.lib(flushall.c)
00403f80       __flushall_
00403fc0       flushall_
Module: C:\trabajos\programas\openwatcom/lib386/nt\clib3r.lib(getenv.c)
00403fd0       getenv_
Module: C:\trabajos\programas\openwatcom/lib386/nt\clib3r.lib(fileinfo.c)
0040b5d0       __fileinfo
Module: C:\trabajos\programas\openwatcom/lib386/nt\clib3r.lib(_slashc.c)
00404060       __Slash_C_
Module: C:\trabajos\programas\openwatcom/lib386/nt\clib3r.lib(splp.c)
00404070       spawnlp_
Module: C:\trabajos\programas\openwatcom/lib386/nt\clib3r.lib(__stos)
00404090       __STOSB
004040c7*      __STOSD
Module: C:\trabajos\programas\openwatcom/lib386/nt\clib3r.lib(comtflag.c)
00404140*      __set_commode_
0040b5d4       __commode
Module: C:\trabajos\programas\openwatcom/lib386/nt\clib3r.lib(seterrno.c)
0040414b       __set_errno_
00404159*      __set_EDOM_
00404167*      __set_ERANGE_
00404175*      __set_EINVAL_
00404188       __set_doserrno_
Module: C:\trabajos\programas\openwatcom/lib386/nt\clib3r.lib(tolower.c)
004041a0       tolower_
Module: C:\trabajos\programas\openwatcom/lib386/nt\clib3r.lib(openwnt.c)
004043b0*      open_
004043d0       sopen_
Module: C:\trabajos\programas\openwatcom/lib386/nt\clib3r.lib(fseek.c)
00404450       fseek_
Module: C:\trabajos\programas\openwatcom/lib386/nt\clib3r.lib(chktty.c)
00404560       __chktty_
Module: C:\trabajos\programas\openwatcom/lib386/nt\clib3r.lib(freefp.c)
004045a0       __freefp_
004045f0       __purgefp_
Module: C:\trabajos\programas\openwatcom/lib386/nt\clib3r.lib(allocfp.c)
00404620       __allocfp_
Module: C:\trabajos\programas\openwatcom/lib386/nt\clib3r.lib(fgetc.c)
004046f0+      __fill_buffer_
004047f0       fgetc_
Module: C:\trabajos\programas\openwatcom/lib386/nt\clib3r.lib(setbits.c)
004048b0       __setbits_
Module: C:\trabajos\programas\openwatcom/lib386/nt\clib3r.lib(bits.c)
004048f0       __Bits
Module: C:\trabajos\programas\openwatcom/lib386/nt\clib3r.lib(strnicmp.c)
00404900       strnicmp_
Module: C:\trabajos\programas\openwatcom/lib386/nt\clib3r.lib(istable.c)
00404950       __IsTable
Module: C:\trabajos\programas\openwatcom/lib386/nt\clib3r.lib(__lseek.c)
00404a60       __lseek_
Module: C:\trabajos\programas\openwatcom/lib386/nt\clib3r.lib(_clsewnt.c)
00404aa0       __close_
Module: C:\trabajos\programas\openwatcom/lib386/nt\clib3r.lib(nfree.c)
00404b00       _nfree_
00404b00       free_
0040cd6c       ___MiniHeapFreeRover
Module: C:\trabajos\programas\openwatcom/lib386/nt\clib3r.lib(fprtf.c)
00404c30       __fprtf_
Module: C:\trabajos\programas\openwatcom/lib386/nt\clib3r.lib(conutwnt.c)
00404d00       __NTRealKey_
00404db0       __NTConsoleInput_
00404dc0       __NTConsoleOutput_
Module: C:\trabajos\programas\openwatcom/lib386/nt\clib3r.lib(crwdata)
0040b624       __osmajor
0040b625       __osminor
0040b626       __osbuild
0040b628       __osver
0040b62c       __winmajor
0040b630       __winminor
0040b634       __winver
0040b5f0       __LpDllName
0040b5f4       __LpwCmdLine
0040b5f8       __LpwPgmName
0040b5fc       __LpwDllName
0040b5e8       __LpCmdLine
0040b5ec       __LpPgmName
0040b5e0*      __dynend
0040b5e4       __curbrk
0040b600*      __STACKLOW
0040b604       __STACKTOP
0040b608       __ASTACKSIZ
0040b60c       __ASTACKPTR
0040b610       __cbyte
0040b614*      __cbyte2
0040b618*      __child
0040b61e       __Envptr
0040b622*      __Envseg
0040b61c*      __no87
0040b638       ___FPE_handler
Module: C:\trabajos\programas\openwatcom/lib386/nt\clib3r.lib(main2wnt.c)
00404dd0       __NTMain
Module: C:\trabajos\programas\openwatcom/lib386/nt\clib3r.lib(segdefns)
00401003       ___begtext
0040b000*      __nullarea
0040b86c       __Start_XI
0040b890       __End_XI
0040b890       __Start_YI
0040b8ae       __End_YI
Module: C:\trabajos\programas\openwatcom/lib386/nt\clib3r.lib(initargv.c)
00404e30       __Init_Argv_
00404e80+      _getargv_
00405020       __Fini_Argv_
Module: C:\trabajos\programas\openwatcom/lib386/nt\clib3r.lib(enterdb.c)
00405030       __EnterWVIDEO_
0040b63c+      ___WD_Present
Module: C:\trabajos\programas\openwatcom/lib386/nt\clib3r.lib(hdlman.c)
0040b640+      ___NHandles
0040b644+      ___OSHandles
0040b648+      ___FakeHandles
00405060+      __growPOSIXHandles_
00405100       __allocPOSIXHandle_
004051c0       __freePOSIXHandle_
004051e0       __getOSHandle_
004051f0       __setOSHandle_
00405240+      __NTGetFakeHandle_
004052b0       __initPOSIXHandles_
00405390*      __set_handles_
004053a0*      _grow_handles_
Module: C:\trabajos\programas\openwatcom/lib386/nt\clib3r.lib(environ.c)
0040cd74       ___env_mask
0040cd78       _environ
0040cd7c       __wenviron
Module: C:\trabajos\programas\openwatcom/lib386/nt\clib3r.lib(getmodfn.c)
004053e0       __lib_GetModuleFileNameW_
Module: C:\trabajos\programas\openwatcom/lib386/nt\clib3r.lib(strdup.c)
00405480       __clib_strdup_
Module: C:\trabajos\programas\openwatcom/lib386/nt\clib3r.lib(ustrdup.c)
004054c0       __clib_wcsdup_
Module: C:\trabajos\programas\openwatcom/lib386/nt\clib3r.lib(excptwnt.c)
00405b50+      ___ReportException@4
00405fa0       __DefaultExceptionHandler_
00405fe0+      ___ExceptionFilter
004061f0       __NewExceptionFilter_
00406220       __DoneExceptionFilter_
0040b654       ___oscode_check_func
0040b658       ___raise_func
0040cd80*      _sw
0040cd84+      ___ExceptionHandled
0040cd85+      ___ReportInvoked
Module: C:\trabajos\programas\openwatcom/lib386/nt\clib3r.lib(stklmwnt.c)
00406260       __init_stack_limits_
Module: C:\trabajos\programas\openwatcom/lib386/nt\clib3r.lib(initrtns.c)
004062e0       __InitRtns
00406330       __FiniRtns
Module: C:\trabajos\programas\openwatcom/lib386/nt\clib3r.lib(wctomb.c)
00406390       wctomb_
Module: C:\trabajos\programas\openwatcom/lib386/nt\clib3r.lib(itoa.c)
004063d0+      utoa_
00406420       itoa_
Module: C:\trabajos\programas\openwatcom/lib386/nt\clib3r.lib(strupr.c)
00406450       strupr_
Module: C:\trabajos\programas\openwatcom/lib386/nt\clib3r.lib(noefgfmt.c)
0040b670       ___EFG_printf
0040b674*      ___EFG_scanf
Module: C:\trabajos\programas\openwatcom/lib386/nt\clib3r.lib(lltoa.c)
004064c0       ulltoa_
00406530*      lltoa_
Module: C:\trabajos\programas\openwatcom/lib386/nt\clib3r.lib(ltoa.c)
00406560       ultoa_
004065b0*      ltoa_
Module: C:\trabajos\programas\openwatcom/lib386/nt\clib3r.lib(mbisdbcs.c)
0040cd88       ___IsDBCS
Module: C:\trabajos\programas\openwatcom/lib386/nt\clib3r.lib(mbislead.c)
004065e0*      _ismbblead_
0040cd8c       ___MBCSIsTable
Module: C:\trabajos\programas\openwatcom/lib386/nt\clib3r.lib(nmalloc.c)
00406600       _nmalloc_
00406600       malloc_
0040b678       ___nheapbeg
0040b67c       ___MiniHeapRover
0040b680       ___LargestSizeB4MiniHeapRover
Module: C:\trabajos\programas\openwatcom/lib386/nt\clib3r.lib(fsync.c)
00406700       fsync_
Module: C:\trabajos\programas\openwatcom/lib386/nt\clib3r.lib(qwrit.c)
00406750       __qwrite_
Module: C:\trabajos\programas\openwatcom/lib386/nt\clib3r.lib(mbterm.c)
00406830       _mbterm_
Module: C:\trabajos\programas\openwatcom/lib386/nt\clib3r.lib(mbsnextc.c)
00406870       _mbsnextc_
Module: C:\trabajos\programas\openwatcom/lib386/nt\clib3r.lib(mbcupper.c)
004068b0       _mbctoupper_
Module: C:\trabajos\programas\openwatcom/lib386/nt\clib3r.lib(mbsinc.c)
004068e0       _mbsinc_
Module: C:\trabajos\programas\openwatcom/lib386/nt\clib3r.lib(spvp.c)
00406910       spawnvp_
Module: C:\trabajos\programas\openwatcom/lib386/nt\clib3r.lib(ntfio.c)
00406920*      __GetNTCreateAttr_
00406960       __GetNTAccessAttr_
00406990       __GetNTShareAttr_
Module: C:\trabajos\programas\openwatcom/lib386/nt\clib3r.lib(umaskval.c)
0040b684       ___umaskval
Module: C:\trabajos\programas\openwatcom/lib386/nt\clib3r.lib(isattwnt.c)
004069f0       isatty_
Module: C:\trabajos\programas\openwatcom/lib386/nt\clib3r.lib(stiomode.c)
00406a10       __grow_iomode_
00406ae0+      __shrink_iomode_
00406b20       __SetIOMode_
Module: C:\trabajos\programas\openwatcom/lib386/nt\clib3r.lib(dosret.c)
00406b90*      _dosretax_
00406ba0*      _dosret0_
00406bb0       __set_errno_dos_
00406be0*      __set_errno_dos_reterr_
00406bf0       __set_errno_nt_
00406c00*      __set_errno_nt_reterr_
Module: C:\trabajos\programas\openwatcom/lib386/nt\clib3r.lib(lseek.c)
00406c20       lseek_
Module: C:\trabajos\programas\openwatcom/lib386/nt\clib3r.lib(tell.c)
00406c70       tell_
Module: C:\trabajos\programas\openwatcom/lib386/nt\clib3r.lib(gtchewnt.c)
00406c90       getche_
Module: C:\trabajos\programas\openwatcom/lib386/nt\clib3r.lib(ioalloc.c)
00406cc0       __ioalloc_
Module: C:\trabajos\programas\openwatcom/lib386/nt\clib3r.lib(qread.c)
00406d60       __qread_
Module: C:\trabajos\programas\openwatcom/lib386/nt\clib3r.lib(iomode.c)
00406dd0       __GetIOMode_
00406df0       __SetIOMode_nogrow_
0040b78c       ___NFiles
0040b790       ___init_mode
0040b7e0       ___io_mode
Module: C:\trabajos\programas\openwatcom/lib386/nt\clib3r.lib(mem.c)
00406e10       __MemAllocator
00406ec0       __MemFree
Module: C:\trabajos\programas\openwatcom/lib386/nt\clib3r.lib(fputc.c)
00407000       fputc_
Module: C:\trabajos\programas\openwatcom/lib386/nt\clib3r.lib(mthrdini.c)
004070e0       __InitThreadData_
0040b7e4       ___ThreadDataSize
Module: C:\trabajos\programas\openwatcom/lib386/nt\clib3r.lib(cmain386.c)
00407110       __CMain
Module: C:\trabajos\programas\openwatcom/lib386/nt\clib3r.lib(dosseg)
00001234       __DOSseg__
Module: C:\trabajos\programas\openwatcom/lib386/nt\clib3r.lib(histsplt.c)
0040ce94       ___historical_splitparms
Module: C:\trabajos\programas\openwatcom/lib386/nt\clib3r.lib(___argc.c)
0040ce98       ____Argc
0040ce9c       ____Argv
Module: C:\trabajos\programas\openwatcom/lib386/nt\clib3r.lib(nrealloc.c)
00407150*      _nrealloc_
00407150       realloc_
Module: C:\trabajos\programas\openwatcom/lib386/nt\clib3r.lib(setenvp.c)
004071d0       __setenvp_
00407290       __freeenvp_
Module: C:\trabajos\programas\openwatcom/lib386/nt\clib3r.lib(ustrlen.c)
004072dd       wcslen_
Module: C:\trabajos\programas\openwatcom/lib386/nt\clib3r.lib(memcpy.c)
004072f0       memcpy_
Module: C:\trabajos\programas\openwatcom/lib386/nt\clib3r.lib(fclex387.c)
00407310       _ClearFPE_
Module: C:\trabajos\programas\openwatcom/lib386/nt\clib3r.lib(signlwnt.c)
0040b7e8+      __SignalTable
00407320+      __SetSignalFunc_
00407370+      __GetSignalFunc_
004073a0+      __GetSignalOSCode_
004073d0+      __CheckSignalExCode_
00407510+      __sigabort_
00407520       __sigfpe_handler_
00407570*      signal_
00407600+      raise_
00407670+      __SigInit_
004076c0+      __SigFini_
00407700+      __sig_init_
Module: C:\trabajos\programas\openwatcom/lib386/nt\clib3r.lib(mbinit.c)
00407759       __mbinit_
0040b854       ___MBCodePage
Module: C:\trabajos\programas\openwatcom/lib386/nt\clib3r.lib(alphabet.c)
0040b2a8       ___Alphabet
Module: C:\trabajos\programas\openwatcom/lib386/nt\clib3r.lib(nmemneed.c)
00407850       __nmemneed_
Module: C:\trabajos\programas\openwatcom/lib386/nt\clib3r.lib(grownear.c)
004079c0       __ExpandDGROUP_
Module: C:\trabajos\programas\openwatcom/lib386/nt\clib3r.lib(mbconv.c)
004079e0       _mbvtop_
Module: C:\trabajos\programas\openwatcom/lib386/nt\clib3r.lib(spvpe.c)
004079ff       spawnvpe_
Module: C:\trabajos\programas\openwatcom/lib386/nt\clib3r.lib(iomodtty.c)
00407b50       __ChkTTYIOMode_
00407b90*      __IOMode_
Module: C:\trabajos\programas\openwatcom/lib386/nt\clib3r.lib(putchwnt.c)
00407bb0       putch_
Module: C:\trabajos\programas\openwatcom/lib386/nt\clib3r.lib(cinit.c)
00407c00       __CommonInit_
Module: C:\trabajos\programas\openwatcom/lib386/nt\clib3r.lib(exit.c)
00407c01+      __null_int23_exit_
00407c02       exit_
00407c52*      _exit_
0040b858       ___int23_exit
0040b85c+      ___FPE_handler_exit
Module: C:\trabajos\programas\openwatcom/lib386/nt\clib3r.lib(nmsize.c)
00407c70       _nmsize_
00407c70*      _msize_
Module: C:\trabajos\programas\openwatcom/lib386/nt\clib3r.lib(nexpand.c)
00407c80       _nexpand_
00407c80*      _expand_
00407cc0+      __HeapManager_expand_
Module: C:\trabajos\programas\openwatcom/lib386/nt\clib3r.lib(dofilstr.c)
00407ea0       __ParsePosixHandleStr_
Module: C:\trabajos\programas\openwatcom/lib386/nt\clib3r.lib(clearenv.c)
00407fc0       clearenv_
Module: C:\trabajos\programas\openwatcom/lib386/nt\clib3r.lib(abort.c)
00408065*      abort_
00408077       __terminate_
0040b860       ___abort
Module: C:\trabajos\programas\openwatcom/lib386/nt\clib3r.lib(amblksiz.c)
0040b864       __amblksiz
Module: C:\trabajos\programas\openwatcom/lib386/nt\clib3r.lib(heapen.c)
00408090*      _heapenable_
0040b868       ___heap_enabled
Module: C:\trabajos\programas\openwatcom/lib386/nt\clib3r.lib(nheapmin.c)
004080c0       _nheapshrink_
004080c0*      _nheapmin_
004080c0*      _heapmin_
004080c0*      _heapshrink_
Module: C:\trabajos\programas\openwatcom/lib386/nt\clib3r.lib(spve.c)
00408200       spawnve_
Module: C:\trabajos\programas\openwatcom/lib386/nt\clib3r.lib(putenv.c)
00408630       putenv_
004088c0       __putenv_
Module: C:\trabajos\programas\openwatcom/lib386/nt\clib3r.lib(accsswnt.c)
00408a30       access_
Module: C:\trabajos\programas\openwatcom/lib386/nt\clib3r.lib(exvewnt.c)
00408a54       execve_
Module: C:\trabajos\programas\openwatcom/lib386/nt\clib3r.lib(mkfilstr.c)
00408ab0       __FormPosixHandleStr_
Module: C:\trabajos\programas\openwatcom/lib386/nt\clib3r.lib(cenvarg.c)
00408cbf       __cenvarg_
00408dd3       __ccmdline_
Module: C:\trabajos\programas\openwatcom/lib386/nt\clib3r.lib(stackwnt.c)
00408e30       stackavail_
Module: C:\trabajos\programas\openwatcom/lib386/nt\clib3r.lib(split2.c)
00408e90       _splitpath2_
Module: C:\trabajos\programas\openwatcom/lib386/nt\clib3r.lib(makepath.c)
00409000       _makepath_
Module: C:\trabajos\programas\openwatcom/lib386/nt\clib3r.lib(spl.c)
004091b0       spawnl_
Module: C:\trabajos\programas\openwatcom/lib386/nt\clib3r.lib(dospnwnt.c)
004091d0       _dospawn_
Module: C:\trabajos\programas\openwatcom/lib386/nt\clib3r.lib(strcpy.c)
00409320       strcpy_
Module: C:\trabajos\programas\openwatcom/lib386/nt\clib3r.lib(mbschr.c)
00409350       _mbschr_
Module: C:\trabajos\programas\openwatcom/lib386/nt\clib3r.lib(mbslen.c)
004093b0       _mbslen_
Module: C:\trabajos\programas\openwatcom/lib386/nt\clib3r.lib(mbstowcs.c)
004093e0       mbstowcs_
Module: C:\trabajos\programas\openwatcom/lib386/nt\clib3r.lib(uputenv.c)
00409460*      _wputenv_
00409680       __wputenv_
Module: C:\trabajos\programas\openwatcom/lib386/nt\clib3r.lib(toupper.c)
00409780       toupper_
Module: C:\trabajos\programas\openwatcom/lib386/nt\clib3r.lib(memmove.c)
00409790       memmove_
Module: C:\trabajos\programas\openwatcom/lib386/nt\clib3r.lib(fgtattr.c)
004097f0       __fixed_GetFileAttributesA_
Module: C:\trabajos\programas\openwatcom/lib386/nt\clib3r.lib(oshdl.c)
00409890*      _get_osfhandle_
00409890       _os_handle_
Module: C:\trabajos\programas\openwatcom/lib386/nt\clib3r.lib(mbsnccnt.c)
004098b0       _mbsnccnt_
Module: C:\trabajos\programas\openwatcom/lib386/nt\clib3r.lib(mbsncpy.c)
004098e0       _mbsncpy_
Module: C:\trabajos\programas\openwatcom/lib386/nt\clib3r.lib(mbsnbcnt.c)
00409900       _mbsnbcnt_
Module: C:\trabajos\programas\openwatcom/lib386/nt\clib3r.lib(mbclen.c)
00409970       _mbclen_
Module: C:\trabajos\programas\openwatcom/lib386/nt\clib3r.lib(mbsdec.c)
004099a0       _mbsdec_
Module: C:\trabajos\programas\openwatcom/lib386/nt\clib3r.lib(mbccmp.c)
00409a20       _mbccmp_
Module: C:\trabajos\programas\openwatcom/lib386/nt\clib3r.lib(mbtowc.c)
00409a60       mbtowc_
Module: C:\trabajos\programas\openwatcom/lib386/nt\clib3r.lib(ustrchr.c)
00409af0       wcschr_
Module: C:\trabajos\programas\openwatcom/lib386/nt\clib3r.lib(setenvar.c)
00409b10       __lib_SetEnvironmentVariableW_
Module: C:\trabajos\programas\openwatcom/lib386/nt\clib3r.lib(crtwenv.c)
00409c00       __create_wide_environment_
Module: C:\trabajos\programas\openwatcom/lib386/nt\clib3r.lib(wcstombs.c)
00409c70       wcstombs_
Module: C:\trabajos\programas\openwatcom/lib386/nt\clib3r.lib(utoupper.c)
00409d0f       towupper_
Module: C:\trabajos\programas\openwatcom/lib386/nt\clib3r.lib(mbsnbcpy.c)
00409d20       _mbsnbcpy_


                        +----------------------+
                        |   Imported Symbols   |
                        +----------------------+

Symbol                              Module
======                              ======

_GetStdHandle@4                     KERNEL32.DLL
_GetConsoleScreenBufferInfo@8       KERNEL32.DLL
_SetConsoleTextAttribute@8          KERNEL32.DLL
_SetConsoleCursorPosition@8         KERNEL32.DLL
_WriteConsoleOutputCharacterA@20    KERNEL32.DLL
_WriteConsoleOutputAttribute@20     KERNEL32.DLL
_WriteConsoleA@20                   KERNEL32.DLL
_ReadConsoleInputA@16               KERNEL32.DLL
_GetConsoleMode@8                   KERNEL32.DLL
_SetConsoleMode@8                   KERNEL32.DLL
_WriteFile@20                       KERNEL32.DLL
_GetEnvironmentStringsA@0           KERNEL32.DLL
_GetVersion@0                       KERNEL32.DLL
_GetModuleFileNameA@12              KERNEL32.DLL
_GetCommandLineA@0                  KERNEL32.DLL
_GetCommandLineW@0                  KERNEL32.DLL
_FreeEnvironmentStringsA@4          KERNEL32.DLL
_GetModuleHandleA@4                 KERNEL32.DLL
_ExitProcess@4                      KERNEL32.DLL
_CreateFileA@28                     KERNEL32.DLL
_SetFilePointer@16                  KERNEL32.DLL
_CloseHandle@4                      KERNEL32.DLL
_SetStdHandle@8                     KERNEL32.DLL
_CreateEventA@16                    KERNEL32.DLL
_GetModuleFileNameW@12              KERNEL32.DLL
_MultiByteToWideChar@24             KERNEL32.DLL
_LoadLibraryA@4                     KERNEL32.DLL
_GetProcAddress@8                   KERNEL32.DLL
_SetUnhandledExceptionFilter@4      KERNEL32.DLL
_UnhandledExceptionFilter@4         KERNEL32.DLL
_VirtualQuery@12                    KERNEL32.DLL
_WideCharToMultiByte@32             KERNEL32.DLL
_FlushFileBuffers@4                 KERNEL32.DLL
_GetLastError@0                     KERNEL32.DLL
_CharUpperA@4                       USER32.DLL
_GetFileType@4                      KERNEL32.DLL
_ReadFile@20                        KERNEL32.DLL
_GetCurrentThreadId@0               KERNEL32.DLL
_SetConsoleCtrlHandler@8            KERNEL32.DLL
_GetACP@0                           KERNEL32.DLL
_GetOEMCP@0                         KERNEL32.DLL
_GetCPInfo@8                        KERNEL32.DLL
_VirtualAlloc@16                    KERNEL32.DLL
_VirtualFree@12                     KERNEL32.DLL
_SetEnvironmentVariableA@8          KERNEL32.DLL
_CreateProcessA@40                  KERNEL32.DLL
_Sleep@4                            KERNEL32.DLL
_GetExitCodeProcess@8               KERNEL32.DLL
_WaitForSingleObject@8              KERNEL32.DLL
_GetFileAttributesA@4               KERNEL32.DLL
_FindFirstFileA@8                   KERNEL32.DLL
_FindClose@4                        KERNEL32.DLL
_SetEnvironmentVariableW@8          KERNEL32.DLL


                        +--------------------+
                        |   Libraries Used   |
                        +--------------------+

C:\trabajos\programas\openwatcom/lib386/nt\kernel32.lib
C:\trabajos\programas\openwatcom/lib386/nt\user32.lib
C:\trabajos\programas\openwatcom/lib386/nt\clib3r.lib


                        +-----------------------+
                        |   Linker Statistics   |
                        +-----------------------+

Stack size:  00010000 (65536.)
Memory size:  0001b372 (111474.)
Entry point address: 00402c4a
Link time: 00:00.31
