Open Watcom Linker Version 1.9
Portions Copyright (c) 1985-2002 Sybase, Inc. All Rights Reserved.
Created on:       26/06/19 18:00:05
Executable Image: shdos.exe
creating a Windows NT character-mode executable


                        +------------+
                        |   Groups   |
                        +------------+

Group                           Address              Size
=====                           =======              ====

.idata                          00409000             000005f0
DGROUP                          0040a000             00011870



                        +--------------+
                        |   Segments   |
                        +--------------+

Segment                Class          Group          Address         Size
=======                =====          =====          =======         ====

BEGTEXT                CODE           AUTO           00401000        00000007
_TEXT                  CODE           AUTO           00401010        000071a0
TRANSFER CODE          CODE           AUTO           004081b0        00000138
.idata                 .idata         .idata         00409000        000005f0
_NULL                  BEGDATA        DGROUP         0040a000        00000004
_AFTERNULL             BEGDATA        DGROUP         0040a004        00000000
CONST                  DATA           DGROUP         0040a004        000000d0
CONST2                 DATA           DGROUP         0040a0d4        00000000
_DATA                  DATA           DGROUP         0040a0d4        00000594
XIB                    DATA           DGROUP         0040a668        00000000
XI                     DATA           DGROUP         0040a668        0000001e
XIE                    DATA           DGROUP         0040a686        00000000
YIB                    DATA           DGROUP         0040a686        00000000
YI                     DATA           DGROUP         0040a686        00000018
YIE                    DATA           DGROUP         0040a69e        00000000
TIB                    DATA           DGROUP         0040a69e        00000000
TI                     DATA           DGROUP         0040a69e        00000000
TIE                    DATA           DGROUP         0040a69e        00000000
DATA                   DATA           DGROUP         0040a69e        00000000
_BSS                   BSS            DGROUP         0040b000        00000870
STACK                  STACK          DGROUP         0040b870        00010000


                        +----------------+
                        |   Memory Map   |
                        +----------------+

* = unreferenced symbol
+ = symbol only referenced locally

Address        Symbol
=======        ======

Module: main.obj(C:\trabajos\programas\shdos\32bits\main.c)
00401010+      ver_
00401078+      getCmdWidth_
004010c3+      cls_
004010fd+      getOriginalCmdTextColor_
0040113b*      restoreCmdTextColor_
00401173+      setCursorPosition_
004011bb+      fill_line_
0040126c+      print_colored_text_
004012c8+      print_colored_text_xy_
00401371+      cmd_
0040151f+      showWelcome_
0040162c+      clearcmdbuffer_
00401668       main_
0040a0d4+      _pos
0040a0d8+      _firsttime
0040b000+      _attr
0040b002+      _original_attr
0040b004+      _command
Module: C:\trabajos\programas\openwatcom/lib386/nt\clib3r.lib(stk)
00401699       __CHK
004016a9*      __STK
004016c8*      __STKOVERFLOW_
004016d8       __GRO
004016f8*      __alloca_probe
Module: C:\trabajos\programas\openwatcom/lib386/nt\clib3r.lib(snprintf.c)
00401750+      vsnprintf_
004017b0       snprintf_
Module: C:\trabajos\programas\openwatcom/lib386/nt\clib3r.lib(iob.c)
0040a0ec       ___iob
0040a2f4*      __fmode
0040b104       ___OpenStreams
0040b108       ___ClosedStreams
Module: C:\trabajos\programas\openwatcom/lib386/nt\clib3r.lib(fflush.c)
004017e0       fflush_
Module: C:\trabajos\programas\openwatcom/lib386/nt\clib3r.lib(system.c)
00401820       system_
Module: C:\trabajos\programas\openwatcom/lib386/nt\clib3r.lib(strlen.c)
004018a0       strlen_
Module: C:\trabajos\programas\openwatcom/lib386/nt\clib3r.lib(memset.c)
004018c0       memset_
Module: C:\trabajos\programas\openwatcom/lib386/nt\clib3r.lib(getchwnt.c)
004019e0       getch_
Module: C:\trabajos\programas\openwatcom/lib386/nt\clib3r.lib(stricmp.c)
00401a50       stricmp_
Module: C:\trabajos\programas\openwatcom/lib386/nt\clib3r.lib(cstrtwnt)
00401a8c       _cstart_
00401a8c*      mainCRTStartup
Module: C:\trabajos\programas\openwatcom/lib386/nt\clib3r.lib(xmsgwnt.c)
00401af0+      __exit_with_msg_
00401b50       __fatal_runtime_error_
Module: C:\trabajos\programas\openwatcom/lib386/nt\clib3r.lib(mainwnt.c)
0040a2fc*      ___TlsIndex
0040a300+      ___FirstThreadData
0040a304       ___GetThreadPtr
0040a308       __AccessFileH
0040a30c       __ReleaseFileH
0040a310       __AccessIOB
0040a314       __ReleaseIOB
0040a318       __AccessNHeap
0040a31c*      __AccessFHeap
0040a320       __ReleaseNHeap
00401b80*      __threadid_
00401ba0+      __sig_null_rtn_
00401bb0+      __NTInit_
00401d90+      __NTFini_
00401df0       __NTMainInit_
00401e50       __exit_
0040a324*      __ReleaseFHeap
0040a328*      __AccessTDList
0040a32c*      __ReleaseTDList
0040a330       __AccessFList
0040a334       __ReleaseFList
0040a338+      __ThreadExitRtn
0040a33c       ___sig_init_rtn
0040a340       ___sig_fini_rtn
0040a344       ___process_fini
0040b120       ___Is_DLL
Module: C:\trabajos\programas\openwatcom/lib386/nt\clib3r.lib(prtf.c)
00401ea0       __prtf_
Module: C:\trabajos\programas\openwatcom/lib386/nt\clib3r.lib(initfile.c)
00402ba0       __InitFiles_
Module: C:\trabajos\programas\openwatcom/lib386/nt\clib3r.lib(ioexit.c)
00402ca0*      fcloseall_
00402cb0       __full_io_exit_
Module: C:\trabajos\programas\openwatcom/lib386/nt\clib3r.lib(flush.c)
00402cc0       __flush_
Module: C:\trabajos\programas\openwatcom/lib386/nt\clib3r.lib(flushall.c)
00402dc0*      __flushall_
00402e00       flushall_
Module: C:\trabajos\programas\openwatcom/lib386/nt\clib3r.lib(getenv.c)
00402e10       getenv_
Module: C:\trabajos\programas\openwatcom/lib386/nt\clib3r.lib(fileinfo.c)
0040a348       __fileinfo
Module: C:\trabajos\programas\openwatcom/lib386/nt\clib3r.lib(_slashc.c)
00402ea0       __Slash_C_
Module: C:\trabajos\programas\openwatcom/lib386/nt\clib3r.lib(splp.c)
00402eb0       spawnlp_
Module: C:\trabajos\programas\openwatcom/lib386/nt\clib3r.lib(__stos)
00402ed0       __STOSB
00402f07*      __STOSD
Module: C:\trabajos\programas\openwatcom/lib386/nt\clib3r.lib(conutwnt.c)
00402f90       __NTRealKey_
00403040       __NTConsoleInput_
00403050       __NTConsoleOutput_
Module: C:\trabajos\programas\openwatcom/lib386/nt\clib3r.lib(crwdata)
0040a398       __osmajor
0040a399       __osminor
0040a39a       __osbuild
0040a39c       __osver
0040a3a0       __winmajor
0040a3a4       __winminor
0040a3a8       __winver
0040a364       __LpDllName
0040a368       __LpwCmdLine
0040a36c       __LpwPgmName
0040a370       __LpwDllName
0040a35c       __LpCmdLine
0040a360       __LpPgmName
0040a354*      __dynend
0040a358       __curbrk
0040a374*      __STACKLOW
0040a378       __STACKTOP
0040a37c       __ASTACKSIZ
0040a380       __ASTACKPTR
0040a384       __cbyte
0040a388*      __cbyte2
0040a38c*      __child
0040a392       __Envptr
0040a396*      __Envseg
0040a390*      __no87
0040a3ac       ___FPE_handler
Module: C:\trabajos\programas\openwatcom/lib386/nt\clib3r.lib(main2wnt.c)
00403060       __NTMain
Module: C:\trabajos\programas\openwatcom/lib386/nt\clib3r.lib(segdefns)
00401003       ___begtext
0040a000*      __nullarea
0040a668       __Start_XI
0040a686       __End_XI
0040a686       __Start_YI
0040a69e       __End_YI
Module: C:\trabajos\programas\openwatcom/lib386/nt\clib3r.lib(enterdb.c)
004030c0       __EnterWVIDEO_
0040a3b0+      ___WD_Present
Module: C:\trabajos\programas\openwatcom/lib386/nt\clib3r.lib(hdlman.c)
0040a3b4+      ___NHandles
0040a3b8+      ___OSHandles
0040a3bc+      ___FakeHandles
004030f0+      __growPOSIXHandles_
00403190+      __allocPOSIXHandle_
00403250       __freePOSIXHandle_
00403270       __getOSHandle_
00403280       __setOSHandle_
004032d0+      __NTGetFakeHandle_
00403340       __initPOSIXHandles_
00403420*      __set_handles_
00403430*      _grow_handles_
Module: C:\trabajos\programas\openwatcom/lib386/nt\clib3r.lib(environ.c)
0040b73c       ___env_mask
0040b740       _environ
0040b744       __wenviron
Module: C:\trabajos\programas\openwatcom/lib386/nt\clib3r.lib(getmodfn.c)
00403470       __lib_GetModuleFileNameW_
Module: C:\trabajos\programas\openwatcom/lib386/nt\clib3r.lib(strdup.c)
00403510       __clib_strdup_
Module: C:\trabajos\programas\openwatcom/lib386/nt\clib3r.lib(istable.c)
00403550       __IsTable
Module: C:\trabajos\programas\openwatcom/lib386/nt\clib3r.lib(ustrdup.c)
00403651       __clib_wcsdup_
Module: C:\trabajos\programas\openwatcom/lib386/nt\clib3r.lib(nfree.c)
00403680       _nfree_
00403680       free_
0040b748       ___MiniHeapFreeRover
Module: C:\trabajos\programas\openwatcom/lib386/nt\clib3r.lib(excptwnt.c)
00403df0+      ___ReportException@4
00404240       __DefaultExceptionHandler_
00404280+      ___ExceptionFilter
00404490       __NewExceptionFilter_
004044c0       __DoneExceptionFilter_
0040a3c8       ___oscode_check_func
0040a3cc       ___raise_func
0040b74c*      _sw
0040b750+      ___ExceptionHandled
0040b751+      ___ReportInvoked
Module: C:\trabajos\programas\openwatcom/lib386/nt\clib3r.lib(stklmwnt.c)
00404500       __init_stack_limits_
Module: C:\trabajos\programas\openwatcom/lib386/nt\clib3r.lib(initrtns.c)
00404580       __InitRtns
004045d0       __FiniRtns
Module: C:\trabajos\programas\openwatcom/lib386/nt\clib3r.lib(wctomb.c)
00404630       wctomb_
Module: C:\trabajos\programas\openwatcom/lib386/nt\clib3r.lib(itoa.c)
00404670+      utoa_
004046c0       itoa_
Module: C:\trabajos\programas\openwatcom/lib386/nt\clib3r.lib(strupr.c)
004046f0       strupr_
Module: C:\trabajos\programas\openwatcom/lib386/nt\clib3r.lib(noefgfmt.c)
0040a3e4       ___EFG_printf
0040a3e8*      ___EFG_scanf
Module: C:\trabajos\programas\openwatcom/lib386/nt\clib3r.lib(lltoa.c)
00404760       ulltoa_
004047d0*      lltoa_
Module: C:\trabajos\programas\openwatcom/lib386/nt\clib3r.lib(ltoa.c)
00404800       ultoa_
00404850*      ltoa_
Module: C:\trabajos\programas\openwatcom/lib386/nt\clib3r.lib(mbisdbcs.c)
0040b754       ___IsDBCS
Module: C:\trabajos\programas\openwatcom/lib386/nt\clib3r.lib(mbislead.c)
00404880*      _ismbblead_
0040b758       ___MBCSIsTable
Module: C:\trabajos\programas\openwatcom/lib386/nt\clib3r.lib(nmalloc.c)
004048a0       _nmalloc_
004048a0       malloc_
0040a3ec       ___nheapbeg
0040a3f0       ___MiniHeapRover
0040a3f4       ___LargestSizeB4MiniHeapRover
Module: C:\trabajos\programas\openwatcom/lib386/nt\clib3r.lib(fclose.c)
004049a0+      __doclose_
00404a40       __shutdown_stream_
00404a60*      fclose_
0040b85c+      ___RmTmpFileFn
Module: C:\trabajos\programas\openwatcom/lib386/nt\clib3r.lib(freefp.c)
00404ab0       __freefp_
00404b00       __purgefp_
Module: C:\trabajos\programas\openwatcom/lib386/nt\clib3r.lib(__lseek.c)
00404b30       __lseek_
Module: C:\trabajos\programas\openwatcom/lib386/nt\clib3r.lib(fsync.c)
00404b70       fsync_
Module: C:\trabajos\programas\openwatcom/lib386/nt\clib3r.lib(qwrit.c)
00404bc0       __qwrite_
Module: C:\trabajos\programas\openwatcom/lib386/nt\clib3r.lib(seterrno.c)
00404ca0       __set_errno_
00404cae*      __set_EDOM_
00404cbc*      __set_ERANGE_
00404cca*      __set_EINVAL_
00404cdd       __set_doserrno_
Module: C:\trabajos\programas\openwatcom/lib386/nt\clib3r.lib(mbterm.c)
00404cf0       _mbterm_
Module: C:\trabajos\programas\openwatcom/lib386/nt\clib3r.lib(mbsnextc.c)
00404d30       _mbsnextc_
Module: C:\trabajos\programas\openwatcom/lib386/nt\clib3r.lib(mbcupper.c)
00404d70       _mbctoupper_
Module: C:\trabajos\programas\openwatcom/lib386/nt\clib3r.lib(mbsinc.c)
00404da0       _mbsinc_
Module: C:\trabajos\programas\openwatcom/lib386/nt\clib3r.lib(spvp.c)
00404dd0       spawnvp_
Module: C:\trabajos\programas\openwatcom/lib386/nt\clib3r.lib(mthrdini.c)
00404de0       __InitThreadData_
0040a3f8       ___ThreadDataSize
Module: C:\trabajos\programas\openwatcom/lib386/nt\clib3r.lib(cmain386.c)
00404e10       __CMain
Module: C:\trabajos\programas\openwatcom/lib386/nt\clib3r.lib(dosseg)
00001234       __DOSseg__
Module: C:\trabajos\programas\openwatcom/lib386/nt\clib3r.lib(nrealloc.c)
00404e50*      _nrealloc_
00404e50       realloc_
Module: C:\trabajos\programas\openwatcom/lib386/nt\clib3r.lib(iomode.c)
00404ed0       __GetIOMode_
00404ef0       __SetIOMode_nogrow_
0040a3fc       ___NFiles
0040a400       ___init_mode
0040a450       ___io_mode
Module: C:\trabajos\programas\openwatcom/lib386/nt\clib3r.lib(stiomode.c)
00404f10       __grow_iomode_
00404fe0+      __shrink_iomode_
00405020       __SetIOMode_
Module: C:\trabajos\programas\openwatcom/lib386/nt\clib3r.lib(setenvp.c)
00405090       __setenvp_
00405150       __freeenvp_
Module: C:\trabajos\programas\openwatcom/lib386/nt\clib3r.lib(ustrlen.c)
0040519d       wcslen_
Module: C:\trabajos\programas\openwatcom/lib386/nt\clib3r.lib(memcpy.c)
004051b0       memcpy_
Module: C:\trabajos\programas\openwatcom/lib386/nt\clib3r.lib(mem.c)
004051d0       __MemAllocator
00405280       __MemFree
Module: C:\trabajos\programas\openwatcom/lib386/nt\clib3r.lib(fclex387.c)
004053c0       _ClearFPE_
Module: C:\trabajos\programas\openwatcom/lib386/nt\clib3r.lib(signlwnt.c)
0040a454+      __SignalTable
004053d0+      __SetSignalFunc_
00405420+      __GetSignalFunc_
00405450+      __GetSignalOSCode_
00405480+      __CheckSignalExCode_
004055c0+      __sigabort_
004055d0       __sigfpe_handler_
00405620*      signal_
004056b0+      raise_
00405720+      __SigInit_
00405770+      __SigFini_
004057b0+      __sig_init_
Module: C:\trabajos\programas\openwatcom/lib386/nt\clib3r.lib(mbinit.c)
00405809       __mbinit_
0040a4c0       ___MBCodePage
Module: C:\trabajos\programas\openwatcom/lib386/nt\clib3r.lib(alphabet.c)
0040a0ac       ___Alphabet
Module: C:\trabajos\programas\openwatcom/lib386/nt\clib3r.lib(nmemneed.c)
00405900       __nmemneed_
Module: C:\trabajos\programas\openwatcom/lib386/nt\clib3r.lib(grownear.c)
00405a70       __ExpandDGROUP_
Module: C:\trabajos\programas\openwatcom/lib386/nt\clib3r.lib(_clsewnt.c)
00405a90       __close_
Module: C:\trabajos\programas\openwatcom/lib386/nt\clib3r.lib(dosret.c)
00405af0*      _dosretax_
00405b00*      _dosret0_
00405b10       __set_errno_dos_
00405b40*      __set_errno_dos_reterr_
00405b50       __set_errno_nt_
00405b60*      __set_errno_nt_reterr_
Module: C:\trabajos\programas\openwatcom/lib386/nt\clib3r.lib(mbconv.c)
00405b80       _mbvtop_
Module: C:\trabajos\programas\openwatcom/lib386/nt\clib3r.lib(spvpe.c)
00405b9f       spawnvpe_
Module: C:\trabajos\programas\openwatcom/lib386/nt\clib3r.lib(cinit.c)
00405cf0       __CommonInit_
Module: C:\trabajos\programas\openwatcom/lib386/nt\clib3r.lib(___argc.c)
0040b868       ____Argc
0040b86c       ____Argv
Module: C:\trabajos\programas\openwatcom/lib386/nt\clib3r.lib(exit.c)
00405d00+      __null_int23_exit_
00405d01       exit_
00405d51*      _exit_
0040a5c8       ___int23_exit
0040a5cc+      ___FPE_handler_exit
Module: C:\trabajos\programas\openwatcom/lib386/nt\clib3r.lib(nmsize.c)
00405d70       _nmsize_
00405d70*      _msize_
Module: C:\trabajos\programas\openwatcom/lib386/nt\clib3r.lib(nexpand.c)
00405d80       _nexpand_
00405d80*      _expand_
00405dc0+      __HeapManager_expand_
Module: C:\trabajos\programas\openwatcom/lib386/nt\clib3r.lib(iomodtty.c)
00405f80       __ChkTTYIOMode_
00405fc0*      __IOMode_
Module: C:\trabajos\programas\openwatcom/lib386/nt\clib3r.lib(dofilstr.c)
00406000       __ParsePosixHandleStr_
Module: C:\trabajos\programas\openwatcom/lib386/nt\clib3r.lib(clearenv.c)
00406120       clearenv_
Module: C:\trabajos\programas\openwatcom/lib386/nt\clib3r.lib(abort.c)
004061c5*      abort_
004061d7       __terminate_
0040a5d0       ___abort
Module: C:\trabajos\programas\openwatcom/lib386/nt\clib3r.lib(amblksiz.c)
0040a5d4       __amblksiz
Module: C:\trabajos\programas\openwatcom/lib386/nt\clib3r.lib(heapen.c)
004061f0*      _heapenable_
0040a5d8       ___heap_enabled
Module: C:\trabajos\programas\openwatcom/lib386/nt\clib3r.lib(nheapmin.c)
00406220       _nheapshrink_
00406220*      _nheapmin_
00406220*      _heapmin_
00406220*      _heapshrink_
Module: C:\trabajos\programas\openwatcom/lib386/nt\clib3r.lib(spve.c)
00406360       spawnve_
Module: C:\trabajos\programas\openwatcom/lib386/nt\clib3r.lib(strchr.c)
00406790       strchr_
Module: C:\trabajos\programas\openwatcom/lib386/nt\clib3r.lib(isattwnt.c)
004067b0       isatty_
Module: C:\trabajos\programas\openwatcom/lib386/nt\clib3r.lib(strncpy.c)
004067d0       strncpy_
Module: C:\trabajos\programas\openwatcom/lib386/nt\clib3r.lib(strtol.c)
00406a30*      strtoul_
00406a40       strtol_
Module: C:\trabajos\programas\openwatcom/lib386/nt\clib3r.lib(putenv.c)
00406a50       putenv_
00406ce0       __putenv_
Module: C:\trabajos\programas\openwatcom/lib386/nt\clib3r.lib(accsswnt.c)
00406e50       access_
Module: C:\trabajos\programas\openwatcom/lib386/nt\clib3r.lib(exvewnt.c)
00406e74       execve_
Module: C:\trabajos\programas\openwatcom/lib386/nt\clib3r.lib(mkfilstr.c)
00406ed0       __FormPosixHandleStr_
Module: C:\trabajos\programas\openwatcom/lib386/nt\clib3r.lib(cenvarg.c)
004070df       __cenvarg_
004071f3       __ccmdline_
Module: C:\trabajos\programas\openwatcom/lib386/nt\clib3r.lib(stackwnt.c)
00407250       stackavail_
Module: C:\trabajos\programas\openwatcom/lib386/nt\clib3r.lib(split2.c)
004072b0       _splitpath2_
Module: C:\trabajos\programas\openwatcom/lib386/nt\clib3r.lib(makepath.c)
00407420       _makepath_
Module: C:\trabajos\programas\openwatcom/lib386/nt\clib3r.lib(spl.c)
004075d0       spawnl_
Module: C:\trabajos\programas\openwatcom/lib386/nt\clib3r.lib(dospnwnt.c)
004075f0       _dospawn_
Module: C:\trabajos\programas\openwatcom/lib386/nt\clib3r.lib(strcpy.c)
00407740       strcpy_
Module: C:\trabajos\programas\openwatcom/lib386/nt\clib3r.lib(tolower.c)
00407770       tolower_
Module: C:\trabajos\programas\openwatcom/lib386/nt\clib3r.lib(mbschr.c)
00407780       _mbschr_
Module: C:\trabajos\programas\openwatcom/lib386/nt\clib3r.lib(mbslen.c)
004077e0       _mbslen_
Module: C:\trabajos\programas\openwatcom/lib386/nt\clib3r.lib(mbstowcs.c)
00407810       mbstowcs_
Module: C:\trabajos\programas\openwatcom/lib386/nt\clib3r.lib(uputenv.c)
00407890*      _wputenv_
00407ab0       __wputenv_
Module: C:\trabajos\programas\openwatcom/lib386/nt\clib3r.lib(toupper.c)
00407bb0       toupper_
Module: C:\trabajos\programas\openwatcom/lib386/nt\clib3r.lib(memmove.c)
00407bc0       memmove_
Module: C:\trabajos\programas\openwatcom/lib386/nt\clib3r.lib(fgtattr.c)
00407c20       __fixed_GetFileAttributesA_
Module: C:\trabajos\programas\openwatcom/lib386/nt\clib3r.lib(oshdl.c)
00407cc0*      _get_osfhandle_
00407cc0       _os_handle_
Module: C:\trabajos\programas\openwatcom/lib386/nt\clib3r.lib(mbsnccnt.c)
00407ce0       _mbsnccnt_
Module: C:\trabajos\programas\openwatcom/lib386/nt\clib3r.lib(mbsncpy.c)
00407d10       _mbsncpy_
Module: C:\trabajos\programas\openwatcom/lib386/nt\clib3r.lib(mbsnbcnt.c)
00407d30       _mbsnbcnt_
Module: C:\trabajos\programas\openwatcom/lib386/nt\clib3r.lib(mbclen.c)
00407da0       _mbclen_
Module: C:\trabajos\programas\openwatcom/lib386/nt\clib3r.lib(mbsdec.c)
00407dd0       _mbsdec_
Module: C:\trabajos\programas\openwatcom/lib386/nt\clib3r.lib(mbccmp.c)
00407e50       _mbccmp_
Module: C:\trabajos\programas\openwatcom/lib386/nt\clib3r.lib(mbtowc.c)
00407e90       mbtowc_
Module: C:\trabajos\programas\openwatcom/lib386/nt\clib3r.lib(ustrchr.c)
00407f20       wcschr_
Module: C:\trabajos\programas\openwatcom/lib386/nt\clib3r.lib(setenvar.c)
00407f40       __lib_SetEnvironmentVariableW_
Module: C:\trabajos\programas\openwatcom/lib386/nt\clib3r.lib(crtwenv.c)
00408030       __create_wide_environment_
Module: C:\trabajos\programas\openwatcom/lib386/nt\clib3r.lib(wcstombs.c)
004080a0       wcstombs_
Module: C:\trabajos\programas\openwatcom/lib386/nt\clib3r.lib(utoupper.c)
0040813f       towupper_
Module: C:\trabajos\programas\openwatcom/lib386/nt\clib3r.lib(mbsnbcpy.c)
00408150       _mbsnbcpy_


                        +----------------------+
                        |   Imported Symbols   |
                        +----------------------+

Symbol                              Module
======                              ======

_GetStdHandle@4                     KERNEL32.DLL
_GetConsoleScreenBufferInfo@8       KERNEL32.DLL
_SetConsoleTextAttribute@8          KERNEL32.DLL
_SetConsoleCursorPosition@8         KERNEL32.DLL
_WriteConsoleOutputCharacterA@20    KERNEL32.DLL
_WriteConsoleOutputAttribute@20     KERNEL32.DLL
_WriteConsoleA@20                   KERNEL32.DLL
_ReadConsoleInputA@16               KERNEL32.DLL
_GetConsoleMode@8                   KERNEL32.DLL
_SetConsoleMode@8                   KERNEL32.DLL
_WriteFile@20                       KERNEL32.DLL
_GetEnvironmentStringsA@0           KERNEL32.DLL
_GetVersion@0                       KERNEL32.DLL
_GetModuleFileNameA@12              KERNEL32.DLL
_GetCommandLineA@0                  KERNEL32.DLL
_GetCommandLineW@0                  KERNEL32.DLL
_FreeEnvironmentStringsA@4          KERNEL32.DLL
_GetModuleHandleA@4                 KERNEL32.DLL
_ExitProcess@4                      KERNEL32.DLL
_CreateFileA@28                     KERNEL32.DLL
_SetStdHandle@8                     KERNEL32.DLL
_CreateEventA@16                    KERNEL32.DLL
_CloseHandle@4                      KERNEL32.DLL
_GetModuleFileNameW@12              KERNEL32.DLL
_MultiByteToWideChar@24             KERNEL32.DLL
_LoadLibraryA@4                     KERNEL32.DLL
_GetProcAddress@8                   KERNEL32.DLL
_SetUnhandledExceptionFilter@4      KERNEL32.DLL
_UnhandledExceptionFilter@4         KERNEL32.DLL
_VirtualQuery@12                    KERNEL32.DLL
_WideCharToMultiByte@32             KERNEL32.DLL
_SetFilePointer@16                  KERNEL32.DLL
_FlushFileBuffers@4                 KERNEL32.DLL
_GetLastError@0                     KERNEL32.DLL
_CharUpperA@4                       USER32.DLL
_GetCurrentThreadId@0               KERNEL32.DLL
_SetConsoleCtrlHandler@8            KERNEL32.DLL
_GetACP@0                           KERNEL32.DLL
_GetOEMCP@0                         KERNEL32.DLL
_GetCPInfo@8                        KERNEL32.DLL
_VirtualAlloc@16                    KERNEL32.DLL
_VirtualFree@12                     KERNEL32.DLL
_GetFileType@4                      KERNEL32.DLL
_SetEnvironmentVariableA@8          KERNEL32.DLL
_CreateProcessA@40                  KERNEL32.DLL
_Sleep@4                            KERNEL32.DLL
_GetExitCodeProcess@8               KERNEL32.DLL
_WaitForSingleObject@8              KERNEL32.DLL
_GetFileAttributesA@4               KERNEL32.DLL
_FindFirstFileA@8                   KERNEL32.DLL
_FindClose@4                        KERNEL32.DLL
_SetEnvironmentVariableW@8          KERNEL32.DLL


                        +--------------------+
                        |   Libraries Used   |
                        +--------------------+

C:\trabajos\programas\openwatcom/lib386/nt\kernel32.lib
C:\trabajos\programas\openwatcom/lib386/nt\user32.lib
C:\trabajos\programas\openwatcom/lib386/nt\clib3r.lib


                        +-----------------------+
                        |   Linker Statistics   |
                        +-----------------------+

Stack size:  00010000 (65536.)
Memory size:  00019148 (102728.)
Entry point address: 00401a8c
Link time: 00:00.15
