Open Watcom Linker Version 1.9
Portions Copyright (c) 1985-2002 Sybase, Inc. All Rights Reserved.
Created on:       26/07/01 10:48:48
Executable Image: shdos.exe
creating a DOS executable


                        +------------+
                        |   Groups   |
                        +------------+

Group                           Address              Size
=====                           =======              ====

DGROUP                          07ff:0000            00002970



                        +--------------+
                        |   Segments   |
                        +--------------+

Segment                Class          Group          Address         Size
=======                =====          =====          =======         ====

main_TEXT              CODE           AUTO           0000:0000       00001fb4
_TEXT                  CODE           AUTO           0000:1fc0       0000602f
FAR_DATA               FAR_DATA       AUTO           07fe:000f       00000000
_NULL                  BEGDATA        DGROUP         07ff:0000       00000020
_AFTERNULL             BEGDATA        DGROUP         0801:0000       00000002
CONST                  DATA           DGROUP         0801:0002       000004f0
CONST2                 DATA           DGROUP         0850:0002       0000010a
_DATA                  DATA           DGROUP         0860:000c       000002e4
XIB                    DATA           DGROUP         088f:0000       00000000
XI                     DATA           DGROUP         088f:0000       00000024
XIE                    DATA           DGROUP         0891:0004       00000000
YIB                    DATA           DGROUP         0891:0004       00000000
YI                     DATA           DGROUP         0891:0004       00000018
YIE                    DATA           DGROUP         0892:000c       00000000
STRINGS                DATA           DGROUP         0892:000c       00000000
DATA                   DATA           DGROUP         0892:000c       00000000
_BSS                   BSS            DGROUP         0892:000c       00001826
STACK                  STACK          DGROUP         0a16:0000       00000800


                        +----------------+
                        |   Memory Map   |
                        +----------------+

* = unreferenced symbol
+ = symbol only referenced locally

Address        Symbol
=======        ======

Module: main.obj(C:\trabajos\programas\shdos\pr16bits\main.c)
07ff:061c+     _cursor_x
07ff:061e+     _cursor_y
0000:0000+     getWidth_
0000:0032+     getOriginalCmdTextColor_
0000:0057+     restoreCmdTextColor_
0000:00a3+     setCursorPosition_
0000:0108+     fill_line_
0000:016a+     print_colored_char_
0000:0211+     print_colored_text_
0000:0256+     print_colored_text_xy_
0000:02c6+     setPromptBuffer_
0000:036c+     drawPrompt_
0000:03c4+     getOSBits_
0000:03e9+     executeCommand_
0000:0934+     isExecutable_
0000:09e6+     commandNotFound_
0000:0a8d+     invalidExecutable_
0000:0aed+     unsupportedComFile_
0000:0b4d+     cls_
0000:0ba7+     ver_
0000:0c20+     cmd_
0000:198a+     trim_
0000:1a6a+     showWelcome_
0000:1bbb+     clearcmdbuffer_
0000:1bf2+     getExePath_
0000:1c85+     getValueFromKey_
0000:1d85+     getCorrectValueToLoad_
0000:1ece+     getDefaultConfiguration_
0000:1f7c      main_
07ff:0624+     _pos
07ff:0626+     _firsttime
07ff:093c+     _value
07ff:097e+     _conf
07ff:09d0+     _stmp
07ff:0a12+     _line
07ff:0a54+     _smallbuffer
07ff:0a96+     _tmp
07ff:0a98+     _attr
07ff:0a9a+     _original_attr
07ff:0a9c+     _command
07ff:0b9d+     _currentpath
07ff:0f84+     _prompt
07ff:136b+     _confpath
07ff:1752+     _shellpath
07ff:1b39+     _mediumbuffer
07ff:1c3a+     _largebuffer
07ff:2021+     _separator
Module: C:\trabajos\programas\openwatcom/lib286/dos\clibl.lib(stk)
0000:1fc5      __STK
0000:1fe5*     __STKOVERFLOW_
Module: C:\trabajos\programas\openwatcom/lib286/dos\clibl.lib(snprintf.c)
0000:2039+     vsnprintf_
0000:20bd      snprintf_
Module: C:\trabajos\programas\openwatcom/lib286/dos\clibl.lib(intx086.c)
0000:20ec+     int86x_
0000:2185      int86_
Module: C:\trabajos\programas\openwatcom/lib286/dos\clibl.lib(memset.c)
0000:21b2      memset_
Module: C:\trabajos\programas\openwatcom/lib286/dos\clibl.lib(strncpy.c)
0000:21c9      strncpy_
Module: C:\trabajos\programas\openwatcom/lib286/dos\clibl.lib(strlen.c)
0000:2205      strlen_
Module: C:\trabajos\programas\openwatcom/lib286/dos\clibl.lib(strcat.c)
0000:221a      strcat_
Module: C:\trabajos\programas\openwatcom/lib286/dos\clibl.lib(iob.c)
07ff:062a      ___iob
07ff:0792      __fmode
07ff:2022      ___OpenStreams
07ff:2026      ___ClosedStreams
Module: C:\trabajos\programas\openwatcom/lib286/dos\clibl.lib(fflush.c)
0000:2245      fflush_
Module: C:\trabajos\programas\openwatcom/lib286/dos\clibl.lib(strrchr.c)
0000:225a      strrchr_
Module: C:\trabajos\programas\openwatcom/lib286/dos\clibl.lib(stricmp.c)
0000:227f      stricmp_
Module: C:\trabajos\programas\openwatcom/lib286/dos\clibl.lib(accss.c)
0000:22bc      access_
Module: C:\trabajos\programas\openwatcom/lib286/dos\clibl.lib(fopen.c)
0000:22f6+     __open_flags_
0000:24f6+     _fsopen_
0000:255d      fopen_
0000:2638*     freopen_
Module: C:\trabajos\programas\openwatcom/lib286/dos\clibl.lib(fclose.c)
0000:26ae      __doclose_
0000:275f      __shutdown_stream_
0000:2779      fclose_
07ff:202a+     ___RmTmpFileFn
Module: C:\trabajos\programas\openwatcom/lib286/dos\clibl.lib(system.c)
0000:27c4      system_
Module: C:\trabajos\programas\openwatcom/lib286/dos\clibl.lib(_istrcc_.asm)
0000:2840      strcasecmp_
Module: C:\trabajos\programas\openwatcom/lib286/dos\clibl.lib(fgets.c)
0000:2845      fgets_
Module: C:\trabajos\programas\openwatcom/lib286/dos\clibl.lib(strcspn.c)
0000:28d4      strcspn_
Module: C:\trabajos\programas\openwatcom/lib286/dos\clibl.lib(_istrncc.asm)
0000:292a      strncasecmp_
Module: C:\trabajos\programas\openwatcom/lib286/dos\clibl.lib(atoi.c)
0000:292f      atoi_
Module: C:\trabajos\programas\openwatcom/lib286/dos\clibl.lib(strtol.c)
0000:2bdf*     strtoul_
0000:2bf1      strtol_
Module: C:\trabajos\programas\openwatcom/lib286/dos\clibl.lib(printf.c)
0000:2bfa      printf_
Module: C:\trabajos\programas\openwatcom/lib286/dos\clibl.lib(fprintf.c)
0000:2c29      fprintf_
Module: C:\trabajos\programas\openwatcom/lib286/dos\clibl.lib(getch.c)
0000:2c58      getch_
Module: C:\trabajos\programas\openwatcom/lib286/dos\clibl.lib(strchr.c)
0000:2c72      strchr_
Module: C:\trabajos\programas\openwatcom/lib286/dos\clibl.lib(istable.c)
07ff:0512      __IsTable
Module: C:\trabajos\programas\openwatcom/lib286/dos\clibl.lib(memmove.c)
0000:2c91      memmove_
Module: C:\trabajos\programas\openwatcom/lib286/dos\clibl.lib(strpbrk.c)
0000:2d07      strpbrk_
Module: C:\trabajos\programas\openwatcom/lib286/dos\clibl.lib(cstart)
07ff:0000*     __nullarea
07ff:0820*     __ovlflag
07ff:0821*     __intno
07ff:0822*     __ovlvec
0000:2d60      _cstart_
0000:2e33*     _Not_Enough_Memory_
0000:2f67      __exit_
0000:2f86      __do_exit_with_msg__
0000:2fe4      __GETDS
Module: C:\trabajos\programas\openwatcom/lib286/dos\clibl.lib(cmodel)
0000:2fee      _big_code_
0000:2fee*     CodeModelMismatch
Module: C:\trabajos\programas\openwatcom/lib286/dos\clibl.lib(argcv.c)
07ff:202e      __argv
07ff:2032      ___argv
07ff:2036      __argc
07ff:2038      ___argc
Module: C:\trabajos\programas\openwatcom/lib286/dos\clibl.lib(xmsg.c)
0000:2fee*     __exit_with_msg_
0000:2ff3      __fatal_runtime_error_
Module: C:\trabajos\programas\openwatcom/lib286/dos\clibl.lib(crwdata)
07ff:0826      __curbrk
07ff:082e      __STACKLOW
07ff:0830      __STACKTOP
07ff:0832      __cbyte
07ff:0834      __child
07ff:0836      __no87
07ff:0844      ___FPE_handler
07ff:0828      __psp
07ff:0838      __get_ovl_stack
07ff:083c      __restore_ovl_stack
07ff:0840      __close_ovl_file
07ff:0848      __LpCmdLine
07ff:084c      __LpPgmName
07ff:082a      __osmajor
07ff:082b      __osminor
07ff:082c      __osmode
07ff:082d      __HShift
Module: C:\trabajos\programas\openwatcom/lib286/dos\clibl.lib(prtf.c)
0000:3012      __prtf_
Module: C:\trabajos\programas\openwatcom/lib286/dos\clibl.lib(intr.c)
0000:3de0      intr_
Module: C:\trabajos\programas\openwatcom/lib286/dos\clibl.lib(segread.c)
0000:3df4      segread_
Module: C:\trabajos\programas\openwatcom/lib286/dos\clibl.lib(initfile.c)
0000:3e14      __InitFiles_
Module: C:\trabajos\programas\openwatcom/lib286/dos\clibl.lib(ioexit.c)
0000:3f62*     fcloseall_
0000:3f69      __full_io_exit_
Module: C:\trabajos\programas\openwatcom/lib286/dos\clibl.lib(flushall.c)
0000:3f73      __flushall_
0000:3fd0      flushall_
Module: C:\trabajos\programas\openwatcom/lib286/dos\clibl.lib(flush.c)
0000:3fd5      __flush_
Module: C:\trabajos\programas\openwatcom/lib286/dos\clibl.lib(gfattdos.c)
0000:4108      _dos_getfileattr_
Module: C:\trabajos\programas\openwatcom/lib286/dos\clibl.lib(dosret.c)
0000:411f      _dosretax_
0000:4124*     _dosret0_
0000:412b      __set_errno_dos_
0000:4189*     __set_errno_dos_reterr_
Module: C:\trabajos\programas\openwatcom/lib286/dos\clibl.lib(comtflag.c)
0000:4194*     __set_commode_
07ff:0864      __commode
Module: C:\trabajos\programas\openwatcom/lib286/dos\clibl.lib(seterrno.c)
0000:41a0      __set_errno_
0000:41b4*     __set_EDOM_
0000:41c6*     __set_ERANGE_
0000:41d8*     __set_EINVAL_
0000:41ed      __set_doserrno_
Module: C:\trabajos\programas\openwatcom/lib286/dos\clibl.lib(tolower.c)
0000:41f9      tolower_
Module: C:\trabajos\programas\openwatcom/lib286/dos\clibl.lib(open.c)
0000:4403*     open_
0000:443a      sopen_
Module: C:\trabajos\programas\openwatcom/lib286/dos\clibl.lib(fseek.c)
0000:44d2      fseek_
Module: C:\trabajos\programas\openwatcom/lib286/dos\clibl.lib(chktty.c)
0000:4620      __chktty_
Module: C:\trabajos\programas\openwatcom/lib286/dos\clibl.lib(freefp.c)
0000:464b      __freefp_
0000:46c6      __purgefp_
Module: C:\trabajos\programas\openwatcom/lib286/dos\clibl.lib(allocfp.c)
0000:4707      __allocfp_
Module: C:\trabajos\programas\openwatcom/lib286/dos\clibl.lib(__lseek.c)
0000:4829      __lseek_
Module: C:\trabajos\programas\openwatcom/lib286/dos\clibl.lib(_clse.c)
0000:4863      __close_
Module: C:\trabajos\programas\openwatcom/lib286/dos\clibl.lib(ffree.c)
0000:4896      _ffree_
0000:4896      free_
Module: C:\trabajos\programas\openwatcom/lib286/dos\clibl.lib(getenv.c)
0000:48dc      getenv_
Module: C:\trabajos\programas\openwatcom/lib286/dos\clibl.lib(_slashc.c)
0000:49a1      __Slash_C_
Module: C:\trabajos\programas\openwatcom/lib286/dos\clibl.lib(splp.c)
0000:49cd      spawnlp_
Module: C:\trabajos\programas\openwatcom/lib286/dos\clibl.lib(fgetc.c)
0000:49eb+     __fill_buffer_
0000:4ae0      fgetc_
Module: C:\trabajos\programas\openwatcom/lib286/dos\clibl.lib(setbits.c)
0000:4b85      __setbits_
Module: C:\trabajos\programas\openwatcom/lib286/dos\clibl.lib(bits.c)
07ff:0614      __Bits
Module: C:\trabajos\programas\openwatcom/lib286/dos\clibl.lib(strnicmp.c)
0000:4bdd      strnicmp_
Module: C:\trabajos\programas\openwatcom/lib286/dos\clibl.lib(i4m)
0000:4c2c*     __I4M
0000:4c2c      __U4M
Module: C:\trabajos\programas\openwatcom/lib286/dos\clibl.lib(fprtf.c)
0000:4c5e      __fprtf_
Module: C:\trabajos\programas\openwatcom/lib286/dos\clibl.lib(cmain086.c)
0000:4d29      __CMain
Module: C:\trabajos\programas\openwatcom/lib286/dos\clibl.lib(initrtns.c)
0000:4d8f      __InitRtns
0000:4d8f*     __FInitRtns
0000:4dea      __FiniRtns
0000:4dea*     __FFiniRtns
Module: C:\trabajos\programas\openwatcom/lib286/dos\clibl.lib(uselfn.c)
07ff:0866      ___uselfn
Module: C:\trabajos\programas\openwatcom/lib286/dos\clibl.lib(dosseg)
0000:4e4e      __DOSseg__
Module: C:\trabajos\programas\openwatcom/lib286/dos\clibl.lib(initargv.c)
0000:4e4f      __Init_Argv_
0000:4eb2+     _getargv_
0000:50b1      __Fini_Argv_
Module: C:\trabajos\programas\openwatcom/lib286/dos\clibl.lib(enterdb.c)
0000:50db      __EnterWVIDEO_
07ff:0868+     ___WD_Present
Module: C:\trabajos\programas\openwatcom/lib286/dos\clibl.lib(wctomb.c)
0000:50ff      wctomb_
Module: C:\trabajos\programas\openwatcom/lib286/dos\clibl.lib(itoa.c)
0000:5128+     utoa_
0000:5185      itoa_
Module: C:\trabajos\programas\openwatcom/lib286/dos\clibl.lib(strupr.c)
0000:51a9      strupr_
Module: C:\trabajos\programas\openwatcom/lib286/dos\clibl.lib(noefgfmt.c)
07ff:086a      ___EFG_printf
07ff:086e*     ___EFG_scanf
Module: C:\trabajos\programas\openwatcom/lib286/dos\clibl.lib(mbisdbcs.c)
07ff:203e      ___IsDBCS
Module: C:\trabajos\programas\openwatcom/lib286/dos\clibl.lib(mbislead.c)
0000:51de*     _ismbblead_
07ff:2040      ___MBCSIsTable
Module: C:\trabajos\programas\openwatcom/lib286/dos\clibl.lib(lltoa.c)
0000:51fa      ulltoa_
0000:52df*     lltoa_
Module: C:\trabajos\programas\openwatcom/lib286/dos\clibl.lib(ltoa.c)
0000:5341      ultoa_
0000:53b0*     ltoa_
Module: C:\trabajos\programas\openwatcom/lib286/dos\clibl.lib(dointr)
0000:53e0      _DoINTR_
Module: C:\trabajos\programas\openwatcom/lib286/dos\clibl.lib(nmalloc.c)
0000:5759      _nmalloc_
07ff:0872      ___nheapbeg
07ff:0874      ___MiniHeapRover
07ff:0876      ___LargestSizeB4MiniHeapRover
Module: C:\trabajos\programas\openwatcom/lib286/dos\clibl.lib(fmalloc.c)
0000:5833      _fmalloc_
0000:5833      malloc_
07ff:0878+     ___fheap
07ff:087a      ___fheapRover
07ff:087c      ___LargestSizeB4Rover
Module: C:\trabajos\programas\openwatcom/lib286/dos\clibl.lib(qwrit.c)
0000:5940      __qwrite_
Module: C:\trabajos\programas\openwatcom/lib286/dos\clibl.lib(fsync.c)
0000:599d      fsync_
Module: C:\trabajos\programas\openwatcom/lib286/dos\clibl.lib(doserror)
0000:59a2      __doserror_
Module: C:\trabajos\programas\openwatcom/lib286/dos\clibl.lib(errno.c)
0000:59b0      __get_errno_ptr_
0000:59b7      __get_doserrno_ptr_
07ff:2142+     _errno
07ff:2144+     __doserrno
Module: C:\trabajos\programas\openwatcom/lib286/dos\clibl.lib(opendos.c)
0000:59be      _dos_open_
Module: C:\trabajos\programas\openwatcom/lib286/dos\clibl.lib(iomode.c)
0000:59e4      __GetIOMode_
0000:5a09      __SetIOMode_nogrow_
07ff:087e      ___NFiles
07ff:0880      ___init_mode
07ff:08a8      ___io_mode
Module: C:\trabajos\programas\openwatcom/lib286/dos\clibl.lib(isatt.c)
0000:5a2c      isatty_
Module: C:\trabajos\programas\openwatcom/lib286/dos\clibl.lib(umaskval.c)
07ff:08ac      ___umaskval
Module: C:\trabajos\programas\openwatcom/lib286/dos\clibl.lib(creatdos.c)
0000:5a48      _dos_creat_
0000:5a6c*     _dos_creatnew_
Module: C:\trabajos\programas\openwatcom/lib286/dos\clibl.lib(stiomode.c)
0000:5a8e+     __grow_iomode_
0000:5b51+     __shrink_iomode_
0000:5b8c      __SetIOMode_
Module: C:\trabajos\programas\openwatcom/lib286/dos\clibl.lib(lseek.c)
0000:5bef      lseek_
Module: C:\trabajos\programas\openwatcom/lib286/dos\clibl.lib(tell.c)
0000:5c20      tell_
Module: C:\trabajos\programas\openwatcom/lib286/dos\clibl.lib(mem.c)
0000:5c40      __MemAllocator
0000:5d0a      __MemFree
Module: C:\trabajos\programas\openwatcom/lib286/dos\clibl.lib(nfree.c)
0000:5e67      _nfree_
07ff:2148+     ___MiniHeapFreeRover
Module: C:\trabajos\programas\openwatcom/lib286/dos\clibl.lib(environ.c)
07ff:214a      ___env_mask
07ff:214e      _environ
07ff:2152*     __wenviron
Module: C:\trabajos\programas\openwatcom/lib286/dos\clibl.lib(mbterm.c)
0000:5f62      _mbterm_
Module: C:\trabajos\programas\openwatcom/lib286/dos\clibl.lib(mbsnextc.c)
0000:5fa4      _mbsnextc_
Module: C:\trabajos\programas\openwatcom/lib286/dos\clibl.lib(mbcupper.c)
0000:5fd5      _mbctoupper_
Module: C:\trabajos\programas\openwatcom/lib286/dos\clibl.lib(mbsinc.c)
0000:5ff8      _mbsinc_
Module: C:\trabajos\programas\openwatcom/lib286/dos\clibl.lib(spvp.c)
0000:6034      spawnvp_
Module: C:\trabajos\programas\openwatcom/lib286/dos\clibl.lib(gtche.c)
0000:6055      getche_
Module: C:\trabajos\programas\openwatcom/lib286/dos\clibl.lib(ioalloc.c)
0000:606f      __ioalloc_
Module: C:\trabajos\programas\openwatcom/lib286/dos\clibl.lib(qread.c)
0000:6109      __qread_
Module: C:\trabajos\programas\openwatcom/lib286/dos\clibl.lib(fputc.c)
0000:6129      fputc_
Module: C:\trabajos\programas\openwatcom/lib286/dos\clibl.lib(___argc.c)
07ff:2156      ____Argv
07ff:215a      ____Argc
Module: C:\trabajos\programas\openwatcom/lib286/dos\clibl.lib(amblksiz.c)
07ff:08ae      __amblksiz
Module: C:\trabajos\programas\openwatcom/lib286/dos\clibl.lib(exit.c)
0000:61f9+     __null_int23_exit_
0000:61fa      exit_
0000:622b*     _exit_
07ff:08b0+     ___int23_exit
07ff:08b4+     ___FPE_handler_exit
Module: C:\trabajos\programas\openwatcom/lib286/dos\clibl.lib(sgdef086)
07ff:0900      __Start_XI
07ff:0924      __End_XI
07ff:0924      __Start_YI
07ff:093c      __End_YI
Module: C:\trabajos\programas\openwatcom/lib286/dos\clibl.lib(histsplt.c)
07ff:215c      ___historical_splitparms
Module: C:\trabajos\programas\openwatcom/lib286/dos\clibl.lib(alphabet.c)
07ff:04c0      ___Alphabet
Module: C:\trabajos\programas\openwatcom/lib286/dos\clibl.lib(mbinit.c)
0000:6282      __mbinit_
07ff:08b8      ___MBCodePage
Module: C:\trabajos\programas\openwatcom/lib286/dos\clibl.lib(nmemneed.c)
0000:635d      __nmemneed_
Module: C:\trabajos\programas\openwatcom/lib286/dos\clibl.lib(grownear.c)
0000:63e5      __LastFree_
0000:645f      __ExpandDGROUP_
Module: C:\trabajos\programas\openwatcom/lib286/dos\clibl.lib(hpgrw086.c)
0000:6570      __CMain_nheapgrow_
Module: C:\trabajos\programas\openwatcom/lib286/dos\clibl.lib(growseg.c)
0000:6575      __GrowSeg_
Module: C:\trabajos\programas\openwatcom/lib286/dos\clibl.lib(allocseg.c)
0000:6667      __AllocSeg_
Module: C:\trabajos\programas\openwatcom/lib286/dos\clibl.lib(fmemneed.c)
0000:66fe      __fmemneed_
Module: C:\trabajos\programas\openwatcom/lib286/dos\clibl.lib(filedos.c)
0000:6701*     _dos_close_
0000:670f      _dos_commit_
Module: C:\trabajos\programas\openwatcom/lib286/dos\clibl.lib(frealloc.c)
0000:671f*     _frealloc_
0000:671f      realloc_
Module: C:\trabajos\programas\openwatcom/lib286/dos\clibl.lib(iomodtty.c)
0000:67fb      __ChkTTYIOMode_
0000:6839*     __IOMode_
Module: C:\trabajos\programas\openwatcom/lib286/dos\clibl.lib(setenvp.c)
0000:6867      __setenvp_
0000:696a      __freeenvp_
Module: C:\trabajos\programas\openwatcom/lib286/dos\clibl.lib(mbdtoupp.c)
0000:69c8      _mbdtoupper_
Module: C:\trabajos\programas\openwatcom/lib286/dos\clibl.lib(toupper.c)
0000:69d6      toupper_
Module: C:\trabajos\programas\openwatcom/lib286/dos\clibl.lib(spvpe.c)
0000:69e4      spawnvpe_
Module: C:\trabajos\programas\openwatcom/lib286/dos\clibl.lib(heapen.c)
0000:6b61*     _heapenable_
07ff:08ba      ___heap_enabled
Module: C:\trabajos\programas\openwatcom/lib286/dos\clibl.lib(sbrk.c)
0000:6b72*     sbrk_
0000:6b82      __brk_
Module: C:\trabajos\programas\openwatcom/lib286/dos\clibl.lib(heapgrow.c)
0000:6bec*     _heapgrow_
0000:6bec*     _fheapgrow_
0000:6bed      _nheapgrow_
Module: C:\trabajos\programas\openwatcom/lib286/dos\clibl.lib(fmsize.c)
0000:6c67*     _msize_
0000:6c67      _fmsize_
Module: C:\trabajos\programas\openwatcom/lib286/dos\clibl.lib(nexpand.c)
0000:6c78      __HeapManager_expand_
0000:6def      _nexpand_
Module: C:\trabajos\programas\openwatcom/lib286/dos\clibl.lib(fexpand.c)
0000:6e42      _fexpand_
0000:6e42*     _expand_
Module: C:\trabajos\programas\openwatcom/lib286/dos\clibl.lib(clearenv.c)
0000:6e77      clearenv_
Module: C:\trabajos\programas\openwatcom/lib286/dos\clibl.lib(spve.c)
0000:6fc5      spawnve_
Module: C:\trabajos\programas\openwatcom/lib286/dos\clibl.lib(memcpy.c)
0000:73c7      memcpy_
Module: C:\trabajos\programas\openwatcom/lib286/dos\clibl.lib(bfree.c)
0000:73e9      _bfree_
Module: C:\trabajos\programas\openwatcom/lib286/dos\clibl.lib(bexpand.c)
0000:740e      _bexpand_
Module: C:\trabajos\programas\openwatcom/lib286/dos\clibl.lib(finddos.c)
0000:7467      _dos_findfirst_
0000:749a*     _dos_findnext_
0000:74ad*     _dos_findclose_
Module: C:\trabajos\programas\openwatcom/lib286/dos\clibl.lib(cenvarg.c)
0000:74ca      __cenvarg_
0000:76ba      __ccmdline_
Module: C:\trabajos\programas\openwatcom/lib286/dos\clibl.lib(dospawn)
0000:774b      __dospawn
Module: C:\trabajos\programas\openwatcom/lib286/dos\clibl.lib(execaddr.c)
0000:7833      __execaddr_
07ff:08f4+     ___Exec_addr
Module: C:\trabajos\programas\openwatcom/lib286/dos\clibl.lib(stack086.c)
0000:7840      stackavail_
Module: C:\trabajos\programas\openwatcom/lib286/dos\clibl.lib(split2.c)
0000:78c8      _splitpath2_
Module: C:\trabajos\programas\openwatcom/lib286/dos\clibl.lib(save8087.c)
07ff:08f8      ___Save8087
07ff:08fc      ___Rest8087
Module: C:\trabajos\programas\openwatcom/lib286/dos\clibl.lib(dosmem)
0000:7a7a      _dos_allocmem_
0000:7a9c      _dos_freemem_
0000:7aaa*     _dos_setblock_
Module: C:\trabajos\programas\openwatcom/lib286/dos\clibl.lib(fmemcpy.c)
0000:7ac6      _fmemcpy_
Module: C:\trabajos\programas\openwatcom/lib286/dos\clibl.lib(makepath.c)
0000:7b02      _makepath_
Module: C:\trabajos\programas\openwatcom/lib286/dos\clibl.lib(strcpy.c)
0000:7d4e      strcpy_
Module: C:\trabajos\programas\openwatcom/lib286/dos\clibl.lib(spl.c)
0000:7d99      spawnl_
Module: C:\trabajos\programas\openwatcom/lib286/dos\clibl.lib(mbsnccnt.c)
0000:7dc4      _mbsnccnt_
Module: C:\trabajos\programas\openwatcom/lib286/dos\clibl.lib(mbsncpy.c)
0000:7df8      _mbsncpy_
Module: C:\trabajos\programas\openwatcom/lib286/dos\clibl.lib(mbsnbcnt.c)
0000:7e2e      _mbsnbcnt_
Module: C:\trabajos\programas\openwatcom/lib286/dos\clibl.lib(mbconv.c)
0000:7ea7      _mbvtop_
Module: C:\trabajos\programas\openwatcom/lib286/dos\clibl.lib(mbclen.c)
0000:7ebc      _mbclen_
Module: C:\trabajos\programas\openwatcom/lib286/dos\clibl.lib(mbsdec.c)
0000:7eea      _mbsdec_
Module: C:\trabajos\programas\openwatcom/lib286/dos\clibl.lib(mbsnbcpy.c)
0000:7f77      _mbsnbcpy_


                        +--------------------+
                        |   Libraries Used   |
                        +--------------------+

C:\trabajos\programas\openwatcom/lib286/dos\clibl.lib


                        +-----------------------+
                        |   Linker Statistics   |
                        +-----------------------+

Stack size:  0800 (2048.)
Memory size:  a960 (43360.)
Entry point address: 0000:2d60
Link time: 00:00.16
