Open Watcom Linker Version 1.9
Portions Copyright (c) 1985-2002 Sybase, Inc. All Rights Reserved.
Created on:       26/07/19 07:17:00
Executable Image: shdos.exe
creating a DOS executable


                        +------------+
                        |   Groups   |
                        +------------+

Group                           Address              Size
=====                           =======              ====

DGROUP                          0874:0000            00002a90



                        +--------------+
                        |   Segments   |
                        +--------------+

Segment                Class          Group          Address         Size
=======                =====          =====          =======         ====

main_TEXT              CODE           AUTO           0000:0000       00002702
_TEXT                  CODE           AUTO           0000:2710       0000602e
FAR_DATA               FAR_DATA       AUTO           0873:000e       00000000
_NULL                  BEGDATA        DGROUP         0874:0000       00000020
_AFTERNULL             BEGDATA        DGROUP         0876:0000       00000002
CONST                  DATA           DGROUP         0876:0002       0000050a
CONST2                 DATA           DGROUP         08c6:000c       0000010a
_DATA                  DATA           DGROUP         08d7:0006       000002e4
XIB                    DATA           DGROUP         0905:000a       00000000
XI                     DATA           DGROUP         0905:000a       00000024
XIE                    DATA           DGROUP         0907:000e       00000000
YIB                    DATA           DGROUP         0907:000e       00000000
YI                     DATA           DGROUP         0907:000e       00000018
YIE                    DATA           DGROUP         0909:0006       00000000
STRINGS                DATA           DGROUP         0909:0006       00000000
DATA                   DATA           DGROUP         0909:0006       00000000
_BSS                   BSS            DGROUP         0909:0006       00001934
STACK                  STACK          DGROUP         0a9d:0000       00000800


                        +----------------+
                        |   Memory Map   |
                        +----------------+

* = unreferenced symbol
+ = symbol only referenced locally

Address        Symbol
=======        ======

Module: main.obj(C:\trabajos\programas\shdos\pr16bits\main.c)
0874:0956+     _conf
0874:09aa+     _value
0874:09ec+     _stmp
0874:0a2e+     _line
0874:0a70+     _smallbuffer
0874:0ab2+     _tmp
0874:0ab4+     _original_text_attr
0874:0ab6+     _console_attr
0874:0ab8+     _original_attr
0874:0aba+     _original_bg_attr
0874:0abc+     _prompt_attr
0874:0abe+     _global_attr
0874:0ac0+     _osbits
0874:0ac2+     _command
0874:0636+     _cursor_x
0874:0638+     _cursor_y
0000:0000+     getWidth_
0000:0032+     getHeight_
0000:0067+     getOriginalConsole_
0000:008c+     restoreConsole_
0000:00d8+     setCursorPosition_
0000:013d+     fill_line_
0000:01a2+     print_colored_char_
0000:024f+     print_colored_text_
0000:0294+     print_colored_text_xy_
0000:0307+     setConsoleColor_
0000:03ba+     getContrastColor_
0000:04cb+     setPromptBuffer_
0000:0571+     drawPrompt_
0000:05c9+     getTextColor_
0000:05f8+     getBackgroundColor_
0000:062c+     getOSBits_
0000:0651+     getOSFlavor_
0000:06ef+     getOSMajorVersion_
0000:07f0+     getOSMinorVersion_
0000:088d+     getValueFromKey_
0000:098d+     getCorrectValueToLoad_
0000:0ab1+     getDefaultConfiguration_
0000:0b84+     loadConfiguration_
0000:1401+     executeCommand_
0000:194c+     isExecutable_
0000:19fe+     commandNotFound_
0000:1aa5+     invalidExecutable_
0000:1b05+     unsupportedComFile_
0000:1b65+     cls_
0000:1bbf+     ver_
0000:1c44+     cmd_
0000:22dd+     trim_
0000:23bd+     showWelcome_
0000:2600+     clearcmdbuffer_
0000:2637+     getExePath_
0000:26ca      main_
0874:063e+     _pos
0874:0640+     _firsttime
0874:0bc3+     _currentpath
0874:0faa+     _prompt
0874:1391+     _confpath
0874:1778+     _shellpath
0874:1b5f+     _osflavor
0874:1c60+     _mediumbuffer
0874:1d61+     _largebuffer
0874:2148+     _separator
Module: C:\trabajos\programas\openwatcom/lib286/dos\clibl.lib(stk)
0000:2715      __STK
0000:2735*     __STKOVERFLOW_
Module: C:\trabajos\programas\openwatcom/lib286/dos\clibl.lib(snprintf.c)
0000:2789+     vsnprintf_
0000:280d      snprintf_
Module: C:\trabajos\programas\openwatcom/lib286/dos\clibl.lib(intx086.c)
0000:283c+     int86x_
0000:28d5      int86_
Module: C:\trabajos\programas\openwatcom/lib286/dos\clibl.lib(printf.c)
0000:2902      printf_
Module: C:\trabajos\programas\openwatcom/lib286/dos\clibl.lib(iob.c)
0874:0644      ___iob
0874:07ac      __fmode
0874:214a      ___OpenStreams
0874:214e      ___ClosedStreams
Module: C:\trabajos\programas\openwatcom/lib286/dos\clibl.lib(fgetc.c)
0000:2931+     __fill_buffer_
0000:2a26      fgetc_
Module: C:\trabajos\programas\openwatcom/lib286/dos\clibl.lib(memset.c)
0000:2acb      memset_
Module: C:\trabajos\programas\openwatcom/lib286/dos\clibl.lib(strncpy.c)
0000:2ae2      strncpy_
Module: C:\trabajos\programas\openwatcom/lib286/dos\clibl.lib(strlen.c)
0000:2b1e      strlen_
Module: C:\trabajos\programas\openwatcom/lib286/dos\clibl.lib(strcat.c)
0000:2b33      strcat_
Module: C:\trabajos\programas\openwatcom/lib286/dos\clibl.lib(fflush.c)
0000:2b5e      fflush_
Module: C:\trabajos\programas\openwatcom/lib286/dos\clibl.lib(stricmp.c)
0000:2b73      stricmp_
Module: C:\trabajos\programas\openwatcom/lib286/dos\clibl.lib(strpbrk.c)
0000:2bb0      strpbrk_
Module: C:\trabajos\programas\openwatcom/lib286/dos\clibl.lib(strchr.c)
0000:2c09      strchr_
Module: C:\trabajos\programas\openwatcom/lib286/dos\clibl.lib(_istrcc_.asm)
0000:2c28      strcasecmp_
Module: C:\trabajos\programas\openwatcom/lib286/dos\clibl.lib(strcpy.c)
0000:2c2d      strcpy_
Module: C:\trabajos\programas\openwatcom/lib286/dos\clibl.lib(fopen.c)
0000:2c78+     __open_flags_
0000:2e78+     _fsopen_
0000:2edf      fopen_
0000:2fba*     freopen_
Module: C:\trabajos\programas\openwatcom/lib286/dos\clibl.lib(fgets.c)
0000:3030      fgets_
Module: C:\trabajos\programas\openwatcom/lib286/dos\clibl.lib(strcspn.c)
0000:30bf      strcspn_
Module: C:\trabajos\programas\openwatcom/lib286/dos\clibl.lib(_istrncc.asm)
0000:3114      strncasecmp_
Module: C:\trabajos\programas\openwatcom/lib286/dos\clibl.lib(atoi.c)
0000:3119      atoi_
Module: C:\trabajos\programas\openwatcom/lib286/dos\clibl.lib(strtol.c)
0000:33c9*     strtoul_
0000:33db      strtol_
Module: C:\trabajos\programas\openwatcom/lib286/dos\clibl.lib(fclose.c)
0000:33e4      __doclose_
0000:3495      __shutdown_stream_
0000:34af      fclose_
0874:2152+     ___RmTmpFileFn
Module: C:\trabajos\programas\openwatcom/lib286/dos\clibl.lib(fprintf.c)
0000:34fa      fprintf_
Module: C:\trabajos\programas\openwatcom/lib286/dos\clibl.lib(strrchr.c)
0000:3529      strrchr_
Module: C:\trabajos\programas\openwatcom/lib286/dos\clibl.lib(accss.c)
0000:354e      access_
Module: C:\trabajos\programas\openwatcom/lib286/dos\clibl.lib(system.c)
0000:3588      system_
Module: C:\trabajos\programas\openwatcom/lib286/dos\clibl.lib(getch.c)
0000:3603      getch_
Module: C:\trabajos\programas\openwatcom/lib286/dos\clibl.lib(istable.c)
0874:052c      __IsTable
Module: C:\trabajos\programas\openwatcom/lib286/dos\clibl.lib(memmove.c)
0000:361d      memmove_
Module: C:\trabajos\programas\openwatcom/lib286/dos\clibl.lib(cstart)
0874:0000*     __nullarea
0874:083a*     __ovlflag
0874:083b*     __intno
0874:083c*     __ovlvec
0000:3694      _cstart_
0000:3767*     _Not_Enough_Memory_
0000:389b      __exit_
0000:38ba      __do_exit_with_msg__
0000:3918      __GETDS
Module: C:\trabajos\programas\openwatcom/lib286/dos\clibl.lib(cmodel)
0000:3922      _big_code_
0000:3922*     CodeModelMismatch
Module: C:\trabajos\programas\openwatcom/lib286/dos\clibl.lib(argcv.c)
0874:2156      __argv
0874:215a      ___argv
0874:215e      __argc
0874:2160      ___argc
Module: C:\trabajos\programas\openwatcom/lib286/dos\clibl.lib(xmsg.c)
0000:3922*     __exit_with_msg_
0000:3927      __fatal_runtime_error_
Module: C:\trabajos\programas\openwatcom/lib286/dos\clibl.lib(crwdata)
0874:0840      __curbrk
0874:0848      __STACKLOW
0874:084a      __STACKTOP
0874:084c      __cbyte
0874:084e      __child
0874:0850      __no87
0874:085e      ___FPE_handler
0874:0842      __psp
0874:0852      __get_ovl_stack
0874:0856      __restore_ovl_stack
0874:085a      __close_ovl_file
0874:0862      __LpCmdLine
0874:0866      __LpPgmName
0874:0844      __osmajor
0874:0845      __osminor
0874:0846      __osmode
0874:0847      __HShift
Module: C:\trabajos\programas\openwatcom/lib286/dos\clibl.lib(prtf.c)
0000:3946      __prtf_
Module: C:\trabajos\programas\openwatcom/lib286/dos\clibl.lib(intr.c)
0000:4714      intr_
Module: C:\trabajos\programas\openwatcom/lib286/dos\clibl.lib(segread.c)
0000:4728      segread_
Module: C:\trabajos\programas\openwatcom/lib286/dos\clibl.lib(fprtf.c)
0000:4762      __fprtf_
Module: C:\trabajos\programas\openwatcom/lib286/dos\clibl.lib(initfile.c)
0000:482d      __InitFiles_
Module: C:\trabajos\programas\openwatcom/lib286/dos\clibl.lib(ioexit.c)
0000:497b*     fcloseall_
0000:4982      __full_io_exit_
Module: C:\trabajos\programas\openwatcom/lib286/dos\clibl.lib(flushall.c)
0000:498c      __flushall_
0000:49e9      flushall_
Module: C:\trabajos\programas\openwatcom/lib286/dos\clibl.lib(gtche.c)
0000:49ee      getche_
Module: C:\trabajos\programas\openwatcom/lib286/dos\clibl.lib(ioalloc.c)
0000:4a08      __ioalloc_
Module: C:\trabajos\programas\openwatcom/lib286/dos\clibl.lib(qread.c)
0000:4aa2      __qread_
Module: C:\trabajos\programas\openwatcom/lib286/dos\clibl.lib(seterrno.c)
0000:4ac2      __set_errno_
0000:4ad6*     __set_EDOM_
0000:4ae8*     __set_ERANGE_
0000:4afa*     __set_EINVAL_
0000:4b0f      __set_doserrno_
Module: C:\trabajos\programas\openwatcom/lib286/dos\clibl.lib(flush.c)
0000:4b1b      __flush_
Module: C:\trabajos\programas\openwatcom/lib286/dos\clibl.lib(setbits.c)
0000:4c4e      __setbits_
Module: C:\trabajos\programas\openwatcom/lib286/dos\clibl.lib(bits.c)
0874:062e      __Bits
Module: C:\trabajos\programas\openwatcom/lib286/dos\clibl.lib(comtflag.c)
0000:4ca6*     __set_commode_
0874:086a      __commode
Module: C:\trabajos\programas\openwatcom/lib286/dos\clibl.lib(tolower.c)
0000:4cb2      tolower_
Module: C:\trabajos\programas\openwatcom/lib286/dos\clibl.lib(open.c)
0000:4ebc*     open_
0000:4ef3      sopen_
Module: C:\trabajos\programas\openwatcom/lib286/dos\clibl.lib(fseek.c)
0000:4f8b      fseek_
Module: C:\trabajos\programas\openwatcom/lib286/dos\clibl.lib(chktty.c)
0000:50d9      __chktty_
Module: C:\trabajos\programas\openwatcom/lib286/dos\clibl.lib(freefp.c)
0000:5104      __freefp_
0000:517f      __purgefp_
Module: C:\trabajos\programas\openwatcom/lib286/dos\clibl.lib(allocfp.c)
0000:51c0      __allocfp_
Module: C:\trabajos\programas\openwatcom/lib286/dos\clibl.lib(strnicmp.c)
0000:52e2      strnicmp_
Module: C:\trabajos\programas\openwatcom/lib286/dos\clibl.lib(i4m)
0000:5332*     __I4M
0000:5332      __U4M
Module: C:\trabajos\programas\openwatcom/lib286/dos\clibl.lib(__lseek.c)
0000:534a      __lseek_
Module: C:\trabajos\programas\openwatcom/lib286/dos\clibl.lib(_clse.c)
0000:5384      __close_
Module: C:\trabajos\programas\openwatcom/lib286/dos\clibl.lib(ffree.c)
0000:53b7      _ffree_
0000:53b7      free_
Module: C:\trabajos\programas\openwatcom/lib286/dos\clibl.lib(gfattdos.c)
0000:53fd      _dos_getfileattr_
Module: C:\trabajos\programas\openwatcom/lib286/dos\clibl.lib(dosret.c)
0000:5414      _dosretax_
0000:5419*     _dosret0_
0000:5420      __set_errno_dos_
0000:547e*     __set_errno_dos_reterr_
Module: C:\trabajos\programas\openwatcom/lib286/dos\clibl.lib(getenv.c)
0000:5489      getenv_
Module: C:\trabajos\programas\openwatcom/lib286/dos\clibl.lib(_slashc.c)
0000:554e      __Slash_C_
Module: C:\trabajos\programas\openwatcom/lib286/dos\clibl.lib(splp.c)
0000:557a      spawnlp_
Module: C:\trabajos\programas\openwatcom/lib286/dos\clibl.lib(cmain086.c)
0000:5598      __CMain
Module: C:\trabajos\programas\openwatcom/lib286/dos\clibl.lib(initrtns.c)
0000:55fe      __InitRtns
0000:55fe*     __FInitRtns
0000:5659      __FiniRtns
0000:5659*     __FFiniRtns
Module: C:\trabajos\programas\openwatcom/lib286/dos\clibl.lib(uselfn.c)
0874:0880      ___uselfn
Module: C:\trabajos\programas\openwatcom/lib286/dos\clibl.lib(dosseg)
0000:56be      __DOSseg__
Module: C:\trabajos\programas\openwatcom/lib286/dos\clibl.lib(initargv.c)
0000:56bf      __Init_Argv_
0000:5722+     _getargv_
0000:5921      __Fini_Argv_
Module: C:\trabajos\programas\openwatcom/lib286/dos\clibl.lib(enterdb.c)
0000:594b      __EnterWVIDEO_
0874:0882+     ___WD_Present
Module: C:\trabajos\programas\openwatcom/lib286/dos\clibl.lib(wctomb.c)
0000:596f      wctomb_
Module: C:\trabajos\programas\openwatcom/lib286/dos\clibl.lib(itoa.c)
0000:5998+     utoa_
0000:59f5      itoa_
Module: C:\trabajos\programas\openwatcom/lib286/dos\clibl.lib(strupr.c)
0000:5a19      strupr_
Module: C:\trabajos\programas\openwatcom/lib286/dos\clibl.lib(noefgfmt.c)
0874:0884      ___EFG_printf
0874:0888*     ___EFG_scanf
Module: C:\trabajos\programas\openwatcom/lib286/dos\clibl.lib(mbisdbcs.c)
0874:2166      ___IsDBCS
Module: C:\trabajos\programas\openwatcom/lib286/dos\clibl.lib(mbislead.c)
0000:5a4e*     _ismbblead_
0874:2168      ___MBCSIsTable
Module: C:\trabajos\programas\openwatcom/lib286/dos\clibl.lib(lltoa.c)
0000:5a6a      ulltoa_
0000:5b4f*     lltoa_
Module: C:\trabajos\programas\openwatcom/lib286/dos\clibl.lib(ltoa.c)
0000:5bb1      ultoa_
0000:5c20*     ltoa_
Module: C:\trabajos\programas\openwatcom/lib286/dos\clibl.lib(dointr)
0000:5c50      _DoINTR_
Module: C:\trabajos\programas\openwatcom/lib286/dos\clibl.lib(fputc.c)
0000:5fc9      fputc_
Module: C:\trabajos\programas\openwatcom/lib286/dos\clibl.lib(nmalloc.c)
0000:6099      _nmalloc_
0874:088c      ___nheapbeg
0874:088e      ___MiniHeapRover
0874:0890      ___LargestSizeB4MiniHeapRover
Module: C:\trabajos\programas\openwatcom/lib286/dos\clibl.lib(fmalloc.c)
0000:6173      _fmalloc_
0000:6173      malloc_
0874:0892+     ___fheap
0874:0894      ___fheapRover
0874:0896      ___LargestSizeB4Rover
Module: C:\trabajos\programas\openwatcom/lib286/dos\clibl.lib(errno.c)
0000:6280      __get_errno_ptr_
0000:6287      __get_doserrno_ptr_
0874:226a+     _errno
0874:226c+     __doserrno
Module: C:\trabajos\programas\openwatcom/lib286/dos\clibl.lib(qwrit.c)
0000:628e      __qwrite_
Module: C:\trabajos\programas\openwatcom/lib286/dos\clibl.lib(fsync.c)
0000:62eb      fsync_
Module: C:\trabajos\programas\openwatcom/lib286/dos\clibl.lib(opendos.c)
0000:62f0      _dos_open_
Module: C:\trabajos\programas\openwatcom/lib286/dos\clibl.lib(iomode.c)
0000:6316      __GetIOMode_
0000:633b      __SetIOMode_nogrow_
0874:0898      ___NFiles
0874:089a      ___init_mode
0874:08c2      ___io_mode
Module: C:\trabajos\programas\openwatcom/lib286/dos\clibl.lib(isatt.c)
0000:635e      isatty_
Module: C:\trabajos\programas\openwatcom/lib286/dos\clibl.lib(umaskval.c)
0874:08c6      ___umaskval
Module: C:\trabajos\programas\openwatcom/lib286/dos\clibl.lib(creatdos.c)
0000:637a      _dos_creat_
0000:639e*     _dos_creatnew_
Module: C:\trabajos\programas\openwatcom/lib286/dos\clibl.lib(stiomode.c)
0000:63c0+     __grow_iomode_
0000:6483+     __shrink_iomode_
0000:64be      __SetIOMode_
Module: C:\trabajos\programas\openwatcom/lib286/dos\clibl.lib(lseek.c)
0000:6521      lseek_
Module: C:\trabajos\programas\openwatcom/lib286/dos\clibl.lib(tell.c)
0000:6552      tell_
Module: C:\trabajos\programas\openwatcom/lib286/dos\clibl.lib(mem.c)
0000:6570      __MemAllocator
0000:663a      __MemFree
Module: C:\trabajos\programas\openwatcom/lib286/dos\clibl.lib(nfree.c)
0000:6797      _nfree_
0874:2270+     ___MiniHeapFreeRover
Module: C:\trabajos\programas\openwatcom/lib286/dos\clibl.lib(doserror)
0000:6892      __doserror_
Module: C:\trabajos\programas\openwatcom/lib286/dos\clibl.lib(environ.c)
0874:2272      ___env_mask
0874:2276      _environ
0874:227a*     __wenviron
Module: C:\trabajos\programas\openwatcom/lib286/dos\clibl.lib(mbterm.c)
0000:68a0      _mbterm_
Module: C:\trabajos\programas\openwatcom/lib286/dos\clibl.lib(mbsnextc.c)
0000:68e2      _mbsnextc_
Module: C:\trabajos\programas\openwatcom/lib286/dos\clibl.lib(mbcupper.c)
0000:6913      _mbctoupper_
Module: C:\trabajos\programas\openwatcom/lib286/dos\clibl.lib(mbsinc.c)
0000:6936      _mbsinc_
Module: C:\trabajos\programas\openwatcom/lib286/dos\clibl.lib(spvp.c)
0000:6972      spawnvp_
Module: C:\trabajos\programas\openwatcom/lib286/dos\clibl.lib(___argc.c)
0874:227e      ____Argv
0874:2282      ____Argc
Module: C:\trabajos\programas\openwatcom/lib286/dos\clibl.lib(amblksiz.c)
0874:08c8      __amblksiz
Module: C:\trabajos\programas\openwatcom/lib286/dos\clibl.lib(exit.c)
0000:6993+     __null_int23_exit_
0000:6994      exit_
0000:69c5*     _exit_
0874:08ca+     ___int23_exit
0874:08ce+     ___FPE_handler_exit
Module: C:\trabajos\programas\openwatcom/lib286/dos\clibl.lib(sgdef086)
0874:091a      __Start_XI
0874:093e      __End_XI
0874:093e      __Start_YI
0874:0956      __End_YI
Module: C:\trabajos\programas\openwatcom/lib286/dos\clibl.lib(histsplt.c)
0874:2284      ___historical_splitparms
Module: C:\trabajos\programas\openwatcom/lib286/dos\clibl.lib(alphabet.c)
0874:04da      ___Alphabet
Module: C:\trabajos\programas\openwatcom/lib286/dos\clibl.lib(mbinit.c)
0000:6a1c      __mbinit_
0874:08d2      ___MBCodePage
Module: C:\trabajos\programas\openwatcom/lib286/dos\clibl.lib(nmemneed.c)
0000:6af7      __nmemneed_
Module: C:\trabajos\programas\openwatcom/lib286/dos\clibl.lib(grownear.c)
0000:6b7f      __LastFree_
0000:6bf9      __ExpandDGROUP_
Module: C:\trabajos\programas\openwatcom/lib286/dos\clibl.lib(hpgrw086.c)
0000:6d0a      __CMain_nheapgrow_
Module: C:\trabajos\programas\openwatcom/lib286/dos\clibl.lib(growseg.c)
0000:6d0f      __GrowSeg_
Module: C:\trabajos\programas\openwatcom/lib286/dos\clibl.lib(allocseg.c)
0000:6e01      __AllocSeg_
Module: C:\trabajos\programas\openwatcom/lib286/dos\clibl.lib(fmemneed.c)
0000:6e98      __fmemneed_
Module: C:\trabajos\programas\openwatcom/lib286/dos\clibl.lib(filedos.c)
0000:6e9b*     _dos_close_
0000:6ea9      _dos_commit_
Module: C:\trabajos\programas\openwatcom/lib286/dos\clibl.lib(frealloc.c)
0000:6eb9*     _frealloc_
0000:6eb9      realloc_
Module: C:\trabajos\programas\openwatcom/lib286/dos\clibl.lib(iomodtty.c)
0000:6f95      __ChkTTYIOMode_
0000:6fd3*     __IOMode_
Module: C:\trabajos\programas\openwatcom/lib286/dos\clibl.lib(setenvp.c)
0000:7001      __setenvp_
0000:7104      __freeenvp_
Module: C:\trabajos\programas\openwatcom/lib286/dos\clibl.lib(mbdtoupp.c)
0000:7162      _mbdtoupper_
Module: C:\trabajos\programas\openwatcom/lib286/dos\clibl.lib(toupper.c)
0000:7170      toupper_
Module: C:\trabajos\programas\openwatcom/lib286/dos\clibl.lib(spvpe.c)
0000:717e      spawnvpe_
Module: C:\trabajos\programas\openwatcom/lib286/dos\clibl.lib(heapen.c)
0000:72fb*     _heapenable_
0874:08d4      ___heap_enabled
Module: C:\trabajos\programas\openwatcom/lib286/dos\clibl.lib(sbrk.c)
0000:730c*     sbrk_
0000:731c      __brk_
Module: C:\trabajos\programas\openwatcom/lib286/dos\clibl.lib(heapgrow.c)
0000:7386*     _heapgrow_
0000:7386*     _fheapgrow_
0000:7387      _nheapgrow_
Module: C:\trabajos\programas\openwatcom/lib286/dos\clibl.lib(fmsize.c)
0000:7401*     _msize_
0000:7401      _fmsize_
Module: C:\trabajos\programas\openwatcom/lib286/dos\clibl.lib(nexpand.c)
0000:7412      __HeapManager_expand_
0000:7589      _nexpand_
Module: C:\trabajos\programas\openwatcom/lib286/dos\clibl.lib(fexpand.c)
0000:75dc      _fexpand_
0000:75dc*     _expand_
Module: C:\trabajos\programas\openwatcom/lib286/dos\clibl.lib(clearenv.c)
0000:7611      clearenv_
Module: C:\trabajos\programas\openwatcom/lib286/dos\clibl.lib(spve.c)
0000:775f      spawnve_
Module: C:\trabajos\programas\openwatcom/lib286/dos\clibl.lib(memcpy.c)
0000:7b61      memcpy_
Module: C:\trabajos\programas\openwatcom/lib286/dos\clibl.lib(bfree.c)
0000:7b83      _bfree_
Module: C:\trabajos\programas\openwatcom/lib286/dos\clibl.lib(bexpand.c)
0000:7ba8      _bexpand_
Module: C:\trabajos\programas\openwatcom/lib286/dos\clibl.lib(finddos.c)
0000:7c01      _dos_findfirst_
0000:7c34*     _dos_findnext_
0000:7c47*     _dos_findclose_
Module: C:\trabajos\programas\openwatcom/lib286/dos\clibl.lib(cenvarg.c)
0000:7c64      __cenvarg_
0000:7e54      __ccmdline_
Module: C:\trabajos\programas\openwatcom/lib286/dos\clibl.lib(dospawn)
0000:7ee5      __dospawn
Module: C:\trabajos\programas\openwatcom/lib286/dos\clibl.lib(execaddr.c)
0000:7fcd      __execaddr_
0874:090e+     ___Exec_addr
Module: C:\trabajos\programas\openwatcom/lib286/dos\clibl.lib(stack086.c)
0000:7fda      stackavail_
Module: C:\trabajos\programas\openwatcom/lib286/dos\clibl.lib(split2.c)
0000:8062      _splitpath2_
Module: C:\trabajos\programas\openwatcom/lib286/dos\clibl.lib(save8087.c)
0874:0912      ___Save8087
0874:0916      ___Rest8087
Module: C:\trabajos\programas\openwatcom/lib286/dos\clibl.lib(dosmem)
0000:8214      _dos_allocmem_
0000:8236      _dos_freemem_
0000:8244*     _dos_setblock_
Module: C:\trabajos\programas\openwatcom/lib286/dos\clibl.lib(fmemcpy.c)
0000:8260      _fmemcpy_
Module: C:\trabajos\programas\openwatcom/lib286/dos\clibl.lib(makepath.c)
0000:829c      _makepath_
Module: C:\trabajos\programas\openwatcom/lib286/dos\clibl.lib(spl.c)
0000:84e8      spawnl_
Module: C:\trabajos\programas\openwatcom/lib286/dos\clibl.lib(mbsnccnt.c)
0000:8513      _mbsnccnt_
Module: C:\trabajos\programas\openwatcom/lib286/dos\clibl.lib(mbsncpy.c)
0000:8547      _mbsncpy_
Module: C:\trabajos\programas\openwatcom/lib286/dos\clibl.lib(mbsnbcnt.c)
0000:857d      _mbsnbcnt_
Module: C:\trabajos\programas\openwatcom/lib286/dos\clibl.lib(mbconv.c)
0000:85f6      _mbvtop_
Module: C:\trabajos\programas\openwatcom/lib286/dos\clibl.lib(mbclen.c)
0000:860b      _mbclen_
Module: C:\trabajos\programas\openwatcom/lib286/dos\clibl.lib(mbsdec.c)
0000:8639      _mbsdec_
Module: C:\trabajos\programas\openwatcom/lib286/dos\clibl.lib(mbsnbcpy.c)
0000:86c6      _mbsnbcpy_


                        +--------------------+
                        |   Libraries Used   |
                        +--------------------+

C:\trabajos\programas\openwatcom/lib286/dos\clibl.lib


                        +-----------------------+
                        |   Linker Statistics   |
                        +-----------------------+

Stack size:  0800 (2048.)
Memory size:  b1d0 (45520.)
Entry point address: 0000:3694
Link time: 00:00.00
