Open Watcom Linker Version 1.9
Portions Copyright (c) 1985-2002 Sybase, Inc. All Rights Reserved.
Created on:       26/07/08 00:41:54
Executable Image: shdos.exe
creating a DOS executable


                        +------------+
                        |   Groups   |
                        +------------+

Group                           Address              Size
=====                           =======              ====

DGROUP                          083e:0000            00002970



                        +--------------+
                        |   Segments   |
                        +--------------+

Segment                Class          Group          Address         Size
=======                =====          =====          =======         ====

main_TEXT              CODE           AUTO           0000:0000       000023a6
_TEXT                  CODE           AUTO           0000:23b0       00006030
FAR_DATA               FAR_DATA       AUTO           083e:0000       00000000
_NULL                  BEGDATA        DGROUP         083e:0000       00000020
_AFTERNULL             BEGDATA        DGROUP         0840:0000       00000002
CONST                  DATA           DGROUP         0840:0002       000004f8
CONST2                 DATA           DGROUP         088f:000a       0000010a
_DATA                  DATA           DGROUP         08a0:0004       000002e4
XIB                    DATA           DGROUP         08ce:0008       00000000
XI                     DATA           DGROUP         08ce:0008       00000024
XIE                    DATA           DGROUP         08d0:000c       00000000
YIB                    DATA           DGROUP         08d0:000c       00000000
YI                     DATA           DGROUP         08d0:000c       00000018
YIE                    DATA           DGROUP         08d2:0004       00000000
STRINGS                DATA           DGROUP         08d2:0004       00000000
DATA                   DATA           DGROUP         08d2:0004       00000000
_BSS                   BSS            DGROUP         08d2:0004       00001828
STACK                  STACK          DGROUP         0a55:0000       00000800


                        +----------------+
                        |   Memory Map   |
                        +----------------+

* = unreferenced symbol
+ = symbol only referenced locally

Address        Symbol
=======        ======

Module: main.obj(C:\trabajos\programas\shdos\pr16bits\main.c)
083e:0944+     _conf
083e:0998+     _value
083e:09da+     _stmp
083e:0a1c+     _line
083e:0a5e+     _smallbuffer
083e:0aa0+     _tmp
083e:0aa2+     _original_attr
083e:0aa4+     _global_attr
083e:0aa6+     _command
083e:0ba7+     _currentpath
083e:0f8e+     _prompt
083e:1375+     _confpath
083e:175c+     _shellpath
083e:1b43+     _mediumbuffer
083e:1c44+     _largebuffer
083e:0624+     _cursor_x
083e:0626+     _cursor_y
0000:0000+     getWidth_
0000:0032+     getHeight_
0000:0067+     getOriginalCmdTextColor_
0000:008c+     restoreCmdTextColor_
0000:00d8+     setCursorPosition_
0000:013d+     fill_line_
0000:01a2+     print_colored_char_
0000:024f+     print_colored_text_
0000:0294+     print_colored_text_xy_
0000:0307+     setCmdBgColor_
0000:03ba+     getContrastColor_
0000:04cb+     setPromptBuffer_
0000:0571+     drawPrompt_
0000:05c9+     getOSBits_
0000:05ee+     executeCommand_
0000:0b39+     isExecutable_
0000:0beb+     commandNotFound_
0000:0c92+     invalidExecutable_
0000:0cf2+     unsupportedComFile_
0000:0d52+     cls_
0000:0dac+     ver_
0000:0e31+     cmd_
0000:1499+     trim_
0000:1579+     showWelcome_
0000:179a+     clearcmdbuffer_
0000:17d1+     getExePath_
0000:1864+     getValueFromKey_
0000:1964+     getCorrectValueToLoad_
0000:1a88+     getDefaultConfiguration_
0000:1b3c+     loadConfiguration_
0000:236e      main_
083e:062c+     _pos
083e:062e+     _firsttime
083e:202b+     _separator
Module: C:\trabajos\programas\openwatcom/lib286/dos\clibl.lib(stk)
0000:23b5      __STK
0000:23d5*     __STKOVERFLOW_
Module: C:\trabajos\programas\openwatcom/lib286/dos\clibl.lib(snprintf.c)
0000:2429+     vsnprintf_
0000:24ad      snprintf_
Module: C:\trabajos\programas\openwatcom/lib286/dos\clibl.lib(intx086.c)
0000:24dc+     int86x_
0000:2575      int86_
Module: C:\trabajos\programas\openwatcom/lib286/dos\clibl.lib(printf.c)
0000:25a2      printf_
Module: C:\trabajos\programas\openwatcom/lib286/dos\clibl.lib(iob.c)
083e:0632      ___iob
083e:079a      __fmode
083e:202c      ___OpenStreams
083e:2030      ___ClosedStreams
Module: C:\trabajos\programas\openwatcom/lib286/dos\clibl.lib(fgetc.c)
0000:25d1+     __fill_buffer_
0000:26c6      fgetc_
Module: C:\trabajos\programas\openwatcom/lib286/dos\clibl.lib(memset.c)
0000:276b      memset_
Module: C:\trabajos\programas\openwatcom/lib286/dos\clibl.lib(strncpy.c)
0000:2782      strncpy_
Module: C:\trabajos\programas\openwatcom/lib286/dos\clibl.lib(strlen.c)
0000:27be      strlen_
Module: C:\trabajos\programas\openwatcom/lib286/dos\clibl.lib(strcat.c)
0000:27d3      strcat_
Module: C:\trabajos\programas\openwatcom/lib286/dos\clibl.lib(fflush.c)
0000:27fe      fflush_
Module: C:\trabajos\programas\openwatcom/lib286/dos\clibl.lib(strrchr.c)
0000:2813      strrchr_
Module: C:\trabajos\programas\openwatcom/lib286/dos\clibl.lib(stricmp.c)
0000:2838      stricmp_
Module: C:\trabajos\programas\openwatcom/lib286/dos\clibl.lib(accss.c)
0000:2875      access_
Module: C:\trabajos\programas\openwatcom/lib286/dos\clibl.lib(fopen.c)
0000:28af+     __open_flags_
0000:2aaf+     _fsopen_
0000:2b16      fopen_
0000:2bf1*     freopen_
Module: C:\trabajos\programas\openwatcom/lib286/dos\clibl.lib(fclose.c)
0000:2c67      __doclose_
0000:2d18      __shutdown_stream_
0000:2d32      fclose_
083e:2034+     ___RmTmpFileFn
Module: C:\trabajos\programas\openwatcom/lib286/dos\clibl.lib(system.c)
0000:2d7d      system_
Module: C:\trabajos\programas\openwatcom/lib286/dos\clibl.lib(_istrcc_.asm)
0000:2df8      strcasecmp_
Module: C:\trabajos\programas\openwatcom/lib286/dos\clibl.lib(getch.c)
0000:2dfd      getch_
Module: C:\trabajos\programas\openwatcom/lib286/dos\clibl.lib(strchr.c)
0000:2e17      strchr_
Module: C:\trabajos\programas\openwatcom/lib286/dos\clibl.lib(istable.c)
083e:051a      __IsTable
Module: C:\trabajos\programas\openwatcom/lib286/dos\clibl.lib(memmove.c)
0000:2e36      memmove_
Module: C:\trabajos\programas\openwatcom/lib286/dos\clibl.lib(strpbrk.c)
0000:2eac      strpbrk_
Module: C:\trabajos\programas\openwatcom/lib286/dos\clibl.lib(strcpy.c)
0000:2f05      strcpy_
Module: C:\trabajos\programas\openwatcom/lib286/dos\clibl.lib(fgets.c)
0000:2f50      fgets_
Module: C:\trabajos\programas\openwatcom/lib286/dos\clibl.lib(strcspn.c)
0000:2fdf      strcspn_
Module: C:\trabajos\programas\openwatcom/lib286/dos\clibl.lib(_istrncc.asm)
0000:3034      strncasecmp_
Module: C:\trabajos\programas\openwatcom/lib286/dos\clibl.lib(atoi.c)
0000:3039      atoi_
Module: C:\trabajos\programas\openwatcom/lib286/dos\clibl.lib(strtol.c)
0000:32e9*     strtoul_
0000:32fb      strtol_
Module: C:\trabajos\programas\openwatcom/lib286/dos\clibl.lib(fprintf.c)
0000:3304      fprintf_
Module: C:\trabajos\programas\openwatcom/lib286/dos\clibl.lib(cstart)
083e:0000*     __nullarea
083e:0828*     __ovlflag
083e:0829*     __intno
083e:082a*     __ovlvec
0000:3334      _cstart_
0000:3407*     _Not_Enough_Memory_
0000:353b      __exit_
0000:355a      __do_exit_with_msg__
0000:35b8      __GETDS
Module: C:\trabajos\programas\openwatcom/lib286/dos\clibl.lib(cmodel)
0000:35c2      _big_code_
0000:35c2*     CodeModelMismatch
Module: C:\trabajos\programas\openwatcom/lib286/dos\clibl.lib(argcv.c)
083e:2038      __argv
083e:203c      ___argv
083e:2040      __argc
083e:2042      ___argc
Module: C:\trabajos\programas\openwatcom/lib286/dos\clibl.lib(xmsg.c)
0000:35c2*     __exit_with_msg_
0000:35c7      __fatal_runtime_error_
Module: C:\trabajos\programas\openwatcom/lib286/dos\clibl.lib(crwdata)
083e:082e      __curbrk
083e:0836      __STACKLOW
083e:0838      __STACKTOP
083e:083a      __cbyte
083e:083c      __child
083e:083e      __no87
083e:084c      ___FPE_handler
083e:0830      __psp
083e:0840      __get_ovl_stack
083e:0844      __restore_ovl_stack
083e:0848      __close_ovl_file
083e:0850      __LpCmdLine
083e:0854      __LpPgmName
083e:0832      __osmajor
083e:0833      __osminor
083e:0834      __osmode
083e:0835      __HShift
Module: C:\trabajos\programas\openwatcom/lib286/dos\clibl.lib(prtf.c)
0000:35e6      __prtf_
Module: C:\trabajos\programas\openwatcom/lib286/dos\clibl.lib(intr.c)
0000:43b4      intr_
Module: C:\trabajos\programas\openwatcom/lib286/dos\clibl.lib(segread.c)
0000:43c8      segread_
Module: C:\trabajos\programas\openwatcom/lib286/dos\clibl.lib(fprtf.c)
0000:4402      __fprtf_
Module: C:\trabajos\programas\openwatcom/lib286/dos\clibl.lib(initfile.c)
0000:44cd      __InitFiles_
Module: C:\trabajos\programas\openwatcom/lib286/dos\clibl.lib(ioexit.c)
0000:461b*     fcloseall_
0000:4622      __full_io_exit_
Module: C:\trabajos\programas\openwatcom/lib286/dos\clibl.lib(flushall.c)
0000:462c      __flushall_
0000:4689      flushall_
Module: C:\trabajos\programas\openwatcom/lib286/dos\clibl.lib(gtche.c)
0000:468e      getche_
Module: C:\trabajos\programas\openwatcom/lib286/dos\clibl.lib(ioalloc.c)
0000:46a8      __ioalloc_
Module: C:\trabajos\programas\openwatcom/lib286/dos\clibl.lib(qread.c)
0000:4742      __qread_
Module: C:\trabajos\programas\openwatcom/lib286/dos\clibl.lib(seterrno.c)
0000:4762      __set_errno_
0000:4776*     __set_EDOM_
0000:4788*     __set_ERANGE_
0000:479a*     __set_EINVAL_
0000:47af      __set_doserrno_
Module: C:\trabajos\programas\openwatcom/lib286/dos\clibl.lib(flush.c)
0000:47bb      __flush_
Module: C:\trabajos\programas\openwatcom/lib286/dos\clibl.lib(gfattdos.c)
0000:48ee      _dos_getfileattr_
Module: C:\trabajos\programas\openwatcom/lib286/dos\clibl.lib(dosret.c)
0000:4905      _dosretax_
0000:490a*     _dosret0_
0000:4911      __set_errno_dos_
0000:496f*     __set_errno_dos_reterr_
Module: C:\trabajos\programas\openwatcom/lib286/dos\clibl.lib(comtflag.c)
0000:497a*     __set_commode_
083e:086c      __commode
Module: C:\trabajos\programas\openwatcom/lib286/dos\clibl.lib(tolower.c)
0000:4986      tolower_
Module: C:\trabajos\programas\openwatcom/lib286/dos\clibl.lib(open.c)
0000:4b90*     open_
0000:4bc7      sopen_
Module: C:\trabajos\programas\openwatcom/lib286/dos\clibl.lib(fseek.c)
0000:4c5f      fseek_
Module: C:\trabajos\programas\openwatcom/lib286/dos\clibl.lib(chktty.c)
0000:4dad      __chktty_
Module: C:\trabajos\programas\openwatcom/lib286/dos\clibl.lib(freefp.c)
0000:4dd8      __freefp_
0000:4e53      __purgefp_
Module: C:\trabajos\programas\openwatcom/lib286/dos\clibl.lib(allocfp.c)
0000:4e94      __allocfp_
Module: C:\trabajos\programas\openwatcom/lib286/dos\clibl.lib(__lseek.c)
0000:4fb6      __lseek_
Module: C:\trabajos\programas\openwatcom/lib286/dos\clibl.lib(_clse.c)
0000:4ff0      __close_
Module: C:\trabajos\programas\openwatcom/lib286/dos\clibl.lib(ffree.c)
0000:5023      _ffree_
0000:5023      free_
Module: C:\trabajos\programas\openwatcom/lib286/dos\clibl.lib(getenv.c)
0000:5069      getenv_
Module: C:\trabajos\programas\openwatcom/lib286/dos\clibl.lib(_slashc.c)
0000:512e      __Slash_C_
Module: C:\trabajos\programas\openwatcom/lib286/dos\clibl.lib(splp.c)
0000:515a      spawnlp_
Module: C:\trabajos\programas\openwatcom/lib286/dos\clibl.lib(setbits.c)
0000:5178      __setbits_
Module: C:\trabajos\programas\openwatcom/lib286/dos\clibl.lib(bits.c)
083e:061c      __Bits
Module: C:\trabajos\programas\openwatcom/lib286/dos\clibl.lib(strnicmp.c)
0000:51d0      strnicmp_
Module: C:\trabajos\programas\openwatcom/lib286/dos\clibl.lib(i4m)
0000:5220*     __I4M
0000:5220      __U4M
Module: C:\trabajos\programas\openwatcom/lib286/dos\clibl.lib(cmain086.c)
0000:5238      __CMain
Module: C:\trabajos\programas\openwatcom/lib286/dos\clibl.lib(initrtns.c)
0000:529e      __InitRtns
0000:529e*     __FInitRtns
0000:52f9      __FiniRtns
0000:52f9*     __FFiniRtns
Module: C:\trabajos\programas\openwatcom/lib286/dos\clibl.lib(uselfn.c)
083e:086e      ___uselfn
Module: C:\trabajos\programas\openwatcom/lib286/dos\clibl.lib(dosseg)
0000:535e      __DOSseg__
Module: C:\trabajos\programas\openwatcom/lib286/dos\clibl.lib(initargv.c)
0000:535f      __Init_Argv_
0000:53c2+     _getargv_
0000:55c1      __Fini_Argv_
Module: C:\trabajos\programas\openwatcom/lib286/dos\clibl.lib(enterdb.c)
0000:55eb      __EnterWVIDEO_
083e:0870+     ___WD_Present
Module: C:\trabajos\programas\openwatcom/lib286/dos\clibl.lib(wctomb.c)
0000:560f      wctomb_
Module: C:\trabajos\programas\openwatcom/lib286/dos\clibl.lib(itoa.c)
0000:5638+     utoa_
0000:5695      itoa_
Module: C:\trabajos\programas\openwatcom/lib286/dos\clibl.lib(strupr.c)
0000:56b9      strupr_
Module: C:\trabajos\programas\openwatcom/lib286/dos\clibl.lib(noefgfmt.c)
083e:0872      ___EFG_printf
083e:0876*     ___EFG_scanf
Module: C:\trabajos\programas\openwatcom/lib286/dos\clibl.lib(mbisdbcs.c)
083e:2048      ___IsDBCS
Module: C:\trabajos\programas\openwatcom/lib286/dos\clibl.lib(mbislead.c)
0000:56ee*     _ismbblead_
083e:204a      ___MBCSIsTable
Module: C:\trabajos\programas\openwatcom/lib286/dos\clibl.lib(lltoa.c)
0000:570a      ulltoa_
0000:57ef*     lltoa_
Module: C:\trabajos\programas\openwatcom/lib286/dos\clibl.lib(ltoa.c)
0000:5851      ultoa_
0000:58c0*     ltoa_
Module: C:\trabajos\programas\openwatcom/lib286/dos\clibl.lib(dointr)
0000:58f0      _DoINTR_
Module: C:\trabajos\programas\openwatcom/lib286/dos\clibl.lib(fputc.c)
0000:5c69      fputc_
Module: C:\trabajos\programas\openwatcom/lib286/dos\clibl.lib(nmalloc.c)
0000:5d39      _nmalloc_
083e:087a      ___nheapbeg
083e:087c      ___MiniHeapRover
083e:087e      ___LargestSizeB4MiniHeapRover
Module: C:\trabajos\programas\openwatcom/lib286/dos\clibl.lib(fmalloc.c)
0000:5e13      _fmalloc_
0000:5e13      malloc_
083e:0880+     ___fheap
083e:0882      ___fheapRover
083e:0884      ___LargestSizeB4Rover
Module: C:\trabajos\programas\openwatcom/lib286/dos\clibl.lib(errno.c)
0000:5f20      __get_errno_ptr_
0000:5f27      __get_doserrno_ptr_
083e:214c+     _errno
083e:214e+     __doserrno
Module: C:\trabajos\programas\openwatcom/lib286/dos\clibl.lib(qwrit.c)
0000:5f2e      __qwrite_
Module: C:\trabajos\programas\openwatcom/lib286/dos\clibl.lib(fsync.c)
0000:5f8b      fsync_
Module: C:\trabajos\programas\openwatcom/lib286/dos\clibl.lib(doserror)
0000:5f90      __doserror_
Module: C:\trabajos\programas\openwatcom/lib286/dos\clibl.lib(opendos.c)
0000:5f9e      _dos_open_
Module: C:\trabajos\programas\openwatcom/lib286/dos\clibl.lib(iomode.c)
0000:5fc4      __GetIOMode_
0000:5fe9      __SetIOMode_nogrow_
083e:0886      ___NFiles
083e:0888      ___init_mode
083e:08b0      ___io_mode
Module: C:\trabajos\programas\openwatcom/lib286/dos\clibl.lib(isatt.c)
0000:600c      isatty_
Module: C:\trabajos\programas\openwatcom/lib286/dos\clibl.lib(umaskval.c)
083e:08b4      ___umaskval
Module: C:\trabajos\programas\openwatcom/lib286/dos\clibl.lib(creatdos.c)
0000:6028      _dos_creat_
0000:604c*     _dos_creatnew_
Module: C:\trabajos\programas\openwatcom/lib286/dos\clibl.lib(stiomode.c)
0000:606e+     __grow_iomode_
0000:6131+     __shrink_iomode_
0000:616c      __SetIOMode_
Module: C:\trabajos\programas\openwatcom/lib286/dos\clibl.lib(lseek.c)
0000:61cf      lseek_
Module: C:\trabajos\programas\openwatcom/lib286/dos\clibl.lib(tell.c)
0000:6200      tell_
Module: C:\trabajos\programas\openwatcom/lib286/dos\clibl.lib(mem.c)
0000:6220      __MemAllocator
0000:62ea      __MemFree
Module: C:\trabajos\programas\openwatcom/lib286/dos\clibl.lib(nfree.c)
0000:6447      _nfree_
083e:2152+     ___MiniHeapFreeRover
Module: C:\trabajos\programas\openwatcom/lib286/dos\clibl.lib(environ.c)
083e:2154      ___env_mask
083e:2158      _environ
083e:215c*     __wenviron
Module: C:\trabajos\programas\openwatcom/lib286/dos\clibl.lib(mbterm.c)
0000:6542      _mbterm_
Module: C:\trabajos\programas\openwatcom/lib286/dos\clibl.lib(mbsnextc.c)
0000:6584      _mbsnextc_
Module: C:\trabajos\programas\openwatcom/lib286/dos\clibl.lib(mbcupper.c)
0000:65b5      _mbctoupper_
Module: C:\trabajos\programas\openwatcom/lib286/dos\clibl.lib(mbsinc.c)
0000:65d8      _mbsinc_
Module: C:\trabajos\programas\openwatcom/lib286/dos\clibl.lib(spvp.c)
0000:6614      spawnvp_
Module: C:\trabajos\programas\openwatcom/lib286/dos\clibl.lib(___argc.c)
083e:2160      ____Argv
083e:2164      ____Argc
Module: C:\trabajos\programas\openwatcom/lib286/dos\clibl.lib(amblksiz.c)
083e:08b6      __amblksiz
Module: C:\trabajos\programas\openwatcom/lib286/dos\clibl.lib(exit.c)
0000:6635+     __null_int23_exit_
0000:6636      exit_
0000:6667*     _exit_
083e:08b8+     ___int23_exit
083e:08bc+     ___FPE_handler_exit
Module: C:\trabajos\programas\openwatcom/lib286/dos\clibl.lib(sgdef086)
083e:0908      __Start_XI
083e:092c      __End_XI
083e:092c      __Start_YI
083e:0944      __End_YI
Module: C:\trabajos\programas\openwatcom/lib286/dos\clibl.lib(histsplt.c)
083e:2166      ___historical_splitparms
Module: C:\trabajos\programas\openwatcom/lib286/dos\clibl.lib(alphabet.c)
083e:04c8      ___Alphabet
Module: C:\trabajos\programas\openwatcom/lib286/dos\clibl.lib(mbinit.c)
0000:66be      __mbinit_
083e:08c0      ___MBCodePage
Module: C:\trabajos\programas\openwatcom/lib286/dos\clibl.lib(nmemneed.c)
0000:6799      __nmemneed_
Module: C:\trabajos\programas\openwatcom/lib286/dos\clibl.lib(grownear.c)
0000:6821      __LastFree_
0000:689b      __ExpandDGROUP_
Module: C:\trabajos\programas\openwatcom/lib286/dos\clibl.lib(hpgrw086.c)
0000:69ac      __CMain_nheapgrow_
Module: C:\trabajos\programas\openwatcom/lib286/dos\clibl.lib(growseg.c)
0000:69b1      __GrowSeg_
Module: C:\trabajos\programas\openwatcom/lib286/dos\clibl.lib(allocseg.c)
0000:6aa3      __AllocSeg_
Module: C:\trabajos\programas\openwatcom/lib286/dos\clibl.lib(fmemneed.c)
0000:6b3a      __fmemneed_
Module: C:\trabajos\programas\openwatcom/lib286/dos\clibl.lib(filedos.c)
0000:6b3d*     _dos_close_
0000:6b4b      _dos_commit_
Module: C:\trabajos\programas\openwatcom/lib286/dos\clibl.lib(frealloc.c)
0000:6b5b*     _frealloc_
0000:6b5b      realloc_
Module: C:\trabajos\programas\openwatcom/lib286/dos\clibl.lib(iomodtty.c)
0000:6c37      __ChkTTYIOMode_
0000:6c75*     __IOMode_
Module: C:\trabajos\programas\openwatcom/lib286/dos\clibl.lib(setenvp.c)
0000:6ca3      __setenvp_
0000:6da6      __freeenvp_
Module: C:\trabajos\programas\openwatcom/lib286/dos\clibl.lib(mbdtoupp.c)
0000:6e04      _mbdtoupper_
Module: C:\trabajos\programas\openwatcom/lib286/dos\clibl.lib(toupper.c)
0000:6e12      toupper_
Module: C:\trabajos\programas\openwatcom/lib286/dos\clibl.lib(spvpe.c)
0000:6e20      spawnvpe_
Module: C:\trabajos\programas\openwatcom/lib286/dos\clibl.lib(heapen.c)
0000:6f9d*     _heapenable_
083e:08c2      ___heap_enabled
Module: C:\trabajos\programas\openwatcom/lib286/dos\clibl.lib(sbrk.c)
0000:6fae*     sbrk_
0000:6fbe      __brk_
Module: C:\trabajos\programas\openwatcom/lib286/dos\clibl.lib(heapgrow.c)
0000:7028*     _heapgrow_
0000:7028*     _fheapgrow_
0000:7029      _nheapgrow_
Module: C:\trabajos\programas\openwatcom/lib286/dos\clibl.lib(fmsize.c)
0000:70a3*     _msize_
0000:70a3      _fmsize_
Module: C:\trabajos\programas\openwatcom/lib286/dos\clibl.lib(nexpand.c)
0000:70b4      __HeapManager_expand_
0000:722b      _nexpand_
Module: C:\trabajos\programas\openwatcom/lib286/dos\clibl.lib(fexpand.c)
0000:727e      _fexpand_
0000:727e*     _expand_
Module: C:\trabajos\programas\openwatcom/lib286/dos\clibl.lib(clearenv.c)
0000:72b3      clearenv_
Module: C:\trabajos\programas\openwatcom/lib286/dos\clibl.lib(spve.c)
0000:7401      spawnve_
Module: C:\trabajos\programas\openwatcom/lib286/dos\clibl.lib(memcpy.c)
0000:7803      memcpy_
Module: C:\trabajos\programas\openwatcom/lib286/dos\clibl.lib(bfree.c)
0000:7825      _bfree_
Module: C:\trabajos\programas\openwatcom/lib286/dos\clibl.lib(bexpand.c)
0000:784a      _bexpand_
Module: C:\trabajos\programas\openwatcom/lib286/dos\clibl.lib(finddos.c)
0000:78a3      _dos_findfirst_
0000:78d6*     _dos_findnext_
0000:78e9*     _dos_findclose_
Module: C:\trabajos\programas\openwatcom/lib286/dos\clibl.lib(cenvarg.c)
0000:7906      __cenvarg_
0000:7af6      __ccmdline_
Module: C:\trabajos\programas\openwatcom/lib286/dos\clibl.lib(dospawn)
0000:7b87      __dospawn
Module: C:\trabajos\programas\openwatcom/lib286/dos\clibl.lib(execaddr.c)
0000:7c6f      __execaddr_
083e:08fc+     ___Exec_addr
Module: C:\trabajos\programas\openwatcom/lib286/dos\clibl.lib(stack086.c)
0000:7c7c      stackavail_
Module: C:\trabajos\programas\openwatcom/lib286/dos\clibl.lib(split2.c)
0000:7d04      _splitpath2_
Module: C:\trabajos\programas\openwatcom/lib286/dos\clibl.lib(save8087.c)
083e:0900      ___Save8087
083e:0904      ___Rest8087
Module: C:\trabajos\programas\openwatcom/lib286/dos\clibl.lib(dosmem)
0000:7eb6      _dos_allocmem_
0000:7ed8      _dos_freemem_
0000:7ee6*     _dos_setblock_
Module: C:\trabajos\programas\openwatcom/lib286/dos\clibl.lib(fmemcpy.c)
0000:7f02      _fmemcpy_
Module: C:\trabajos\programas\openwatcom/lib286/dos\clibl.lib(makepath.c)
0000:7f3e      _makepath_
Module: C:\trabajos\programas\openwatcom/lib286/dos\clibl.lib(spl.c)
0000:818a      spawnl_
Module: C:\trabajos\programas\openwatcom/lib286/dos\clibl.lib(mbsnccnt.c)
0000:81b5      _mbsnccnt_
Module: C:\trabajos\programas\openwatcom/lib286/dos\clibl.lib(mbsncpy.c)
0000:81e9      _mbsncpy_
Module: C:\trabajos\programas\openwatcom/lib286/dos\clibl.lib(mbsnbcnt.c)
0000:821f      _mbsnbcnt_
Module: C:\trabajos\programas\openwatcom/lib286/dos\clibl.lib(mbconv.c)
0000:8298      _mbvtop_
Module: C:\trabajos\programas\openwatcom/lib286/dos\clibl.lib(mbclen.c)
0000:82ad      _mbclen_
Module: C:\trabajos\programas\openwatcom/lib286/dos\clibl.lib(mbsdec.c)
0000:82db      _mbsdec_
Module: C:\trabajos\programas\openwatcom/lib286/dos\clibl.lib(mbsnbcpy.c)
0000:8368      _mbsnbcpy_


                        +--------------------+
                        |   Libraries Used   |
                        +--------------------+

C:\trabajos\programas\openwatcom/lib286/dos\clibl.lib


                        +-----------------------+
                        |   Linker Statistics   |
                        +-----------------------+

Stack size:  0800 (2048.)
Memory size:  ad50 (44368.)
Entry point address: 0000:3334
Link time: 00:00.16
