Open Watcom Linker Version 1.9
Portions Copyright (c) 1985-2002 Sybase, Inc. All Rights Reserved.
Created on:       26/07/05 12:38:54
Executable Image: shdos.exe
creating a Windows NT character-mode executable


                        +------------+
                        |   Groups   |
                        +------------+

Group                           Address              Size
=====                           =======              ====

.idata                          0040b000             00000604
DGROUP                          0040c000             00012e80



                        +--------------+
                        |   Segments   |
                        +--------------+

Segment                Class          Group          Address         Size
=======                =====          =====          =======         ====

BEGTEXT                CODE           AUTO           00401000        00000007
_TEXT                  CODE           AUTO           00401010        00009980
TRANSFER CODE          CODE           AUTO           0040a990        0000013e
.idata                 .idata         .idata         0040b000        00000604
_NULL                  BEGDATA        DGROUP         0040c000        00000004
_AFTERNULL             BEGDATA        DGROUP         0040c004        00000000
CONST                  DATA           DGROUP         0040c004        00000444
CONST2                 DATA           DGROUP         0040c448        00000000
_DATA                  DATA           DGROUP         0040c448        0000059c
XIB                    DATA           DGROUP         0040c9e4        00000000
XI                     DATA           DGROUP         0040c9e4        00000024
XIE                    DATA           DGROUP         0040ca08        00000000
YIB                    DATA           DGROUP         0040ca08        00000000
YI                     DATA           DGROUP         0040ca08        0000001e
YIE                    DATA           DGROUP         0040ca26        00000000
TIB                    DATA           DGROUP         0040ca26        00000000
TI                     DATA           DGROUP         0040ca26        00000000
TIE                    DATA           DGROUP         0040ca26        00000000
DATA                   DATA           DGROUP         0040ca26        00000000
_BSS                   BSS            DGROUP         0040d000        00001e80
STACK                  STACK          DGROUP         0040ee80        00010000


                        +----------------+
                        |   Memory Map   |
                        +----------------+

* = unreferenced symbol
+ = symbol only referenced locally

Address        Symbol
=======        ======

Module: main.obj(C:\trabajos\programas\shdos\pr32bits\main.c)
0040d000+      _conf
0040d068+      _value
0040d0aa+      _stmp
0040d0ec+      _line
0040d12e+      _smallbuffer
0040d170+      _tmp
0040d172+      _original_attr
0040d174+      _global_attr
0040d176+      _command
0040d277+      _currentpath
0040d65e+      _prompt
0040da45+      _confpath
0040de2c+      _shellpath
0040e213+      _mediumbuffer
00401010+      getWidth_
0040105b+      getOriginalCmdTextColor_
00401099+      restoreCmdTextColor_
004010d1+      setCursorPosition_
00401119+      fill_line_
004011ca+      print_colored_text_
00401226+      print_colored_text_xy_
004012cf+      setPromptBuffer_
00401358+      drawPrompt_
004013ad+      getOSBits_
004013d8+      executeCommand_
0040181f+      isExecutable_
004018a5+      commandNotFound_
00401948+      invalidExecutable_
004019a2+      unsupportedComFile_
004019fc+      cls_
00401a36+      ver_
00401ab4+      cmd_
0040259b+      trim_
00402645+      showWelcome_
00402849+      clearcmdbuffer_
00402885+      getExePath_
004028f8+      getValueFromKey_
004029b6+      getCorrectValueToLoad_
00402a88+      getDefaultConfiguration_
00402b4f       main_
0040c448+      _pos
0040c44c+      _firsttime
0040e314+      _largebuffer
0040e6fb+      _separator
Module: C:\trabajos\programas\openwatcom/lib386/nt\clib3r.lib(stk)
00402b89       __CHK
00402b99*      __STK
00402bb8*      __STKOVERFLOW_
00402bc8       __GRO
00402be8*      __alloca_probe
Module: C:\trabajos\programas\openwatcom/lib386/nt\clib3r.lib(strlen.c)
00402c00       strlen_
Module: C:\trabajos\programas\openwatcom/lib386/nt\clib3r.lib(memset.c)
00402c20       memset_
Module: C:\trabajos\programas\openwatcom/lib386/nt\clib3r.lib(strncpy.c)
00402c40       strncpy_
Module: C:\trabajos\programas\openwatcom/lib386/nt\clib3r.lib(strcat.c)
00402c80       strcat_
Module: C:\trabajos\programas\openwatcom/lib386/nt\clib3r.lib(snprintf.c)
00402cf0+      vsnprintf_
00402d50       snprintf_
Module: C:\trabajos\programas\openwatcom/lib386/nt\clib3r.lib(iob.c)
0040c460       ___iob
0040c668       __fmode
0040e6fc       ___OpenStreams
0040e700       ___ClosedStreams
Module: C:\trabajos\programas\openwatcom/lib386/nt\clib3r.lib(fflush.c)
00402d80       fflush_
Module: C:\trabajos\programas\openwatcom/lib386/nt\clib3r.lib(strrchr.c)
00402d90       strrchr_
Module: C:\trabajos\programas\openwatcom/lib386/nt\clib3r.lib(stricmp.c)
00402db0       stricmp_
Module: C:\trabajos\programas\openwatcom/lib386/nt\clib3r.lib(accsswnt.c)
00402df0       access_
Module: C:\trabajos\programas\openwatcom/lib386/nt\clib3r.lib(fopen.c)
00402e20+      __open_flags_
00403030+      _fsopen_
00403080       fopen_
00403110*      freopen_
Module: C:\trabajos\programas\openwatcom/lib386/nt\clib3r.lib(fclose.c)
00403180       __doclose_
00403220       __shutdown_stream_
00403240       fclose_
0040e704+      ___RmTmpFileFn
Module: C:\trabajos\programas\openwatcom/lib386/nt\clib3r.lib(system.c)
004032c0       system_
Module: C:\trabajos\programas\openwatcom/lib386/nt\clib3r.lib(_istrcc_.asm)
00403334       strcasecmp_
Module: C:\trabajos\programas\openwatcom/lib386/nt\clib3r.lib(fgets.c)
00403340       fgets_
Module: C:\trabajos\programas\openwatcom/lib386/nt\clib3r.lib(strcspn.c)
004033b0       strcspn_
Module: C:\trabajos\programas\openwatcom/lib386/nt\clib3r.lib(_istrncc.asm)
004033f8       strncasecmp_
Module: C:\trabajos\programas\openwatcom/lib386/nt\clib3r.lib(atoi.c)
00403400       atoi_
Module: C:\trabajos\programas\openwatcom/lib386/nt\clib3r.lib(strtol.c)
00403670*      strtoul_
00403680       strtol_
Module: C:\trabajos\programas\openwatcom/lib386/nt\clib3r.lib(fprintf.c)
00403690       fprintf_
Module: C:\trabajos\programas\openwatcom/lib386/nt\clib3r.lib(getchwnt.c)
004037c0       getch_
Module: C:\trabajos\programas\openwatcom/lib386/nt\clib3r.lib(strchr.c)
00403830       strchr_
Module: C:\trabajos\programas\openwatcom/lib386/nt\clib3r.lib(istable.c)
00403850       __IsTable
Module: C:\trabajos\programas\openwatcom/lib386/nt\clib3r.lib(memmove.c)
00403960       memmove_
Module: C:\trabajos\programas\openwatcom/lib386/nt\clib3r.lib(strpbrk.c)
004039c0       strpbrk_
Module: C:\trabajos\programas\openwatcom/lib386/nt\clib3r.lib(strcpy.c)
00403a10       strcpy_
Module: C:\trabajos\programas\openwatcom/lib386/nt\clib3r.lib(cstrtwnt)
00403a34       _cstart_
00403a34*      mainCRTStartup
Module: C:\trabajos\programas\openwatcom/lib386/nt\clib3r.lib(argcv.c)
0040e714       __argc
0040e718       __argv
0040e71c       ___argv
0040e720       ___argc
Module: C:\trabajos\programas\openwatcom/lib386/nt\clib3r.lib(xmsgwnt.c)
00403a90+      __exit_with_msg_
00403af0       __fatal_runtime_error_
Module: C:\trabajos\programas\openwatcom/lib386/nt\clib3r.lib(mainwnt.c)
0040c6fc*      ___TlsIndex
0040c700+      ___FirstThreadData
0040c704       ___GetThreadPtr
0040c708       __AccessFileH
0040c70c       __ReleaseFileH
0040c710       __AccessIOB
0040c714       __ReleaseIOB
0040c718       __AccessNHeap
0040c71c*      __AccessFHeap
0040c720       __ReleaseNHeap
00403b20*      __threadid_
00403b40+      __sig_null_rtn_
00403b50+      __NTInit_
00403d30+      __NTFini_
00403d90       __NTMainInit_
00403df0       __exit_
0040c724*      __ReleaseFHeap
0040c728*      __AccessTDList
0040c72c*      __ReleaseTDList
0040c730       __AccessFList
0040c734       __ReleaseFList
0040c738+      __ThreadExitRtn
0040c73c       ___sig_init_rtn
0040c740       ___sig_fini_rtn
0040c744       ___process_fini
0040e72c       ___Is_DLL
Module: C:\trabajos\programas\openwatcom/lib386/nt\clib3r.lib(__stos)
00403e40       __STOSB
00403e77*      __STOSD
Module: C:\trabajos\programas\openwatcom/lib386/nt\clib3r.lib(prtf.c)
00403ef0       __prtf_
Module: C:\trabajos\programas\openwatcom/lib386/nt\clib3r.lib(initfile.c)
00404bf0       __InitFiles_
Module: C:\trabajos\programas\openwatcom/lib386/nt\clib3r.lib(ioexit.c)
00404cf0*      fcloseall_
00404d00       __full_io_exit_
Module: C:\trabajos\programas\openwatcom/lib386/nt\clib3r.lib(flush.c)
00404d10       __flush_
Module: C:\trabajos\programas\openwatcom/lib386/nt\clib3r.lib(flushall.c)
00404e10       __flushall_
00404e50       flushall_
Module: C:\trabajos\programas\openwatcom/lib386/nt\clib3r.lib(fgtattr.c)
00404e60       __fixed_GetFileAttributesA_
Module: C:\trabajos\programas\openwatcom/lib386/nt\clib3r.lib(dosret.c)
00404f00*      _dosretax_
00404f10*      _dosret0_
00404f20       __set_errno_dos_
00404f50*      __set_errno_dos_reterr_
00404f60       __set_errno_nt_
00404f70*      __set_errno_nt_reterr_
Module: C:\trabajos\programas\openwatcom/lib386/nt\clib3r.lib(comtflag.c)
00404f90*      __set_commode_
0040c84c       __commode
Module: C:\trabajos\programas\openwatcom/lib386/nt\clib3r.lib(seterrno.c)
00404f9b       __set_errno_
00404fa9*      __set_EDOM_
00404fb7*      __set_ERANGE_
00404fc5*      __set_EINVAL_
00404fd8       __set_doserrno_
Module: C:\trabajos\programas\openwatcom/lib386/nt\clib3r.lib(tolower.c)
00404ff0       tolower_
Module: C:\trabajos\programas\openwatcom/lib386/nt\clib3r.lib(openwnt.c)
00405200*      open_
00405220       sopen_
Module: C:\trabajos\programas\openwatcom/lib386/nt\clib3r.lib(fseek.c)
004052a0       fseek_
Module: C:\trabajos\programas\openwatcom/lib386/nt\clib3r.lib(chktty.c)
004053b0       __chktty_
Module: C:\trabajos\programas\openwatcom/lib386/nt\clib3r.lib(freefp.c)
004053f0       __freefp_
00405440       __purgefp_
Module: C:\trabajos\programas\openwatcom/lib386/nt\clib3r.lib(allocfp.c)
00405470       __allocfp_
Module: C:\trabajos\programas\openwatcom/lib386/nt\clib3r.lib(__lseek.c)
00405540       __lseek_
Module: C:\trabajos\programas\openwatcom/lib386/nt\clib3r.lib(_clsewnt.c)
00405580       __close_
Module: C:\trabajos\programas\openwatcom/lib386/nt\clib3r.lib(nfree.c)
004055e0       _nfree_
004055e0       free_
0040ed48       ___MiniHeapFreeRover
Module: C:\trabajos\programas\openwatcom/lib386/nt\clib3r.lib(getenv.c)
004056f0       getenv_
Module: C:\trabajos\programas\openwatcom/lib386/nt\clib3r.lib(fileinfo.c)
0040c850       __fileinfo
Module: C:\trabajos\programas\openwatcom/lib386/nt\clib3r.lib(_slashc.c)
00405780       __Slash_C_
Module: C:\trabajos\programas\openwatcom/lib386/nt\clib3r.lib(splp.c)
00405790       spawnlp_
Module: C:\trabajos\programas\openwatcom/lib386/nt\clib3r.lib(fgetc.c)
004057b0+      __fill_buffer_
004058b0       fgetc_
Module: C:\trabajos\programas\openwatcom/lib386/nt\clib3r.lib(setbits.c)
00405970       __setbits_
Module: C:\trabajos\programas\openwatcom/lib386/nt\clib3r.lib(bits.c)
004059b0       __Bits
Module: C:\trabajos\programas\openwatcom/lib386/nt\clib3r.lib(strnicmp.c)
004059c0       strnicmp_
Module: C:\trabajos\programas\openwatcom/lib386/nt\clib3r.lib(fprtf.c)
00405a30       __fprtf_
Module: C:\trabajos\programas\openwatcom/lib386/nt\clib3r.lib(conutwnt.c)
00405b00       __NTRealKey_
00405bb0       __NTConsoleInput_
00405bc0       __NTConsoleOutput_
Module: C:\trabajos\programas\openwatcom/lib386/nt\clib3r.lib(crwdata)
0040c8a0       __osmajor
0040c8a1       __osminor
0040c8a2       __osbuild
0040c8a4       __osver
0040c8a8       __winmajor
0040c8ac       __winminor
0040c8b0       __winver
0040c86c       __LpDllName
0040c870       __LpwCmdLine
0040c874       __LpwPgmName
0040c878       __LpwDllName
0040c864       __LpCmdLine
0040c868       __LpPgmName
0040c85c*      __dynend
0040c860       __curbrk
0040c87c*      __STACKLOW
0040c880       __STACKTOP
0040c884       __ASTACKSIZ
0040c888       __ASTACKPTR
0040c88c       __cbyte
0040c890*      __cbyte2
0040c894*      __child
0040c89a       __Envptr
0040c89e*      __Envseg
0040c898*      __no87
0040c8b4       ___FPE_handler
Module: C:\trabajos\programas\openwatcom/lib386/nt\clib3r.lib(main2wnt.c)
00405bd0       __NTMain
Module: C:\trabajos\programas\openwatcom/lib386/nt\clib3r.lib(segdefns)
00401003       ___begtext
0040c000*      __nullarea
0040c9e4       __Start_XI
0040ca08       __End_XI
0040ca08       __Start_YI
0040ca26       __End_YI
Module: C:\trabajos\programas\openwatcom/lib386/nt\clib3r.lib(initargv.c)
00405c30       __Init_Argv_
00405c80+      _getargv_
00405e20       __Fini_Argv_
Module: C:\trabajos\programas\openwatcom/lib386/nt\clib3r.lib(enterdb.c)
00405e30       __EnterWVIDEO_
0040c8b8+      ___WD_Present
Module: C:\trabajos\programas\openwatcom/lib386/nt\clib3r.lib(hdlman.c)
0040c8bc+      ___NHandles
0040c8c0+      ___OSHandles
0040c8c4+      ___FakeHandles
00405e60+      __growPOSIXHandles_
00405f00       __allocPOSIXHandle_
00405fc0       __freePOSIXHandle_
00405fe0       __getOSHandle_
00405ff0       __setOSHandle_
00406040+      __NTGetFakeHandle_
004060b0       __initPOSIXHandles_
00406190*      __set_handles_
004061a0*      _grow_handles_
Module: C:\trabajos\programas\openwatcom/lib386/nt\clib3r.lib(environ.c)
0040ed50       ___env_mask
0040ed54       _environ
0040ed58       __wenviron
Module: C:\trabajos\programas\openwatcom/lib386/nt\clib3r.lib(getmodfn.c)
004061e0       __lib_GetModuleFileNameW_
Module: C:\trabajos\programas\openwatcom/lib386/nt\clib3r.lib(strdup.c)
00406280       __clib_strdup_
Module: C:\trabajos\programas\openwatcom/lib386/nt\clib3r.lib(ustrdup.c)
004062c0       __clib_wcsdup_
Module: C:\trabajos\programas\openwatcom/lib386/nt\clib3r.lib(excptwnt.c)
00406950+      ___ReportException@4
00406da0       __DefaultExceptionHandler_
00406de0+      ___ExceptionFilter
00406ff0       __NewExceptionFilter_
00407020       __DoneExceptionFilter_
0040c8d0       ___oscode_check_func
0040c8d4       ___raise_func
0040ed5c*      _sw
0040ed60+      ___ExceptionHandled
0040ed61+      ___ReportInvoked
Module: C:\trabajos\programas\openwatcom/lib386/nt\clib3r.lib(stklmwnt.c)
00407060       __init_stack_limits_
Module: C:\trabajos\programas\openwatcom/lib386/nt\clib3r.lib(initrtns.c)
004070e0       __InitRtns
00407130       __FiniRtns
Module: C:\trabajos\programas\openwatcom/lib386/nt\clib3r.lib(wctomb.c)
00407190       wctomb_
Module: C:\trabajos\programas\openwatcom/lib386/nt\clib3r.lib(itoa.c)
004071d0+      utoa_
00407220       itoa_
Module: C:\trabajos\programas\openwatcom/lib386/nt\clib3r.lib(strupr.c)
00407250       strupr_
Module: C:\trabajos\programas\openwatcom/lib386/nt\clib3r.lib(noefgfmt.c)
0040c8ec       ___EFG_printf
0040c8f0*      ___EFG_scanf
Module: C:\trabajos\programas\openwatcom/lib386/nt\clib3r.lib(lltoa.c)
004072c0       ulltoa_
00407330*      lltoa_
Module: C:\trabajos\programas\openwatcom/lib386/nt\clib3r.lib(ltoa.c)
00407360       ultoa_
004073b0*      ltoa_
Module: C:\trabajos\programas\openwatcom/lib386/nt\clib3r.lib(mbisdbcs.c)
0040ed64       ___IsDBCS
Module: C:\trabajos\programas\openwatcom/lib386/nt\clib3r.lib(mbislead.c)
004073e0*      _ismbblead_
0040ed68       ___MBCSIsTable
Module: C:\trabajos\programas\openwatcom/lib386/nt\clib3r.lib(nmalloc.c)
00407400       _nmalloc_
00407400       malloc_
0040c8f4       ___nheapbeg
0040c8f8       ___MiniHeapRover
0040c8fc       ___LargestSizeB4MiniHeapRover
Module: C:\trabajos\programas\openwatcom/lib386/nt\clib3r.lib(fsync.c)
00407500       fsync_
Module: C:\trabajos\programas\openwatcom/lib386/nt\clib3r.lib(qwrit.c)
00407550       __qwrite_
Module: C:\trabajos\programas\openwatcom/lib386/nt\clib3r.lib(ntfio.c)
00407630*      __GetNTCreateAttr_
00407670       __GetNTAccessAttr_
004076a0       __GetNTShareAttr_
Module: C:\trabajos\programas\openwatcom/lib386/nt\clib3r.lib(umaskval.c)
0040c900       ___umaskval
Module: C:\trabajos\programas\openwatcom/lib386/nt\clib3r.lib(isattwnt.c)
00407700       isatty_
Module: C:\trabajos\programas\openwatcom/lib386/nt\clib3r.lib(stiomode.c)
00407720       __grow_iomode_
004077f0+      __shrink_iomode_
00407830       __SetIOMode_
Module: C:\trabajos\programas\openwatcom/lib386/nt\clib3r.lib(lseek.c)
004078a0       lseek_
Module: C:\trabajos\programas\openwatcom/lib386/nt\clib3r.lib(tell.c)
004078f0       tell_
Module: C:\trabajos\programas\openwatcom/lib386/nt\clib3r.lib(iomode.c)
00407910       __GetIOMode_
00407930       __SetIOMode_nogrow_
0040c904       ___NFiles
0040c908       ___init_mode
0040c958       ___io_mode
Module: C:\trabajos\programas\openwatcom/lib386/nt\clib3r.lib(mem.c)
00407950       __MemAllocator
00407a00       __MemFree
Module: C:\trabajos\programas\openwatcom/lib386/nt\clib3r.lib(mbterm.c)
00407b40       _mbterm_
Module: C:\trabajos\programas\openwatcom/lib386/nt\clib3r.lib(mbsnextc.c)
00407b80       _mbsnextc_
Module: C:\trabajos\programas\openwatcom/lib386/nt\clib3r.lib(mbcupper.c)
00407bc0       _mbctoupper_
Module: C:\trabajos\programas\openwatcom/lib386/nt\clib3r.lib(mbsinc.c)
00407bf0       _mbsinc_
Module: C:\trabajos\programas\openwatcom/lib386/nt\clib3r.lib(spvp.c)
00407c20       spawnvp_
Module: C:\trabajos\programas\openwatcom/lib386/nt\clib3r.lib(gtchewnt.c)
00407c30       getche_
Module: C:\trabajos\programas\openwatcom/lib386/nt\clib3r.lib(ioalloc.c)
00407c60       __ioalloc_
Module: C:\trabajos\programas\openwatcom/lib386/nt\clib3r.lib(qread.c)
00407d00       __qread_
Module: C:\trabajos\programas\openwatcom/lib386/nt\clib3r.lib(fputc.c)
00407d70       fputc_
Module: C:\trabajos\programas\openwatcom/lib386/nt\clib3r.lib(mthrdini.c)
00407e50       __InitThreadData_
0040c95c       ___ThreadDataSize
Module: C:\trabajos\programas\openwatcom/lib386/nt\clib3r.lib(cmain386.c)
00407e80       __CMain
Module: C:\trabajos\programas\openwatcom/lib386/nt\clib3r.lib(dosseg)
00001234       __DOSseg__
Module: C:\trabajos\programas\openwatcom/lib386/nt\clib3r.lib(histsplt.c)
0040ee70       ___historical_splitparms
Module: C:\trabajos\programas\openwatcom/lib386/nt\clib3r.lib(___argc.c)
0040ee74       ____Argc
0040ee78       ____Argv
Module: C:\trabajos\programas\openwatcom/lib386/nt\clib3r.lib(nrealloc.c)
00407ec0*      _nrealloc_
00407ec0       realloc_
Module: C:\trabajos\programas\openwatcom/lib386/nt\clib3r.lib(setenvp.c)
00407f40       __setenvp_
00408000       __freeenvp_
Module: C:\trabajos\programas\openwatcom/lib386/nt\clib3r.lib(ustrlen.c)
0040804d       wcslen_
Module: C:\trabajos\programas\openwatcom/lib386/nt\clib3r.lib(memcpy.c)
00408060       memcpy_
Module: C:\trabajos\programas\openwatcom/lib386/nt\clib3r.lib(fclex387.c)
00408080       _ClearFPE_
Module: C:\trabajos\programas\openwatcom/lib386/nt\clib3r.lib(signlwnt.c)
0040c960+      __SignalTable
00408090+      __SetSignalFunc_
004080e0+      __GetSignalFunc_
00408110+      __GetSignalOSCode_
00408140+      __CheckSignalExCode_
00408280+      __sigabort_
00408290       __sigfpe_handler_
004082e0*      signal_
00408370+      raise_
004083e0+      __SigInit_
00408430+      __SigFini_
00408470+      __sig_init_
Module: C:\trabajos\programas\openwatcom/lib386/nt\clib3r.lib(mbinit.c)
004084c9       __mbinit_
0040c9cc       ___MBCodePage
Module: C:\trabajos\programas\openwatcom/lib386/nt\clib3r.lib(alphabet.c)
0040c420       ___Alphabet
Module: C:\trabajos\programas\openwatcom/lib386/nt\clib3r.lib(nmemneed.c)
004085c0       __nmemneed_
Module: C:\trabajos\programas\openwatcom/lib386/nt\clib3r.lib(grownear.c)
00408730       __ExpandDGROUP_
Module: C:\trabajos\programas\openwatcom/lib386/nt\clib3r.lib(iomodtty.c)
00408750       __ChkTTYIOMode_
00408790*      __IOMode_
Module: C:\trabajos\programas\openwatcom/lib386/nt\clib3r.lib(mbconv.c)
004087b0       _mbvtop_
Module: C:\trabajos\programas\openwatcom/lib386/nt\clib3r.lib(spvpe.c)
004087cf       spawnvpe_
Module: C:\trabajos\programas\openwatcom/lib386/nt\clib3r.lib(putchwnt.c)
00408920       putch_
Module: C:\trabajos\programas\openwatcom/lib386/nt\clib3r.lib(cinit.c)
00408970       __CommonInit_
Module: C:\trabajos\programas\openwatcom/lib386/nt\clib3r.lib(exit.c)
00408971+      __null_int23_exit_
00408972       exit_
004089c2*      _exit_
0040c9d0       ___int23_exit
0040c9d4+      ___FPE_handler_exit
Module: C:\trabajos\programas\openwatcom/lib386/nt\clib3r.lib(nmsize.c)
004089e0       _nmsize_
004089e0*      _msize_
Module: C:\trabajos\programas\openwatcom/lib386/nt\clib3r.lib(nexpand.c)
004089f0       _nexpand_
004089f0*      _expand_
00408a30+      __HeapManager_expand_
Module: C:\trabajos\programas\openwatcom/lib386/nt\clib3r.lib(dofilstr.c)
00408c10       __ParsePosixHandleStr_
Module: C:\trabajos\programas\openwatcom/lib386/nt\clib3r.lib(clearenv.c)
00408d30       clearenv_
Module: C:\trabajos\programas\openwatcom/lib386/nt\clib3r.lib(abort.c)
00408dd5*      abort_
00408de7       __terminate_
0040c9d8       ___abort
Module: C:\trabajos\programas\openwatcom/lib386/nt\clib3r.lib(amblksiz.c)
0040c9dc       __amblksiz
Module: C:\trabajos\programas\openwatcom/lib386/nt\clib3r.lib(heapen.c)
00408e00*      _heapenable_
0040c9e0       ___heap_enabled
Module: C:\trabajos\programas\openwatcom/lib386/nt\clib3r.lib(nheapmin.c)
00408e30       _nheapshrink_
00408e30*      _nheapmin_
00408e30*      _heapmin_
00408e30*      _heapshrink_
Module: C:\trabajos\programas\openwatcom/lib386/nt\clib3r.lib(spve.c)
00408f70       spawnve_
Module: C:\trabajos\programas\openwatcom/lib386/nt\clib3r.lib(putenv.c)
004093a0       putenv_
00409630       __putenv_
Module: C:\trabajos\programas\openwatcom/lib386/nt\clib3r.lib(exvewnt.c)
00409799       execve_
Module: C:\trabajos\programas\openwatcom/lib386/nt\clib3r.lib(mkfilstr.c)
004097f0       __FormPosixHandleStr_
Module: C:\trabajos\programas\openwatcom/lib386/nt\clib3r.lib(cenvarg.c)
004099ff       __cenvarg_
00409b13       __ccmdline_
Module: C:\trabajos\programas\openwatcom/lib386/nt\clib3r.lib(stackwnt.c)
00409b70       stackavail_
Module: C:\trabajos\programas\openwatcom/lib386/nt\clib3r.lib(split2.c)
00409bd0       _splitpath2_
Module: C:\trabajos\programas\openwatcom/lib386/nt\clib3r.lib(makepath.c)
00409d40       _makepath_
Module: C:\trabajos\programas\openwatcom/lib386/nt\clib3r.lib(spl.c)
00409ef0       spawnl_
Module: C:\trabajos\programas\openwatcom/lib386/nt\clib3r.lib(dospnwnt.c)
00409f10       _dospawn_
Module: C:\trabajos\programas\openwatcom/lib386/nt\clib3r.lib(mbschr.c)
0040a060       _mbschr_
Module: C:\trabajos\programas\openwatcom/lib386/nt\clib3r.lib(mbslen.c)
0040a0c0       _mbslen_
Module: C:\trabajos\programas\openwatcom/lib386/nt\clib3r.lib(mbstowcs.c)
0040a0f0       mbstowcs_
Module: C:\trabajos\programas\openwatcom/lib386/nt\clib3r.lib(uputenv.c)
0040a170*      _wputenv_
0040a390       __wputenv_
Module: C:\trabajos\programas\openwatcom/lib386/nt\clib3r.lib(toupper.c)
0040a490       toupper_
Module: C:\trabajos\programas\openwatcom/lib386/nt\clib3r.lib(oshdl.c)
0040a4a0*      _get_osfhandle_
0040a4a0       _os_handle_
Module: C:\trabajos\programas\openwatcom/lib386/nt\clib3r.lib(mbsnccnt.c)
0040a4c0       _mbsnccnt_
Module: C:\trabajos\programas\openwatcom/lib386/nt\clib3r.lib(mbsncpy.c)
0040a4f0       _mbsncpy_
Module: C:\trabajos\programas\openwatcom/lib386/nt\clib3r.lib(mbsnbcnt.c)
0040a510       _mbsnbcnt_
Module: C:\trabajos\programas\openwatcom/lib386/nt\clib3r.lib(mbclen.c)
0040a580       _mbclen_
Module: C:\trabajos\programas\openwatcom/lib386/nt\clib3r.lib(mbsdec.c)
0040a5b0       _mbsdec_
Module: C:\trabajos\programas\openwatcom/lib386/nt\clib3r.lib(mbccmp.c)
0040a630       _mbccmp_
Module: C:\trabajos\programas\openwatcom/lib386/nt\clib3r.lib(mbtowc.c)
0040a670       mbtowc_
Module: C:\trabajos\programas\openwatcom/lib386/nt\clib3r.lib(ustrchr.c)
0040a700       wcschr_
Module: C:\trabajos\programas\openwatcom/lib386/nt\clib3r.lib(setenvar.c)
0040a720       __lib_SetEnvironmentVariableW_
Module: C:\trabajos\programas\openwatcom/lib386/nt\clib3r.lib(crtwenv.c)
0040a810       __create_wide_environment_
Module: C:\trabajos\programas\openwatcom/lib386/nt\clib3r.lib(wcstombs.c)
0040a880       wcstombs_
Module: C:\trabajos\programas\openwatcom/lib386/nt\clib3r.lib(utoupper.c)
0040a91f       towupper_
Module: C:\trabajos\programas\openwatcom/lib386/nt\clib3r.lib(mbsnbcpy.c)
0040a930       _mbsnbcpy_


                        +----------------------+
                        |   Imported Symbols   |
                        +----------------------+

Symbol                              Module
======                              ======

_GetStdHandle@4                     KERNEL32.DLL
_GetConsoleScreenBufferInfo@8       KERNEL32.DLL
_SetConsoleTextAttribute@8          KERNEL32.DLL
_SetConsoleCursorPosition@8         KERNEL32.DLL
_WriteConsoleOutputCharacterA@20    KERNEL32.DLL
_WriteConsoleOutputAttribute@20     KERNEL32.DLL
_WriteConsoleA@20                   KERNEL32.DLL
_ReadConsoleInputA@16               KERNEL32.DLL
_GetConsoleMode@8                   KERNEL32.DLL
_SetConsoleMode@8                   KERNEL32.DLL
_WriteFile@20                       KERNEL32.DLL
_GetEnvironmentStringsA@0           KERNEL32.DLL
_GetVersion@0                       KERNEL32.DLL
_GetModuleFileNameA@12              KERNEL32.DLL
_GetCommandLineA@0                  KERNEL32.DLL
_GetCommandLineW@0                  KERNEL32.DLL
_FreeEnvironmentStringsA@4          KERNEL32.DLL
_GetModuleHandleA@4                 KERNEL32.DLL
_ExitProcess@4                      KERNEL32.DLL
_GetFileAttributesA@4               KERNEL32.DLL
_FindFirstFileA@8                   KERNEL32.DLL
_FindClose@4                        KERNEL32.DLL
_GetLastError@0                     KERNEL32.DLL
_CreateFileA@28                     KERNEL32.DLL
_SetFilePointer@16                  KERNEL32.DLL
_CloseHandle@4                      KERNEL32.DLL
_SetStdHandle@8                     KERNEL32.DLL
_CreateEventA@16                    KERNEL32.DLL
_GetModuleFileNameW@12              KERNEL32.DLL
_MultiByteToWideChar@24             KERNEL32.DLL
_LoadLibraryA@4                     KERNEL32.DLL
_GetProcAddress@8                   KERNEL32.DLL
_SetUnhandledExceptionFilter@4      KERNEL32.DLL
_UnhandledExceptionFilter@4         KERNEL32.DLL
_VirtualQuery@12                    KERNEL32.DLL
_WideCharToMultiByte@32             KERNEL32.DLL
_FlushFileBuffers@4                 KERNEL32.DLL
_GetFileType@4                      KERNEL32.DLL
_CharUpperA@4                       USER32.DLL
_ReadFile@20                        KERNEL32.DLL
_GetCurrentThreadId@0               KERNEL32.DLL
_SetConsoleCtrlHandler@8            KERNEL32.DLL
_GetACP@0                           KERNEL32.DLL
_GetOEMCP@0                         KERNEL32.DLL
_GetCPInfo@8                        KERNEL32.DLL
_VirtualAlloc@16                    KERNEL32.DLL
_VirtualFree@12                     KERNEL32.DLL
_SetEnvironmentVariableA@8          KERNEL32.DLL
_CreateProcessA@40                  KERNEL32.DLL
_Sleep@4                            KERNEL32.DLL
_GetExitCodeProcess@8               KERNEL32.DLL
_WaitForSingleObject@8              KERNEL32.DLL
_SetEnvironmentVariableW@8          KERNEL32.DLL


                        +--------------------+
                        |   Libraries Used   |
                        +--------------------+

C:\trabajos\programas\openwatcom/lib386/nt\kernel32.lib
C:\trabajos\programas\openwatcom/lib386/nt\user32.lib
C:\trabajos\programas\openwatcom/lib386/nt\clib3r.lib


                        +-----------------------+
                        |   Linker Statistics   |
                        +-----------------------+

Stack size:  00010000 (65536.)
Memory size:  0001cf52 (118610.)
Entry point address: 00403a34
Link time: 00:00.31
