Open Watcom Linker Version 1.9
Portions Copyright (c) 1985-2002 Sybase, Inc. All Rights Reserved.
Created on:       26/08/06 00:43:10
Executable Image: shdos.exe
creating a Windows NT character-mode executable


                        +------------+
                        |   Groups   |
                        +------------+

Group                           Address              Size
=====                           =======              ====

.idata                          0040c000             000006dc
DGROUP                          0040d000             00012fb0



                        +--------------+
                        |   Segments   |
                        +--------------+

Segment                Class          Group          Address         Size
=======                =====          =====          =======         ====

BEGTEXT                CODE           AUTO           00401000        00000007
_TEXT                  CODE           AUTO           00401010        0000a400
TRANSFER CODE          CODE           AUTO           0040b410        00000162
.idata                 .idata         .idata         0040c000        000006dc
_NULL                  BEGDATA        DGROUP         0040d000        00000004
_AFTERNULL             BEGDATA        DGROUP         0040d004        00000000
CONST                  DATA           DGROUP         0040d004        00000474
CONST2                 DATA           DGROUP         0040d478        00000000
_DATA                  DATA           DGROUP         0040d478        000005a0
XIB                    DATA           DGROUP         0040da18        00000000
XI                     DATA           DGROUP         0040da18        00000024
XIE                    DATA           DGROUP         0040da3c        00000000
YIB                    DATA           DGROUP         0040da3c        00000000
YI                     DATA           DGROUP         0040da3c        0000001e
YIE                    DATA           DGROUP         0040da5a        00000000
TIB                    DATA           DGROUP         0040da5a        00000000
TI                     DATA           DGROUP         0040da5a        00000000
TIE                    DATA           DGROUP         0040da5a        00000000
DATA                   DATA           DGROUP         0040da5a        00000000
_BSS                   BSS            DGROUP         0040e000        00001fac
STACK                  STACK          DGROUP         0040ffb0        00010000


                        +----------------+
                        |   Memory Map   |
                        +----------------+

* = unreferenced symbol
+ = symbol only referenced locally

Address        Symbol
=======        ======

Module: main.obj(C:\trabajos\programas\shdos\pr32bits\main.c)
0040e000+      _conf
0040e068+      _currheight
0040e06c+      _currwidth
0040e070+      _prevheight
0040e074+      _prevwidth
0040e078+      _hOut
0040e07c+      _startY
0040e080+      _startX
0040e084+      _osbits
0040e088+      _value
0040e0ca+      _stmp
0040e10c+      _line
0040e14e+      _smallbuffer
0040e190+      _tmp
0040e192+      _original_text_attr
0040e194+      _console_attr
0040e196+      _original_attr
0040e198+      _original_bg_attr
0040e19a+      _prompt_attr
0040e19c+      _global_attr
0040e19e+      _currentpath
0040e585+      _prompt
0040e96c+      _confpath
0040ed53+      _command
0040ee54+      _shellpath
0040f23b+      _mediumbuffer
004010de+      clear_line_
0040112f+      redrawCommand_
0040121a+      insertCommandChar_
00401293+      deleteCommandChar_
004012f7+      readKey_
00401368+      getCommandRows_
004013c1*      getX_
00401412+      getY_
00401463+      getWidth_
004014ae*      getHeight_
004014f9+      getOriginalConsole_
00401537*      restoreConsole_
004015c2+      setCursorPosition_
00401608+      fill_line_
004016b9+      print_colored_text_
00401715+      print_colored_text_xy_
004017be+      setConsoleColor_
00401880+      getContrastColor_
004019c8+      getTextColor_
004019fa+      getBackgroundColor_
00401a2e+      showPrompt_
00401ae1+      getOSBits_
00401b0c+      getOSFlavor_
00401b78+      getOSMajorVersion_
00401d80*      getOSMinorVersion_
00401ee8+      getValueFromKey_
00401fa6+      getCorrectValueToLoad_
00402078+      getDefaultConfiguration_
00402154+      loadConfiguration_
00402798+      isExecutable_
0040281e+      getExePath_
00402891+      executeCommand_
00402cd8+      commandNotFound_
00402d7b+      invalidExecutable_
00402dd5+      unsupportedComFile_
00402e2f+      cls_
00402e69*      ver_
00402ee7+      cmd_
0040314f*      trim_
004031f9+      showWelcome_
00403413+      clearcmdbuffer_
00403459       main_
0040d478+      _currpos
0040d47c+      _latestpos
0040d480+      _firsttime
0040f33c+      _largebuffer
0040f723+      _osflavor
0040f824+      _separator
Module: C:\trabajos\programas\openwatcom/lib386/nt\clib3r.lib(stk)
00403491       __CHK
004034a1*      __STK
004034c0*      __STKOVERFLOW_
004034d0       __GRO
004034f0*      __alloca_probe
Module: C:\trabajos\programas\openwatcom/lib386/nt\clib3r.lib(strlen.c)
00403510       strlen_
Module: C:\trabajos\programas\openwatcom/lib386/nt\clib3r.lib(memmove.c)
00403530       memmove_
Module: C:\trabajos\programas\openwatcom/lib386/nt\clib3r.lib(printf.c)
00403590       printf_
Module: C:\trabajos\programas\openwatcom/lib386/nt\clib3r.lib(iob.c)
0040d494       ___iob
0040d69c       __fmode
0040f828       ___OpenStreams
0040f82c       ___ClosedStreams
Module: C:\trabajos\programas\openwatcom/lib386/nt\clib3r.lib(fgetc.c)
004035c0+      __fill_buffer_
004036c0       fgetc_
Module: C:\trabajos\programas\openwatcom/lib386/nt\clib3r.lib(memset.c)
00403780       memset_
Module: C:\trabajos\programas\openwatcom/lib386/nt\clib3r.lib(strncpy.c)
004037a0       strncpy_
Module: C:\trabajos\programas\openwatcom/lib386/nt\clib3r.lib(strcat.c)
004037e0       strcat_
Module: C:\trabajos\programas\openwatcom/lib386/nt\clib3r.lib(_strcmp)
00403810       strcmp_
Module: C:\trabajos\programas\openwatcom/lib386/nt\clib3r.lib(atoi.c)
00403950       atoi_
Module: C:\trabajos\programas\openwatcom/lib386/nt\clib3r.lib(strpbrk.c)
004039a0       strpbrk_
Module: C:\trabajos\programas\openwatcom/lib386/nt\clib3r.lib(strchr.c)
004039f0       strchr_
Module: C:\trabajos\programas\openwatcom/lib386/nt\clib3r.lib(_istrcc_.asm)
00403a0c       strcasecmp_
Module: C:\trabajos\programas\openwatcom/lib386/nt\clib3r.lib(strcpy.c)
00403a20       strcpy_
Module: C:\trabajos\programas\openwatcom/lib386/nt\clib3r.lib(fopen.c)
00403a50+      __open_flags_
00403c60+      _fsopen_
00403cb0       fopen_
00403d40*      freopen_
Module: C:\trabajos\programas\openwatcom/lib386/nt\clib3r.lib(fgets.c)
00403db0       fgets_
Module: C:\trabajos\programas\openwatcom/lib386/nt\clib3r.lib(strcspn.c)
00403e20       strcspn_
Module: C:\trabajos\programas\openwatcom/lib386/nt\clib3r.lib(_istrncc.asm)
00403e68       strncasecmp_
Module: C:\trabajos\programas\openwatcom/lib386/nt\clib3r.lib(strtol.c)
00404090*      strtoul_
004040a0       strtol_
Module: C:\trabajos\programas\openwatcom/lib386/nt\clib3r.lib(fclose.c)
004040b0       __doclose_
00404150       __shutdown_stream_
00404170       fclose_
0040f830+      ___RmTmpFileFn
Module: C:\trabajos\programas\openwatcom/lib386/nt\clib3r.lib(fprintf.c)
004041c0       fprintf_
Module: C:\trabajos\programas\openwatcom/lib386/nt\clib3r.lib(strrchr.c)
004041f0       strrchr_
Module: C:\trabajos\programas\openwatcom/lib386/nt\clib3r.lib(stricmp.c)
00404210       stricmp_
Module: C:\trabajos\programas\openwatcom/lib386/nt\clib3r.lib(accsswnt.c)
00404250       access_
Module: C:\trabajos\programas\openwatcom/lib386/nt\clib3r.lib(snprintf.c)
004042c0+      vsnprintf_
00404320       snprintf_
Module: C:\trabajos\programas\openwatcom/lib386/nt\clib3r.lib(fflush.c)
00404350       fflush_
Module: C:\trabajos\programas\openwatcom/lib386/nt\clib3r.lib(system.c)
00404390       system_
Module: C:\trabajos\programas\openwatcom/lib386/nt\clib3r.lib(istable.c)
00404410       __IsTable
Module: C:\trabajos\programas\openwatcom/lib386/nt\clib3r.lib(cstrtwnt)
00404512       _cstart_
00404512*      mainCRTStartup
Module: C:\trabajos\programas\openwatcom/lib386/nt\clib3r.lib(argcv.c)
0040f834       __argc
0040f838       __argv
0040f83c       ___argv
0040f840       ___argc
Module: C:\trabajos\programas\openwatcom/lib386/nt\clib3r.lib(xmsgwnt.c)
00404570+      __exit_with_msg_
004045d0       __fatal_runtime_error_
Module: C:\trabajos\programas\openwatcom/lib386/nt\clib3r.lib(mainwnt.c)
0040d72c*      ___TlsIndex
0040d730+      ___FirstThreadData
0040d734       ___GetThreadPtr
0040d738       __AccessFileH
0040d73c       __ReleaseFileH
0040d740       __AccessIOB
0040d744       __ReleaseIOB
0040d748       __AccessNHeap
0040d74c*      __AccessFHeap
0040d750       __ReleaseNHeap
00404600*      __threadid_
00404620+      __sig_null_rtn_
00404630+      __NTInit_
00404810+      __NTFini_
00404870       __NTMainInit_
004048d0       __exit_
0040d754*      __ReleaseFHeap
0040d758*      __AccessTDList
0040d75c*      __ReleaseTDList
0040d760       __AccessFList
0040d764       __ReleaseFList
0040d768+      __ThreadExitRtn
0040d76c       ___sig_init_rtn
0040d770       ___sig_fini_rtn
0040d774       ___process_fini
0040f84c       ___Is_DLL
Module: C:\trabajos\programas\openwatcom/lib386/nt\clib3r.lib(fprtf.c)
00404940       __fprtf_
Module: C:\trabajos\programas\openwatcom/lib386/nt\clib3r.lib(initfile.c)
00404a30       __InitFiles_
Module: C:\trabajos\programas\openwatcom/lib386/nt\clib3r.lib(ioexit.c)
00404b30*      fcloseall_
00404b40       __full_io_exit_
Module: C:\trabajos\programas\openwatcom/lib386/nt\clib3r.lib(flushall.c)
00404b50       __flushall_
00404b90       flushall_
Module: C:\trabajos\programas\openwatcom/lib386/nt\clib3r.lib(gtchewnt.c)
00404ba0       getche_
Module: C:\trabajos\programas\openwatcom/lib386/nt\clib3r.lib(ioalloc.c)
00404bd0       __ioalloc_
Module: C:\trabajos\programas\openwatcom/lib386/nt\clib3r.lib(qread.c)
00404c70       __qread_
Module: C:\trabajos\programas\openwatcom/lib386/nt\clib3r.lib(seterrno.c)
00404cd7       __set_errno_
00404ce5*      __set_EDOM_
00404cf3*      __set_ERANGE_
00404d01*      __set_EINVAL_
00404d14       __set_doserrno_
Module: C:\trabajos\programas\openwatcom/lib386/nt\clib3r.lib(__stos)
00404d30       __STOSB
00404d67*      __STOSD
Module: C:\trabajos\programas\openwatcom/lib386/nt\clib3r.lib(setbits.c)
00404de0       __setbits_
Module: C:\trabajos\programas\openwatcom/lib386/nt\clib3r.lib(bits.c)
00404e20       __Bits
Module: C:\trabajos\programas\openwatcom/lib386/nt\clib3r.lib(comtflag.c)
00404e30*      __set_commode_
0040d778       __commode
Module: C:\trabajos\programas\openwatcom/lib386/nt\clib3r.lib(tolower.c)
00404e40       tolower_
Module: C:\trabajos\programas\openwatcom/lib386/nt\clib3r.lib(openwnt.c)
00405050*      open_
00405070       sopen_
Module: C:\trabajos\programas\openwatcom/lib386/nt\clib3r.lib(fseek.c)
004050f0       fseek_
Module: C:\trabajos\programas\openwatcom/lib386/nt\clib3r.lib(chktty.c)
00405200       __chktty_
Module: C:\trabajos\programas\openwatcom/lib386/nt\clib3r.lib(freefp.c)
00405240       __freefp_
00405290       __purgefp_
Module: C:\trabajos\programas\openwatcom/lib386/nt\clib3r.lib(allocfp.c)
004052c0       __allocfp_
Module: C:\trabajos\programas\openwatcom/lib386/nt\clib3r.lib(strnicmp.c)
00405390       strnicmp_
Module: C:\trabajos\programas\openwatcom/lib386/nt\clib3r.lib(__lseek.c)
004053e0       __lseek_
Module: C:\trabajos\programas\openwatcom/lib386/nt\clib3r.lib(_clsewnt.c)
00405420       __close_
Module: C:\trabajos\programas\openwatcom/lib386/nt\clib3r.lib(nfree.c)
00405480       _nfree_
00405480       free_
0040fe68       ___MiniHeapFreeRover
Module: C:\trabajos\programas\openwatcom/lib386/nt\clib3r.lib(flush.c)
00405590       __flush_
Module: C:\trabajos\programas\openwatcom/lib386/nt\clib3r.lib(fgtattr.c)
00405690       __fixed_GetFileAttributesA_
Module: C:\trabajos\programas\openwatcom/lib386/nt\clib3r.lib(dosret.c)
00405730*      _dosretax_
00405740*      _dosret0_
00405750       __set_errno_dos_
00405780*      __set_errno_dos_reterr_
00405790       __set_errno_nt_
004057a0*      __set_errno_nt_reterr_
Module: C:\trabajos\programas\openwatcom/lib386/nt\clib3r.lib(prtf.c)
004057c0       __prtf_
Module: C:\trabajos\programas\openwatcom/lib386/nt\clib3r.lib(getenv.c)
00406490       getenv_
Module: C:\trabajos\programas\openwatcom/lib386/nt\clib3r.lib(fileinfo.c)
0040d880       __fileinfo
Module: C:\trabajos\programas\openwatcom/lib386/nt\clib3r.lib(_slashc.c)
00406520       __Slash_C_
Module: C:\trabajos\programas\openwatcom/lib386/nt\clib3r.lib(splp.c)
00406530       spawnlp_
Module: C:\trabajos\programas\openwatcom/lib386/nt\clib3r.lib(main2wnt.c)
00406550       __NTMain
Module: C:\trabajos\programas\openwatcom/lib386/nt\clib3r.lib(segdefns)
00401003       ___begtext
0040d000*      __nullarea
0040da18       __Start_XI
0040da3c       __End_XI
0040da3c       __Start_YI
0040da5a       __End_YI
Module: C:\trabajos\programas\openwatcom/lib386/nt\clib3r.lib(initargv.c)
004065b0       __Init_Argv_
00406600+      _getargv_
004067a0       __Fini_Argv_
Module: C:\trabajos\programas\openwatcom/lib386/nt\clib3r.lib(enterdb.c)
004067b0       __EnterWVIDEO_
0040d884+      ___WD_Present
Module: C:\trabajos\programas\openwatcom/lib386/nt\clib3r.lib(hdlman.c)
0040d888+      ___NHandles
0040d88c+      ___OSHandles
0040d890+      ___FakeHandles
004067e0+      __growPOSIXHandles_
00406880       __allocPOSIXHandle_
00406940       __freePOSIXHandle_
00406960       __getOSHandle_
00406970       __setOSHandle_
004069c0+      __NTGetFakeHandle_
00406a30       __initPOSIXHandles_
00406b10*      __set_handles_
00406b20*      _grow_handles_
Module: C:\trabajos\programas\openwatcom/lib386/nt\clib3r.lib(crwdata)
0040d8e0       __osmajor
0040d8e1       __osminor
0040d8e2       __osbuild
0040d8e4       __osver
0040d8e8       __winmajor
0040d8ec       __winminor
0040d8f0       __winver
0040d8ac       __LpDllName
0040d8b0       __LpwCmdLine
0040d8b4       __LpwPgmName
0040d8b8       __LpwDllName
0040d8a4       __LpCmdLine
0040d8a8       __LpPgmName
0040d89c*      __dynend
0040d8a0       __curbrk
0040d8bc*      __STACKLOW
0040d8c0       __STACKTOP
0040d8c4       __ASTACKSIZ
0040d8c8       __ASTACKPTR
0040d8cc       __cbyte
0040d8d0*      __cbyte2
0040d8d4*      __child
0040d8da       __Envptr
0040d8de*      __Envseg
0040d8d8*      __no87
0040d8f4       ___FPE_handler
Module: C:\trabajos\programas\openwatcom/lib386/nt\clib3r.lib(environ.c)
0040fe70       ___env_mask
0040fe74       _environ
0040fe78       __wenviron
Module: C:\trabajos\programas\openwatcom/lib386/nt\clib3r.lib(getmodfn.c)
00406b60       __lib_GetModuleFileNameW_
Module: C:\trabajos\programas\openwatcom/lib386/nt\clib3r.lib(strdup.c)
00406c00       __clib_strdup_
Module: C:\trabajos\programas\openwatcom/lib386/nt\clib3r.lib(ustrdup.c)
00406c40       __clib_wcsdup_
Module: C:\trabajos\programas\openwatcom/lib386/nt\clib3r.lib(excptwnt.c)
004072d0+      ___ReportException@4
00407720       __DefaultExceptionHandler_
00407760+      ___ExceptionFilter
00407970       __NewExceptionFilter_
004079a0       __DoneExceptionFilter_
0040d8f8       ___oscode_check_func
0040d8fc       ___raise_func
0040fe7c*      _sw
0040fe80+      ___ExceptionHandled
0040fe81+      ___ReportInvoked
Module: C:\trabajos\programas\openwatcom/lib386/nt\clib3r.lib(stklmwnt.c)
004079e0       __init_stack_limits_
Module: C:\trabajos\programas\openwatcom/lib386/nt\clib3r.lib(initrtns.c)
00407a60       __InitRtns
00407ab0       __FiniRtns
Module: C:\trabajos\programas\openwatcom/lib386/nt\clib3r.lib(fputc.c)
00407b10       fputc_
Module: C:\trabajos\programas\openwatcom/lib386/nt\clib3r.lib(nmalloc.c)
00407bf0       _nmalloc_
00407bf0       malloc_
0040d914       ___nheapbeg
0040d918       ___MiniHeapRover
0040d91c       ___LargestSizeB4MiniHeapRover
Module: C:\trabajos\programas\openwatcom/lib386/nt\clib3r.lib(getchwnt.c)
00407df0       getch_
Module: C:\trabajos\programas\openwatcom/lib386/nt\clib3r.lib(putchwnt.c)
00407e60       putch_
Module: C:\trabajos\programas\openwatcom/lib386/nt\clib3r.lib(iomode.c)
00407eb0       __GetIOMode_
00407ed0       __SetIOMode_nogrow_
0040d924       ___NFiles
0040d928       ___init_mode
0040d978       ___io_mode
Module: C:\trabajos\programas\openwatcom/lib386/nt\clib3r.lib(ntfio.c)
00407ef0*      __GetNTCreateAttr_
00407f30       __GetNTAccessAttr_
00407f60       __GetNTShareAttr_
Module: C:\trabajos\programas\openwatcom/lib386/nt\clib3r.lib(umaskval.c)
0040d97c       ___umaskval
Module: C:\trabajos\programas\openwatcom/lib386/nt\clib3r.lib(isattwnt.c)
00407fc0       isatty_
Module: C:\trabajos\programas\openwatcom/lib386/nt\clib3r.lib(stiomode.c)
00407fe0       __grow_iomode_
004080b0+      __shrink_iomode_
004080f0       __SetIOMode_
Module: C:\trabajos\programas\openwatcom/lib386/nt\clib3r.lib(lseek.c)
00408160       lseek_
Module: C:\trabajos\programas\openwatcom/lib386/nt\clib3r.lib(tell.c)
004081b0       tell_
Module: C:\trabajos\programas\openwatcom/lib386/nt\clib3r.lib(mem.c)
004081d0       __MemAllocator
00408280       __MemFree
Module: C:\trabajos\programas\openwatcom/lib386/nt\clib3r.lib(fsync.c)
004083c0       fsync_
Module: C:\trabajos\programas\openwatcom/lib386/nt\clib3r.lib(qwrit.c)
00408410       __qwrite_
Module: C:\trabajos\programas\openwatcom/lib386/nt\clib3r.lib(wctomb.c)
004084f0       wctomb_
Module: C:\trabajos\programas\openwatcom/lib386/nt\clib3r.lib(itoa.c)
00408530+      utoa_
00408580       itoa_
Module: C:\trabajos\programas\openwatcom/lib386/nt\clib3r.lib(strupr.c)
004085b0       strupr_
Module: C:\trabajos\programas\openwatcom/lib386/nt\clib3r.lib(noefgfmt.c)
0040d980       ___EFG_printf
0040d984*      ___EFG_scanf
Module: C:\trabajos\programas\openwatcom/lib386/nt\clib3r.lib(lltoa.c)
00408620       ulltoa_
00408690*      lltoa_
Module: C:\trabajos\programas\openwatcom/lib386/nt\clib3r.lib(ltoa.c)
004086c0       ultoa_
00408710*      ltoa_
Module: C:\trabajos\programas\openwatcom/lib386/nt\clib3r.lib(mbisdbcs.c)
0040fe94       ___IsDBCS
Module: C:\trabajos\programas\openwatcom/lib386/nt\clib3r.lib(mbislead.c)
00408740*      _ismbblead_
0040fe98       ___MBCSIsTable
Module: C:\trabajos\programas\openwatcom/lib386/nt\clib3r.lib(mbterm.c)
00408760       _mbterm_
Module: C:\trabajos\programas\openwatcom/lib386/nt\clib3r.lib(mbsnextc.c)
004087a0       _mbsnextc_
Module: C:\trabajos\programas\openwatcom/lib386/nt\clib3r.lib(mbcupper.c)
004087e0       _mbctoupper_
Module: C:\trabajos\programas\openwatcom/lib386/nt\clib3r.lib(mbsinc.c)
00408810       _mbsinc_
Module: C:\trabajos\programas\openwatcom/lib386/nt\clib3r.lib(spvp.c)
00408840       spawnvp_
Module: C:\trabajos\programas\openwatcom/lib386/nt\clib3r.lib(mthrdini.c)
00408850       __InitThreadData_
0040d988       ___ThreadDataSize
Module: C:\trabajos\programas\openwatcom/lib386/nt\clib3r.lib(cmain386.c)
00408880       __CMain
Module: C:\trabajos\programas\openwatcom/lib386/nt\clib3r.lib(dosseg)
00001234       __DOSseg__
Module: C:\trabajos\programas\openwatcom/lib386/nt\clib3r.lib(histsplt.c)
0040ff9c       ___historical_splitparms
Module: C:\trabajos\programas\openwatcom/lib386/nt\clib3r.lib(___argc.c)
0040ffa0       ____Argc
0040ffa4       ____Argv
Module: C:\trabajos\programas\openwatcom/lib386/nt\clib3r.lib(nrealloc.c)
004088c0*      _nrealloc_
004088c0       realloc_
Module: C:\trabajos\programas\openwatcom/lib386/nt\clib3r.lib(setenvp.c)
00408940       __setenvp_
00408a00       __freeenvp_
Module: C:\trabajos\programas\openwatcom/lib386/nt\clib3r.lib(ustrlen.c)
00408a4d       wcslen_
Module: C:\trabajos\programas\openwatcom/lib386/nt\clib3r.lib(memcpy.c)
00408a60       memcpy_
Module: C:\trabajos\programas\openwatcom/lib386/nt\clib3r.lib(conutwnt.c)
00408a90       __NTRealKey_
00408b40       __NTConsoleInput_
00408b50       __NTConsoleOutput_
Module: C:\trabajos\programas\openwatcom/lib386/nt\clib3r.lib(fclex387.c)
00408b60       _ClearFPE_
Module: C:\trabajos\programas\openwatcom/lib386/nt\clib3r.lib(signlwnt.c)
0040d994+      __SignalTable
00408b70+      __SetSignalFunc_
00408bc0+      __GetSignalFunc_
00408bf0+      __GetSignalOSCode_
00408c20+      __CheckSignalExCode_
00408d60+      __sigabort_
00408d70       __sigfpe_handler_
00408dc0*      signal_
00408e50+      raise_
00408ec0+      __SigInit_
00408f10+      __SigFini_
00408f50+      __sig_init_
Module: C:\trabajos\programas\openwatcom/lib386/nt\clib3r.lib(nmemneed.c)
00408f70       __nmemneed_
Module: C:\trabajos\programas\openwatcom/lib386/nt\clib3r.lib(grownear.c)
004090e0       __ExpandDGROUP_
Module: C:\trabajos\programas\openwatcom/lib386/nt\clib3r.lib(iomodtty.c)
00409100       __ChkTTYIOMode_
00409140*      __IOMode_
Module: C:\trabajos\programas\openwatcom/lib386/nt\clib3r.lib(mbinit.c)
0040918b       __mbinit_
0040da00       ___MBCodePage
Module: C:\trabajos\programas\openwatcom/lib386/nt\clib3r.lib(alphabet.c)
0040d450       ___Alphabet
Module: C:\trabajos\programas\openwatcom/lib386/nt\clib3r.lib(mbconv.c)
00409280       _mbvtop_
Module: C:\trabajos\programas\openwatcom/lib386/nt\clib3r.lib(spvpe.c)
0040929f       spawnvpe_
Module: C:\trabajos\programas\openwatcom/lib386/nt\clib3r.lib(cinit.c)
004093f0       __CommonInit_
Module: C:\trabajos\programas\openwatcom/lib386/nt\clib3r.lib(exit.c)
004093f1+      __null_int23_exit_
004093f2       exit_
00409442*      _exit_
0040da04       ___int23_exit
0040da08+      ___FPE_handler_exit
Module: C:\trabajos\programas\openwatcom/lib386/nt\clib3r.lib(nmsize.c)
00409460       _nmsize_
00409460*      _msize_
Module: C:\trabajos\programas\openwatcom/lib386/nt\clib3r.lib(nexpand.c)
00409470       _nexpand_
00409470*      _expand_
004094b0+      __HeapManager_expand_
Module: C:\trabajos\programas\openwatcom/lib386/nt\clib3r.lib(dofilstr.c)
00409690       __ParsePosixHandleStr_
Module: C:\trabajos\programas\openwatcom/lib386/nt\clib3r.lib(clearenv.c)
004097b0       clearenv_
Module: C:\trabajos\programas\openwatcom/lib386/nt\clib3r.lib(abort.c)
00409855*      abort_
00409867       __terminate_
0040da0c       ___abort
Module: C:\trabajos\programas\openwatcom/lib386/nt\clib3r.lib(amblksiz.c)
0040da10       __amblksiz
Module: C:\trabajos\programas\openwatcom/lib386/nt\clib3r.lib(heapen.c)
00409880*      _heapenable_
0040da14       ___heap_enabled
Module: C:\trabajos\programas\openwatcom/lib386/nt\clib3r.lib(nheapmin.c)
004098b0       _nheapshrink_
004098b0*      _nheapmin_
004098b0*      _heapmin_
004098b0*      _heapshrink_
Module: C:\trabajos\programas\openwatcom/lib386/nt\clib3r.lib(spve.c)
004099f0       spawnve_
Module: C:\trabajos\programas\openwatcom/lib386/nt\clib3r.lib(putenv.c)
00409e20       putenv_
0040a0b0       __putenv_
Module: C:\trabajos\programas\openwatcom/lib386/nt\clib3r.lib(exvewnt.c)
0040a219       execve_
Module: C:\trabajos\programas\openwatcom/lib386/nt\clib3r.lib(mkfilstr.c)
0040a270       __FormPosixHandleStr_
Module: C:\trabajos\programas\openwatcom/lib386/nt\clib3r.lib(cenvarg.c)
0040a47f       __cenvarg_
0040a593       __ccmdline_
Module: C:\trabajos\programas\openwatcom/lib386/nt\clib3r.lib(stackwnt.c)
0040a5f0       stackavail_
Module: C:\trabajos\programas\openwatcom/lib386/nt\clib3r.lib(split2.c)
0040a650       _splitpath2_
Module: C:\trabajos\programas\openwatcom/lib386/nt\clib3r.lib(makepath.c)
0040a7c0       _makepath_
Module: C:\trabajos\programas\openwatcom/lib386/nt\clib3r.lib(spl.c)
0040a970       spawnl_
Module: C:\trabajos\programas\openwatcom/lib386/nt\clib3r.lib(dospnwnt.c)
0040a990       _dospawn_
Module: C:\trabajos\programas\openwatcom/lib386/nt\clib3r.lib(mbschr.c)
0040aae0       _mbschr_
Module: C:\trabajos\programas\openwatcom/lib386/nt\clib3r.lib(mbslen.c)
0040ab40       _mbslen_
Module: C:\trabajos\programas\openwatcom/lib386/nt\clib3r.lib(mbstowcs.c)
0040ab70       mbstowcs_
Module: C:\trabajos\programas\openwatcom/lib386/nt\clib3r.lib(uputenv.c)
0040abf0*      _wputenv_
0040ae10       __wputenv_
Module: C:\trabajos\programas\openwatcom/lib386/nt\clib3r.lib(toupper.c)
0040af10       toupper_
Module: C:\trabajos\programas\openwatcom/lib386/nt\clib3r.lib(oshdl.c)
0040af20*      _get_osfhandle_
0040af20       _os_handle_
Module: C:\trabajos\programas\openwatcom/lib386/nt\clib3r.lib(mbsnccnt.c)
0040af40       _mbsnccnt_
Module: C:\trabajos\programas\openwatcom/lib386/nt\clib3r.lib(mbsncpy.c)
0040af70       _mbsncpy_
Module: C:\trabajos\programas\openwatcom/lib386/nt\clib3r.lib(mbsnbcnt.c)
0040af90       _mbsnbcnt_
Module: C:\trabajos\programas\openwatcom/lib386/nt\clib3r.lib(mbclen.c)
0040b000       _mbclen_
Module: C:\trabajos\programas\openwatcom/lib386/nt\clib3r.lib(mbsdec.c)
0040b030       _mbsdec_
Module: C:\trabajos\programas\openwatcom/lib386/nt\clib3r.lib(mbccmp.c)
0040b0b0       _mbccmp_
Module: C:\trabajos\programas\openwatcom/lib386/nt\clib3r.lib(mbtowc.c)
0040b0f0       mbtowc_
Module: C:\trabajos\programas\openwatcom/lib386/nt\clib3r.lib(ustrchr.c)
0040b180       wcschr_
Module: C:\trabajos\programas\openwatcom/lib386/nt\clib3r.lib(setenvar.c)
0040b1a0       __lib_SetEnvironmentVariableW_
Module: C:\trabajos\programas\openwatcom/lib386/nt\clib3r.lib(crtwenv.c)
0040b290       __create_wide_environment_
Module: C:\trabajos\programas\openwatcom/lib386/nt\clib3r.lib(wcstombs.c)
0040b300       wcstombs_
Module: C:\trabajos\programas\openwatcom/lib386/nt\clib3r.lib(utoupper.c)
0040b39f       towupper_
Module: C:\trabajos\programas\openwatcom/lib386/nt\clib3r.lib(mbsnbcpy.c)
0040b3b0       _mbsnbcpy_


                        +----------------------+
                        |   Imported Symbols   |
                        +----------------------+

Symbol                              Module
======                              ======

_FillConsoleOutputCharacterA@20     KERNEL32.DLL
_GetStdHandle@4                     KERNEL32.DLL
_SetConsoleTextAttribute@8          KERNEL32.DLL
_WriteConsoleA@20                   KERNEL32.DLL
_ReadConsoleInputA@16               KERNEL32.DLL
_GetConsoleScreenBufferInfo@8       KERNEL32.DLL
_FillConsoleOutputAttribute@20      KERNEL32.DLL
_SetConsoleCursorPosition@8         KERNEL32.DLL
_WriteConsoleOutputCharacterA@20    KERNEL32.DLL
_WriteConsoleOutputAttribute@20     KERNEL32.DLL
_GetVersionExA@4                    KERNEL32.DLL
_RegOpenKeyExA@20                   ADVAPI32.DLL
_RegQueryValueExA@24                ADVAPI32.DLL
_RegCloseKey@4                      ADVAPI32.DLL
_WriteFile@20                       KERNEL32.DLL
_GetEnvironmentStringsA@0           KERNEL32.DLL
_GetVersion@0                       KERNEL32.DLL
_GetModuleFileNameA@12              KERNEL32.DLL
_GetCommandLineA@0                  KERNEL32.DLL
_GetCommandLineW@0                  KERNEL32.DLL
_FreeEnvironmentStringsA@4          KERNEL32.DLL
_GetModuleHandleA@4                 KERNEL32.DLL
_ExitProcess@4                      KERNEL32.DLL
_ReadFile@20                        KERNEL32.DLL
_GetLastError@0                     KERNEL32.DLL
_CreateFileA@28                     KERNEL32.DLL
_SetFilePointer@16                  KERNEL32.DLL
_CloseHandle@4                      KERNEL32.DLL
_GetFileAttributesA@4               KERNEL32.DLL
_FindFirstFileA@8                   KERNEL32.DLL
_FindClose@4                        KERNEL32.DLL
_SetStdHandle@8                     KERNEL32.DLL
_CreateEventA@16                    KERNEL32.DLL
_GetModuleFileNameW@12              KERNEL32.DLL
_MultiByteToWideChar@24             KERNEL32.DLL
_LoadLibraryA@4                     KERNEL32.DLL
_GetProcAddress@8                   KERNEL32.DLL
_SetUnhandledExceptionFilter@4      KERNEL32.DLL
_UnhandledExceptionFilter@4         KERNEL32.DLL
_VirtualQuery@12                    KERNEL32.DLL
_GetConsoleMode@8                   KERNEL32.DLL
_SetConsoleMode@8                   KERNEL32.DLL
_GetFileType@4                      KERNEL32.DLL
_FlushFileBuffers@4                 KERNEL32.DLL
_WideCharToMultiByte@32             KERNEL32.DLL
_CharUpperA@4                       USER32.DLL
_GetCurrentThreadId@0               KERNEL32.DLL
_SetConsoleCtrlHandler@8            KERNEL32.DLL
_VirtualAlloc@16                    KERNEL32.DLL
_GetACP@0                           KERNEL32.DLL
_GetOEMCP@0                         KERNEL32.DLL
_GetCPInfo@8                        KERNEL32.DLL
_VirtualFree@12                     KERNEL32.DLL
_SetEnvironmentVariableA@8          KERNEL32.DLL
_CreateProcessA@40                  KERNEL32.DLL
_Sleep@4                            KERNEL32.DLL
_GetExitCodeProcess@8               KERNEL32.DLL
_WaitForSingleObject@8              KERNEL32.DLL
_SetEnvironmentVariableW@8          KERNEL32.DLL


                        +--------------------+
                        |   Libraries Used   |
                        +--------------------+

C:\trabajos\programas\openwatcom/lib386/nt\kernel32.lib
C:\trabajos\programas\openwatcom/lib386/nt\user32.lib
C:\trabajos\programas\openwatcom/lib386/nt\advapi32.lib
C:\trabajos\programas\openwatcom/lib386/nt\clib3r.lib


                        +-----------------------+
                        |   Linker Statistics   |
                        +-----------------------+

Stack size:  00010000 (65536.)
Memory size:  0001dbfe (121854.)
Entry point address: 00404512
Link time: 00:00.78
