Open Watcom Linker Version 1.9
Portions Copyright (c) 1985-2002 Sybase, Inc. All Rights Reserved.
Created on:       26/08/30 06:30:30
Executable Image: shdos.exe
creating a Windows NT character-mode executable


                        +------------+
                        |   Groups   |
                        +------------+

Group                           Address              Size
=====                           =======              ====

.idata                          0040c000             000006dc
DGROUP                          0040d000             00013780



                        +--------------+
                        |   Segments   |
                        +--------------+

Segment                Class          Group          Address         Size
=======                =====          =====          =======         ====

BEGTEXT                CODE           AUTO           00401000        00000007
_TEXT                  CODE           AUTO           00401010        0000ac20
TRANSFER CODE          CODE           AUTO           0040bc30        00000162
.idata                 .idata         .idata         0040c000        000006dc
_NULL                  BEGDATA        DGROUP         0040d000        00000004
_AFTERNULL             BEGDATA        DGROUP         0040d004        00000000
CONST                  DATA           DGROUP         0040d004        00000590
CONST2                 DATA           DGROUP         0040d594        00000000
_DATA                  DATA           DGROUP         0040d594        000005a0
XIB                    DATA           DGROUP         0040db34        00000000
XI                     DATA           DGROUP         0040db34        00000024
XIE                    DATA           DGROUP         0040db58        00000000
YIB                    DATA           DGROUP         0040db58        00000000
YI                     DATA           DGROUP         0040db58        0000001e
YIE                    DATA           DGROUP         0040db76        00000000
TIB                    DATA           DGROUP         0040db76        00000000
TI                     DATA           DGROUP         0040db76        00000000
TIE                    DATA           DGROUP         0040db76        00000000
DATA                   DATA           DGROUP         0040db76        00000000
_BSS                   BSS            DGROUP         0040e000        00002778
STACK                  STACK          DGROUP         00410780        00010000


                        +----------------+
                        |   Memory Map   |
                        +----------------+

* = unreferenced symbol
+ = symbol only referenced locally

Address        Symbol
=======        ======

Module: main.obj(C:\trabajos\programas\shdos\pr32bits\main.c)
0040e000+      _conf
0040e068+      _currheight
0040e06c+      _currwidth
0040e070+      _prevheight
0040e074+      _prevwidth
0040e078+      _hOut
0040e07c+      _startX
0040e080+      _startY
0040e084+      _osbits
0040e088+      _value
0040e0ca+      _stmp
0040e10c+      _line
0040e14e+      _smallbuffer
0040e190+      _tmp
0040e192+      _original_text_attr
0040e194+      _console_attr
0040e196+      _original_attr
0040e198+      _original_bg_attr
0040e19a+      _prompt_attr
0040e19c+      _global_attr
0040e19e+      _currentpath
0040e585+      _prompt
0040e96c+      _confpath
0040ed53+      _command
0040ee54+      _syscommand
0040f23b+      _shellpath
004010de+      clear_line_
0040112f+      redrawCommand_
0040121a+      readKey_
004012f8*      getX_
00401349+      getY_
0040139a+      getWidth_
004013e5*      getHeight_
00401430+      getOriginalConsole_
0040146e+      restoreConsole_
004014f9+      setCursorPosition_
0040153f+      fill_line_
004015f0+      print_colored_char_
004016b3+      print_colored_text_
0040170f+      print_colored_text_xy_
004017b8+      setConsoleColor_
00401838+      insertCommandChar_
004018b1+      deleteCommandChar_
00401976+      getCommandRows_
004019cf+      updateCommandCursor_
00401a74+      getContrastColor_
00401bbc+      getTextColor_
00401bee+      getBackgroundColor_
00401c22+      showPrompt_
00401ccb+      getOSBits_
00401cf6+      getOSFlavor_
00401d59+      getOSMajorVersion_
00401f61*      getOSMinorVersion_
004020c9+      getValueFromKey_
0040217e+      getCorrectValueToLoad_
00402250+      getDefaultConfiguration_
00402321+      loadConfiguration_
00402956+      isExecutable_
004029dc+      getExePath_
00402a46+      file_exists_
00402a8b+      executeCommand_
004033e0+      commandNotFound_
00403483+      invalidExecutable_
004034dd+      unsupportedComFile_
00403537+      cls_
00403571+      ver_
004035ef+      cmd_
004038c0+      trim_
00403983+      showWelcome_
00403b92+      clearcmdbuffer_
00403bce       main_
0040d594+      _currpos
0040d598+      _latestpos
0040d59c+      _firsttime
0040f622+      _exe
0040fa09+      _mediumbuffer
0040fb0a+      _largebuffer
0040fef1+      _osflavor
0040fff2+      _separator
Module: C:\trabajos\programas\openwatcom/lib386/nt\clib3r.lib(stk)
00403c09       __CHK
00403c19*      __STK
00403c38*      __STKOVERFLOW_
00403c48       __GRO
00403c68*      __alloca_probe
Module: C:\trabajos\programas\openwatcom/lib386/nt\clib3r.lib(strlen.c)
00403c80       strlen_
Module: C:\trabajos\programas\openwatcom/lib386/nt\clib3r.lib(memmove.c)
00403ca0       memmove_
Module: C:\trabajos\programas\openwatcom/lib386/nt\clib3r.lib(printf.c)
00403d00       printf_
Module: C:\trabajos\programas\openwatcom/lib386/nt\clib3r.lib(iob.c)
0040d5b0       ___iob
0040d7b8       __fmode
0040fff4       ___OpenStreams
0040fff8       ___ClosedStreams
Module: C:\trabajos\programas\openwatcom/lib386/nt\clib3r.lib(fgetc.c)
00403d30+      __fill_buffer_
00403e30       fgetc_
Module: C:\trabajos\programas\openwatcom/lib386/nt\clib3r.lib(strncpy.c)
00403ef0       strncpy_
Module: C:\trabajos\programas\openwatcom/lib386/nt\clib3r.lib(strcat.c)
00403f30       strcat_
Module: C:\trabajos\programas\openwatcom/lib386/nt\clib3r.lib(memset.c)
00403f60       memset_
Module: C:\trabajos\programas\openwatcom/lib386/nt\clib3r.lib(_strcmp)
00403f80       strcmp_
Module: C:\trabajos\programas\openwatcom/lib386/nt\clib3r.lib(atoi.c)
004040c0       atoi_
Module: C:\trabajos\programas\openwatcom/lib386/nt\clib3r.lib(strpbrk.c)
00404110       strpbrk_
Module: C:\trabajos\programas\openwatcom/lib386/nt\clib3r.lib(strchr.c)
00404160       strchr_
Module: C:\trabajos\programas\openwatcom/lib386/nt\clib3r.lib(_istrcc_.asm)
0040417c       strcasecmp_
Module: C:\trabajos\programas\openwatcom/lib386/nt\clib3r.lib(strcpy.c)
00404190       strcpy_
Module: C:\trabajos\programas\openwatcom/lib386/nt\clib3r.lib(fopen.c)
004041c0+      __open_flags_
004043d0+      _fsopen_
00404420       fopen_
004044b0*      freopen_
Module: C:\trabajos\programas\openwatcom/lib386/nt\clib3r.lib(fgets.c)
00404520       fgets_
Module: C:\trabajos\programas\openwatcom/lib386/nt\clib3r.lib(strcspn.c)
00404590       strcspn_
Module: C:\trabajos\programas\openwatcom/lib386/nt\clib3r.lib(_istrncc.asm)
004045d8       strncasecmp_
Module: C:\trabajos\programas\openwatcom/lib386/nt\clib3r.lib(strtol.c)
00404800*      strtoul_
00404810       strtol_
Module: C:\trabajos\programas\openwatcom/lib386/nt\clib3r.lib(fclose.c)
00404820       __doclose_
004048c0       __shutdown_stream_
004048e0       fclose_
0040fffc+      ___RmTmpFileFn
Module: C:\trabajos\programas\openwatcom/lib386/nt\clib3r.lib(fprintf.c)
00404930       fprintf_
Module: C:\trabajos\programas\openwatcom/lib386/nt\clib3r.lib(strrchr.c)
00404960       strrchr_
Module: C:\trabajos\programas\openwatcom/lib386/nt\clib3r.lib(stricmp.c)
00404980       stricmp_
Module: C:\trabajos\programas\openwatcom/lib386/nt\clib3r.lib(accsswnt.c)
004049c0       access_
Module: C:\trabajos\programas\openwatcom/lib386/nt\clib3r.lib(snprintf.c)
00404a30+      vsnprintf_
00404a90       snprintf_
Module: C:\trabajos\programas\openwatcom/lib386/nt\clib3r.lib(strstr.c)
00404ac0       strstr_
Module: C:\trabajos\programas\openwatcom/lib386/nt\clib3r.lib(fflush.c)
00404b70       fflush_
Module: C:\trabajos\programas\openwatcom/lib386/nt\clib3r.lib(system.c)
00404bb0       system_
Module: C:\trabajos\programas\openwatcom/lib386/nt\clib3r.lib(istable.c)
00404c30       __IsTable
Module: C:\trabajos\programas\openwatcom/lib386/nt\clib3r.lib(cstrtwnt)
00404d32       _cstart_
00404d32*      mainCRTStartup
Module: C:\trabajos\programas\openwatcom/lib386/nt\clib3r.lib(argcv.c)
00410000       __argc
00410004       __argv
00410008       ___argv
0041000c       ___argc
Module: C:\trabajos\programas\openwatcom/lib386/nt\clib3r.lib(xmsgwnt.c)
00404d90+      __exit_with_msg_
00404df0       __fatal_runtime_error_
Module: C:\trabajos\programas\openwatcom/lib386/nt\clib3r.lib(mainwnt.c)
0040d848*      ___TlsIndex
0040d84c+      ___FirstThreadData
0040d850       ___GetThreadPtr
0040d854       __AccessFileH
0040d858       __ReleaseFileH
0040d85c       __AccessIOB
0040d860       __ReleaseIOB
0040d864       __AccessNHeap
0040d868*      __AccessFHeap
0040d86c       __ReleaseNHeap
00404e20*      __threadid_
00404e40+      __sig_null_rtn_
00404e50+      __NTInit_
00405030+      __NTFini_
00405090       __NTMainInit_
004050f0       __exit_
0040d870*      __ReleaseFHeap
0040d874*      __AccessTDList
0040d878*      __ReleaseTDList
0040d87c       __AccessFList
0040d880       __ReleaseFList
0040d884+      __ThreadExitRtn
0040d888       ___sig_init_rtn
0040d88c       ___sig_fini_rtn
0040d890       ___process_fini
00410018       ___Is_DLL
Module: C:\trabajos\programas\openwatcom/lib386/nt\clib3r.lib(fprtf.c)
00405160       __fprtf_
Module: C:\trabajos\programas\openwatcom/lib386/nt\clib3r.lib(initfile.c)
00405250       __InitFiles_
Module: C:\trabajos\programas\openwatcom/lib386/nt\clib3r.lib(ioexit.c)
00405350*      fcloseall_
00405360       __full_io_exit_
Module: C:\trabajos\programas\openwatcom/lib386/nt\clib3r.lib(flushall.c)
00405370       __flushall_
004053b0       flushall_
Module: C:\trabajos\programas\openwatcom/lib386/nt\clib3r.lib(gtchewnt.c)
004053c0       getche_
Module: C:\trabajos\programas\openwatcom/lib386/nt\clib3r.lib(ioalloc.c)
004053f0       __ioalloc_
Module: C:\trabajos\programas\openwatcom/lib386/nt\clib3r.lib(qread.c)
00405490       __qread_
Module: C:\trabajos\programas\openwatcom/lib386/nt\clib3r.lib(seterrno.c)
004054f7       __set_errno_
00405505*      __set_EDOM_
00405513*      __set_ERANGE_
00405521*      __set_EINVAL_
00405534       __set_doserrno_
Module: C:\trabajos\programas\openwatcom/lib386/nt\clib3r.lib(__stos)
00405550       __STOSB
00405587*      __STOSD
Module: C:\trabajos\programas\openwatcom/lib386/nt\clib3r.lib(setbits.c)
00405600       __setbits_
Module: C:\trabajos\programas\openwatcom/lib386/nt\clib3r.lib(bits.c)
00405640       __Bits
Module: C:\trabajos\programas\openwatcom/lib386/nt\clib3r.lib(comtflag.c)
00405650*      __set_commode_
0040d894       __commode
Module: C:\trabajos\programas\openwatcom/lib386/nt\clib3r.lib(tolower.c)
00405660       tolower_
Module: C:\trabajos\programas\openwatcom/lib386/nt\clib3r.lib(openwnt.c)
00405870*      open_
00405890       sopen_
Module: C:\trabajos\programas\openwatcom/lib386/nt\clib3r.lib(fseek.c)
00405910       fseek_
Module: C:\trabajos\programas\openwatcom/lib386/nt\clib3r.lib(chktty.c)
00405a20       __chktty_
Module: C:\trabajos\programas\openwatcom/lib386/nt\clib3r.lib(freefp.c)
00405a60       __freefp_
00405ab0       __purgefp_
Module: C:\trabajos\programas\openwatcom/lib386/nt\clib3r.lib(allocfp.c)
00405ae0       __allocfp_
Module: C:\trabajos\programas\openwatcom/lib386/nt\clib3r.lib(strnicmp.c)
00405bb0       strnicmp_
Module: C:\trabajos\programas\openwatcom/lib386/nt\clib3r.lib(__lseek.c)
00405c00       __lseek_
Module: C:\trabajos\programas\openwatcom/lib386/nt\clib3r.lib(_clsewnt.c)
00405c40       __close_
Module: C:\trabajos\programas\openwatcom/lib386/nt\clib3r.lib(nfree.c)
00405ca0       _nfree_
00405ca0       free_
00410634       ___MiniHeapFreeRover
Module: C:\trabajos\programas\openwatcom/lib386/nt\clib3r.lib(flush.c)
00405db0       __flush_
Module: C:\trabajos\programas\openwatcom/lib386/nt\clib3r.lib(fgtattr.c)
00405eb0       __fixed_GetFileAttributesA_
Module: C:\trabajos\programas\openwatcom/lib386/nt\clib3r.lib(dosret.c)
00405f50*      _dosretax_
00405f60*      _dosret0_
00405f70       __set_errno_dos_
00405fa0*      __set_errno_dos_reterr_
00405fb0       __set_errno_nt_
00405fc0*      __set_errno_nt_reterr_
Module: C:\trabajos\programas\openwatcom/lib386/nt\clib3r.lib(prtf.c)
00405fe0       __prtf_
Module: C:\trabajos\programas\openwatcom/lib386/nt\clib3r.lib(getenv.c)
00406cb0       getenv_
Module: C:\trabajos\programas\openwatcom/lib386/nt\clib3r.lib(fileinfo.c)
0040d99c       __fileinfo
Module: C:\trabajos\programas\openwatcom/lib386/nt\clib3r.lib(_slashc.c)
00406d40       __Slash_C_
Module: C:\trabajos\programas\openwatcom/lib386/nt\clib3r.lib(splp.c)
00406d50       spawnlp_
Module: C:\trabajos\programas\openwatcom/lib386/nt\clib3r.lib(main2wnt.c)
00406d70       __NTMain
Module: C:\trabajos\programas\openwatcom/lib386/nt\clib3r.lib(segdefns)
00401003       ___begtext
0040d000*      __nullarea
0040db34       __Start_XI
0040db58       __End_XI
0040db58       __Start_YI
0040db76       __End_YI
Module: C:\trabajos\programas\openwatcom/lib386/nt\clib3r.lib(initargv.c)
00406dd0       __Init_Argv_
00406e20+      _getargv_
00406fc0       __Fini_Argv_
Module: C:\trabajos\programas\openwatcom/lib386/nt\clib3r.lib(enterdb.c)
00406fd0       __EnterWVIDEO_
0040d9a0+      ___WD_Present
Module: C:\trabajos\programas\openwatcom/lib386/nt\clib3r.lib(hdlman.c)
0040d9a4+      ___NHandles
0040d9a8+      ___OSHandles
0040d9ac+      ___FakeHandles
00407000+      __growPOSIXHandles_
004070a0       __allocPOSIXHandle_
00407160       __freePOSIXHandle_
00407180       __getOSHandle_
00407190       __setOSHandle_
004071e0+      __NTGetFakeHandle_
00407250       __initPOSIXHandles_
00407330*      __set_handles_
00407340*      _grow_handles_
Module: C:\trabajos\programas\openwatcom/lib386/nt\clib3r.lib(crwdata)
0040d9fc       __osmajor
0040d9fd       __osminor
0040d9fe       __osbuild
0040da00       __osver
0040da04       __winmajor
0040da08       __winminor
0040da0c       __winver
0040d9c8       __LpDllName
0040d9cc       __LpwCmdLine
0040d9d0       __LpwPgmName
0040d9d4       __LpwDllName
0040d9c0       __LpCmdLine
0040d9c4       __LpPgmName
0040d9b8*      __dynend
0040d9bc       __curbrk
0040d9d8*      __STACKLOW
0040d9dc       __STACKTOP
0040d9e0       __ASTACKSIZ
0040d9e4       __ASTACKPTR
0040d9e8       __cbyte
0040d9ec*      __cbyte2
0040d9f0*      __child
0040d9f6       __Envptr
0040d9fa*      __Envseg
0040d9f4*      __no87
0040da10       ___FPE_handler
Module: C:\trabajos\programas\openwatcom/lib386/nt\clib3r.lib(environ.c)
0041063c       ___env_mask
00410640       _environ
00410644       __wenviron
Module: C:\trabajos\programas\openwatcom/lib386/nt\clib3r.lib(getmodfn.c)
00407380       __lib_GetModuleFileNameW_
Module: C:\trabajos\programas\openwatcom/lib386/nt\clib3r.lib(strdup.c)
00407420       __clib_strdup_
Module: C:\trabajos\programas\openwatcom/lib386/nt\clib3r.lib(ustrdup.c)
00407460       __clib_wcsdup_
Module: C:\trabajos\programas\openwatcom/lib386/nt\clib3r.lib(excptwnt.c)
00407af0+      ___ReportException@4
00407f40       __DefaultExceptionHandler_
00407f80+      ___ExceptionFilter
00408190       __NewExceptionFilter_
004081c0       __DoneExceptionFilter_
0040da14       ___oscode_check_func
0040da18       ___raise_func
00410648*      _sw
0041064c+      ___ExceptionHandled
0041064d+      ___ReportInvoked
Module: C:\trabajos\programas\openwatcom/lib386/nt\clib3r.lib(stklmwnt.c)
00408200       __init_stack_limits_
Module: C:\trabajos\programas\openwatcom/lib386/nt\clib3r.lib(initrtns.c)
00408280       __InitRtns
004082d0       __FiniRtns
Module: C:\trabajos\programas\openwatcom/lib386/nt\clib3r.lib(fputc.c)
00408330       fputc_
Module: C:\trabajos\programas\openwatcom/lib386/nt\clib3r.lib(nmalloc.c)
00408410       _nmalloc_
00408410       malloc_
0040da30       ___nheapbeg
0040da34       ___MiniHeapRover
0040da38       ___LargestSizeB4MiniHeapRover
Module: C:\trabajos\programas\openwatcom/lib386/nt\clib3r.lib(getchwnt.c)
00408610       getch_
Module: C:\trabajos\programas\openwatcom/lib386/nt\clib3r.lib(putchwnt.c)
00408680       putch_
Module: C:\trabajos\programas\openwatcom/lib386/nt\clib3r.lib(iomode.c)
004086d0       __GetIOMode_
004086f0       __SetIOMode_nogrow_
0040da40       ___NFiles
0040da44       ___init_mode
0040da94       ___io_mode
Module: C:\trabajos\programas\openwatcom/lib386/nt\clib3r.lib(ntfio.c)
00408710*      __GetNTCreateAttr_
00408750       __GetNTAccessAttr_
00408780       __GetNTShareAttr_
Module: C:\trabajos\programas\openwatcom/lib386/nt\clib3r.lib(umaskval.c)
0040da98       ___umaskval
Module: C:\trabajos\programas\openwatcom/lib386/nt\clib3r.lib(isattwnt.c)
004087e0       isatty_
Module: C:\trabajos\programas\openwatcom/lib386/nt\clib3r.lib(stiomode.c)
00408800       __grow_iomode_
004088d0+      __shrink_iomode_
00408910       __SetIOMode_
Module: C:\trabajos\programas\openwatcom/lib386/nt\clib3r.lib(lseek.c)
00408980       lseek_
Module: C:\trabajos\programas\openwatcom/lib386/nt\clib3r.lib(tell.c)
004089d0       tell_
Module: C:\trabajos\programas\openwatcom/lib386/nt\clib3r.lib(mem.c)
004089f0       __MemAllocator
00408aa0       __MemFree
Module: C:\trabajos\programas\openwatcom/lib386/nt\clib3r.lib(fsync.c)
00408be0       fsync_
Module: C:\trabajos\programas\openwatcom/lib386/nt\clib3r.lib(qwrit.c)
00408c30       __qwrite_
Module: C:\trabajos\programas\openwatcom/lib386/nt\clib3r.lib(wctomb.c)
00408d10       wctomb_
Module: C:\trabajos\programas\openwatcom/lib386/nt\clib3r.lib(itoa.c)
00408d50+      utoa_
00408da0       itoa_
Module: C:\trabajos\programas\openwatcom/lib386/nt\clib3r.lib(strupr.c)
00408dd0       strupr_
Module: C:\trabajos\programas\openwatcom/lib386/nt\clib3r.lib(noefgfmt.c)
0040da9c       ___EFG_printf
0040daa0*      ___EFG_scanf
Module: C:\trabajos\programas\openwatcom/lib386/nt\clib3r.lib(lltoa.c)
00408e40       ulltoa_
00408eb0*      lltoa_
Module: C:\trabajos\programas\openwatcom/lib386/nt\clib3r.lib(ltoa.c)
00408ee0       ultoa_
00408f30*      ltoa_
Module: C:\trabajos\programas\openwatcom/lib386/nt\clib3r.lib(mbisdbcs.c)
00410660       ___IsDBCS
Module: C:\trabajos\programas\openwatcom/lib386/nt\clib3r.lib(mbislead.c)
00408f60*      _ismbblead_
00410664       ___MBCSIsTable
Module: C:\trabajos\programas\openwatcom/lib386/nt\clib3r.lib(mbterm.c)
00408f80       _mbterm_
Module: C:\trabajos\programas\openwatcom/lib386/nt\clib3r.lib(mbsnextc.c)
00408fc0       _mbsnextc_
Module: C:\trabajos\programas\openwatcom/lib386/nt\clib3r.lib(mbcupper.c)
00409000       _mbctoupper_
Module: C:\trabajos\programas\openwatcom/lib386/nt\clib3r.lib(mbsinc.c)
00409030       _mbsinc_
Module: C:\trabajos\programas\openwatcom/lib386/nt\clib3r.lib(spvp.c)
00409060       spawnvp_
Module: C:\trabajos\programas\openwatcom/lib386/nt\clib3r.lib(mthrdini.c)
00409070       __InitThreadData_
0040daa4       ___ThreadDataSize
Module: C:\trabajos\programas\openwatcom/lib386/nt\clib3r.lib(cmain386.c)
004090a0       __CMain
Module: C:\trabajos\programas\openwatcom/lib386/nt\clib3r.lib(dosseg)
00001234       __DOSseg__
Module: C:\trabajos\programas\openwatcom/lib386/nt\clib3r.lib(histsplt.c)
00410768       ___historical_splitparms
Module: C:\trabajos\programas\openwatcom/lib386/nt\clib3r.lib(___argc.c)
0041076c       ____Argc
00410770       ____Argv
Module: C:\trabajos\programas\openwatcom/lib386/nt\clib3r.lib(nrealloc.c)
004090e0*      _nrealloc_
004090e0       realloc_
Module: C:\trabajos\programas\openwatcom/lib386/nt\clib3r.lib(setenvp.c)
00409160       __setenvp_
00409220       __freeenvp_
Module: C:\trabajos\programas\openwatcom/lib386/nt\clib3r.lib(ustrlen.c)
0040926d       wcslen_
Module: C:\trabajos\programas\openwatcom/lib386/nt\clib3r.lib(memcpy.c)
00409280       memcpy_
Module: C:\trabajos\programas\openwatcom/lib386/nt\clib3r.lib(conutwnt.c)
004092b0       __NTRealKey_
00409360       __NTConsoleInput_
00409370       __NTConsoleOutput_
Module: C:\trabajos\programas\openwatcom/lib386/nt\clib3r.lib(fclex387.c)
00409380       _ClearFPE_
Module: C:\trabajos\programas\openwatcom/lib386/nt\clib3r.lib(signlwnt.c)
0040dab0+      __SignalTable
00409390+      __SetSignalFunc_
004093e0+      __GetSignalFunc_
00409410+      __GetSignalOSCode_
00409440+      __CheckSignalExCode_
00409580+      __sigabort_
00409590       __sigfpe_handler_
004095e0*      signal_
00409670+      raise_
004096e0+      __SigInit_
00409730+      __SigFini_
00409770+      __sig_init_
Module: C:\trabajos\programas\openwatcom/lib386/nt\clib3r.lib(nmemneed.c)
00409790       __nmemneed_
Module: C:\trabajos\programas\openwatcom/lib386/nt\clib3r.lib(grownear.c)
00409900       __ExpandDGROUP_
Module: C:\trabajos\programas\openwatcom/lib386/nt\clib3r.lib(iomodtty.c)
00409920       __ChkTTYIOMode_
00409960*      __IOMode_
Module: C:\trabajos\programas\openwatcom/lib386/nt\clib3r.lib(mbinit.c)
004099ab       __mbinit_
0040db1c       ___MBCodePage
Module: C:\trabajos\programas\openwatcom/lib386/nt\clib3r.lib(alphabet.c)
0040d56c       ___Alphabet
Module: C:\trabajos\programas\openwatcom/lib386/nt\clib3r.lib(mbconv.c)
00409aa0       _mbvtop_
Module: C:\trabajos\programas\openwatcom/lib386/nt\clib3r.lib(spvpe.c)
00409abf       spawnvpe_
Module: C:\trabajos\programas\openwatcom/lib386/nt\clib3r.lib(cinit.c)
00409c10       __CommonInit_
Module: C:\trabajos\programas\openwatcom/lib386/nt\clib3r.lib(exit.c)
00409c11+      __null_int23_exit_
00409c12       exit_
00409c62*      _exit_
0040db20       ___int23_exit
0040db24+      ___FPE_handler_exit
Module: C:\trabajos\programas\openwatcom/lib386/nt\clib3r.lib(nmsize.c)
00409c80       _nmsize_
00409c80*      _msize_
Module: C:\trabajos\programas\openwatcom/lib386/nt\clib3r.lib(nexpand.c)
00409c90       _nexpand_
00409c90*      _expand_
00409cd0+      __HeapManager_expand_
Module: C:\trabajos\programas\openwatcom/lib386/nt\clib3r.lib(dofilstr.c)
00409eb0       __ParsePosixHandleStr_
Module: C:\trabajos\programas\openwatcom/lib386/nt\clib3r.lib(clearenv.c)
00409fd0       clearenv_
Module: C:\trabajos\programas\openwatcom/lib386/nt\clib3r.lib(abort.c)
0040a075*      abort_
0040a087       __terminate_
0040db28       ___abort
Module: C:\trabajos\programas\openwatcom/lib386/nt\clib3r.lib(amblksiz.c)
0040db2c       __amblksiz
Module: C:\trabajos\programas\openwatcom/lib386/nt\clib3r.lib(heapen.c)
0040a0a0*      _heapenable_
0040db30       ___heap_enabled
Module: C:\trabajos\programas\openwatcom/lib386/nt\clib3r.lib(nheapmin.c)
0040a0d0       _nheapshrink_
0040a0d0*      _nheapmin_
0040a0d0*      _heapmin_
0040a0d0*      _heapshrink_
Module: C:\trabajos\programas\openwatcom/lib386/nt\clib3r.lib(spve.c)
0040a210       spawnve_
Module: C:\trabajos\programas\openwatcom/lib386/nt\clib3r.lib(putenv.c)
0040a640       putenv_
0040a8d0       __putenv_
Module: C:\trabajos\programas\openwatcom/lib386/nt\clib3r.lib(exvewnt.c)
0040aa39       execve_
Module: C:\trabajos\programas\openwatcom/lib386/nt\clib3r.lib(mkfilstr.c)
0040aa90       __FormPosixHandleStr_
Module: C:\trabajos\programas\openwatcom/lib386/nt\clib3r.lib(cenvarg.c)
0040ac9f       __cenvarg_
0040adb3       __ccmdline_
Module: C:\trabajos\programas\openwatcom/lib386/nt\clib3r.lib(stackwnt.c)
0040ae10       stackavail_
Module: C:\trabajos\programas\openwatcom/lib386/nt\clib3r.lib(split2.c)
0040ae70       _splitpath2_
Module: C:\trabajos\programas\openwatcom/lib386/nt\clib3r.lib(makepath.c)
0040afe0       _makepath_
Module: C:\trabajos\programas\openwatcom/lib386/nt\clib3r.lib(spl.c)
0040b190       spawnl_
Module: C:\trabajos\programas\openwatcom/lib386/nt\clib3r.lib(dospnwnt.c)
0040b1b0       _dospawn_
Module: C:\trabajos\programas\openwatcom/lib386/nt\clib3r.lib(mbschr.c)
0040b300       _mbschr_
Module: C:\trabajos\programas\openwatcom/lib386/nt\clib3r.lib(mbslen.c)
0040b360       _mbslen_
Module: C:\trabajos\programas\openwatcom/lib386/nt\clib3r.lib(mbstowcs.c)
0040b390       mbstowcs_
Module: C:\trabajos\programas\openwatcom/lib386/nt\clib3r.lib(uputenv.c)
0040b410*      _wputenv_
0040b630       __wputenv_
Module: C:\trabajos\programas\openwatcom/lib386/nt\clib3r.lib(toupper.c)
0040b730       toupper_
Module: C:\trabajos\programas\openwatcom/lib386/nt\clib3r.lib(oshdl.c)
0040b740*      _get_osfhandle_
0040b740       _os_handle_
Module: C:\trabajos\programas\openwatcom/lib386/nt\clib3r.lib(mbsnccnt.c)
0040b760       _mbsnccnt_
Module: C:\trabajos\programas\openwatcom/lib386/nt\clib3r.lib(mbsncpy.c)
0040b790       _mbsncpy_
Module: C:\trabajos\programas\openwatcom/lib386/nt\clib3r.lib(mbsnbcnt.c)
0040b7b0       _mbsnbcnt_
Module: C:\trabajos\programas\openwatcom/lib386/nt\clib3r.lib(mbclen.c)
0040b820       _mbclen_
Module: C:\trabajos\programas\openwatcom/lib386/nt\clib3r.lib(mbsdec.c)
0040b850       _mbsdec_
Module: C:\trabajos\programas\openwatcom/lib386/nt\clib3r.lib(mbccmp.c)
0040b8d0       _mbccmp_
Module: C:\trabajos\programas\openwatcom/lib386/nt\clib3r.lib(mbtowc.c)
0040b910       mbtowc_
Module: C:\trabajos\programas\openwatcom/lib386/nt\clib3r.lib(ustrchr.c)
0040b9a0       wcschr_
Module: C:\trabajos\programas\openwatcom/lib386/nt\clib3r.lib(setenvar.c)
0040b9c0       __lib_SetEnvironmentVariableW_
Module: C:\trabajos\programas\openwatcom/lib386/nt\clib3r.lib(crtwenv.c)
0040bab0       __create_wide_environment_
Module: C:\trabajos\programas\openwatcom/lib386/nt\clib3r.lib(wcstombs.c)
0040bb20       wcstombs_
Module: C:\trabajos\programas\openwatcom/lib386/nt\clib3r.lib(utoupper.c)
0040bbbf       towupper_
Module: C:\trabajos\programas\openwatcom/lib386/nt\clib3r.lib(mbsnbcpy.c)
0040bbd0       _mbsnbcpy_


                        +----------------------+
                        |   Imported Symbols   |
                        +----------------------+

Symbol                              Module
======                              ======

_FillConsoleOutputCharacterA@20     KERNEL32.DLL
_GetStdHandle@4                     KERNEL32.DLL
_SetConsoleTextAttribute@8          KERNEL32.DLL
_WriteConsoleA@20                   KERNEL32.DLL
_ReadConsoleInputA@16               KERNEL32.DLL
_GetConsoleScreenBufferInfo@8       KERNEL32.DLL
_FillConsoleOutputAttribute@20      KERNEL32.DLL
_SetConsoleCursorPosition@8         KERNEL32.DLL
_WriteConsoleOutputCharacterA@20    KERNEL32.DLL
_WriteConsoleOutputAttribute@20     KERNEL32.DLL
_GetVersionExA@4                    KERNEL32.DLL
_RegOpenKeyExA@20                   ADVAPI32.DLL
_RegQueryValueExA@24                ADVAPI32.DLL
_RegCloseKey@4                      ADVAPI32.DLL
_WriteFile@20                       KERNEL32.DLL
_GetEnvironmentStringsA@0           KERNEL32.DLL
_GetVersion@0                       KERNEL32.DLL
_GetModuleFileNameA@12              KERNEL32.DLL
_GetCommandLineA@0                  KERNEL32.DLL
_GetCommandLineW@0                  KERNEL32.DLL
_FreeEnvironmentStringsA@4          KERNEL32.DLL
_GetModuleHandleA@4                 KERNEL32.DLL
_ExitProcess@4                      KERNEL32.DLL
_ReadFile@20                        KERNEL32.DLL
_GetLastError@0                     KERNEL32.DLL
_CreateFileA@28                     KERNEL32.DLL
_SetFilePointer@16                  KERNEL32.DLL
_CloseHandle@4                      KERNEL32.DLL
_GetFileAttributesA@4               KERNEL32.DLL
_FindFirstFileA@8                   KERNEL32.DLL
_FindClose@4                        KERNEL32.DLL
_SetStdHandle@8                     KERNEL32.DLL
_CreateEventA@16                    KERNEL32.DLL
_GetModuleFileNameW@12              KERNEL32.DLL
_MultiByteToWideChar@24             KERNEL32.DLL
_LoadLibraryA@4                     KERNEL32.DLL
_GetProcAddress@8                   KERNEL32.DLL
_SetUnhandledExceptionFilter@4      KERNEL32.DLL
_UnhandledExceptionFilter@4         KERNEL32.DLL
_VirtualQuery@12                    KERNEL32.DLL
_GetConsoleMode@8                   KERNEL32.DLL
_SetConsoleMode@8                   KERNEL32.DLL
_GetFileType@4                      KERNEL32.DLL
_FlushFileBuffers@4                 KERNEL32.DLL
_WideCharToMultiByte@32             KERNEL32.DLL
_CharUpperA@4                       USER32.DLL
_GetCurrentThreadId@0               KERNEL32.DLL
_SetConsoleCtrlHandler@8            KERNEL32.DLL
_VirtualAlloc@16                    KERNEL32.DLL
_GetACP@0                           KERNEL32.DLL
_GetOEMCP@0                         KERNEL32.DLL
_GetCPInfo@8                        KERNEL32.DLL
_VirtualFree@12                     KERNEL32.DLL
_SetEnvironmentVariableA@8          KERNEL32.DLL
_CreateProcessA@40                  KERNEL32.DLL
_Sleep@4                            KERNEL32.DLL
_GetExitCodeProcess@8               KERNEL32.DLL
_WaitForSingleObject@8              KERNEL32.DLL
_SetEnvironmentVariableW@8          KERNEL32.DLL


                        +--------------------+
                        |   Libraries Used   |
                        +--------------------+

C:\trabajos\programas\openwatcom/lib386/nt\kernel32.lib
C:\trabajos\programas\openwatcom/lib386/nt\user32.lib
C:\trabajos\programas\openwatcom/lib386/nt\advapi32.lib
C:\trabajos\programas\openwatcom/lib386/nt\clib3r.lib


                        +-----------------------+
                        |   Linker Statistics   |
                        +-----------------------+

Stack size:  00010000 (65536.)
Memory size:  0001ebee (125934.)
Entry point address: 00404d32
Link time: 00:00.78
