Open Watcom Linker Version 1.9
Portions Copyright (c) 1985-2002 Sybase, Inc. All Rights Reserved.
Created on:       26/06/21 18:06:37
Executable Image: shdos.exe
creating a DOS executable


                        +------------+
                        |   Groups   |
                        +------------+

Group                           Address              Size
=====                           =======              ====

DGROUP                          0718:0000            00001810



                        +--------------+
                        |   Segments   |
                        +--------------+

Segment                Class          Group          Address         Size
=======                =====          =====          =======         ====

main_TEXT              CODE           AUTO           0000:0000       00001206
_TEXT                  CODE           AUTO           0000:1210       00005f69
FAR_DATA               FAR_DATA       AUTO           0717:0009       00000000
_NULL                  BEGDATA        DGROUP         0718:0000       00000020
_AFTERNULL             BEGDATA        DGROUP         071a:0000       00000002
CONST                  DATA           DGROUP         071a:0002       0000036e
CONST2                 DATA           DGROUP         0751:0000       0000010a
_DATA                  DATA           DGROUP         0761:000a       000002e4
XIB                    DATA           DGROUP         078f:000e       00000000
XI                     DATA           DGROUP         078f:000e       00000024
XIE                    DATA           DGROUP         0792:0002       00000000
YIB                    DATA           DGROUP         0792:0002       00000000
YI                     DATA           DGROUP         0792:0002       00000018
YIE                    DATA           DGROUP         0793:000a       00000000
STRINGS                DATA           DGROUP         0793:000a       00000000
DATA                   DATA           DGROUP         0793:000a       00000000
_BSS                   BSS            DGROUP         0793:000a       00000850
STACK                  STACK          DGROUP         0819:0000       00000800


                        +----------------+
                        |   Memory Map   |
                        +----------------+

* = unreferenced symbol
+ = symbol only referenced locally

Address        Symbol
=======        ======

Module: main.obj(C:\trabajos\programas\shdos\16bits\main.c)
0718:049a+     _cursor_x
0718:049c+     _cursor_y
0000:0000+     ver_
0000:0070+     getCmdWidth_
0000:00a2+     cls_
0000:00fc+     getOriginalCmdTextColor_
0000:0121+     restoreCmdTextColor_
0000:016f+     setCursorPosition_
0000:01d4+     fill_line_
0000:0236+     print_colored_char_
0000:02dd+     print_colored_text_
0000:0322+     print_colored_text_xy_
0000:0392+     getDefaultCmdConfiguration_
0000:0443+     cmd_
0000:0d82+     showWelcome_
0000:0ea5+     clearcmdbuffer_
0000:0edc+     getExePath_
0000:0f6f+     getValueFromKey_
0000:1070+     getCorrectValueToLoad_
0000:11ce      main_
0718:04a2+     _pos
0718:04a4+     _firsttime
0718:07ba+     _conf
0718:08ca+     _tmp
0718:08cc+     _attr
0718:08ce+     _original_attr
0718:08d0+     _currentpath
0718:09cf+     _buffer
0718:0ace+     _line
0718:0bcd+     _value
0718:0ccc+     _command
0718:0dcb+     _stmp
Module: C:\trabajos\programas\openwatcom/lib286/dos\clibl.lib(stk)
0000:1215      __STK
0000:1235*     __STKOVERFLOW_
Module: C:\trabajos\programas\openwatcom/lib286/dos\clibl.lib(snprintf.c)
0000:1289+     vsnprintf_
0000:130d      snprintf_
Module: C:\trabajos\programas\openwatcom/lib286/dos\clibl.lib(iob.c)
0718:04a8      ___iob
0718:0610      __fmode
0718:0eca      ___OpenStreams
0718:0ece      ___ClosedStreams
Module: C:\trabajos\programas\openwatcom/lib286/dos\clibl.lib(fflush.c)
0000:133c      fflush_
Module: C:\trabajos\programas\openwatcom/lib286/dos\clibl.lib(system.c)
0000:1351      system_
Module: C:\trabajos\programas\openwatcom/lib286/dos\clibl.lib(intx086.c)
0000:13cc+     int86x_
0000:1465      int86_
Module: C:\trabajos\programas\openwatcom/lib286/dos\clibl.lib(memset.c)
0000:1492      memset_
Module: C:\trabajos\programas\openwatcom/lib286/dos\clibl.lib(strncpy.c)
0000:14a9      strncpy_
Module: C:\trabajos\programas\openwatcom/lib286/dos\clibl.lib(strcat.c)
0000:14e5      strcat_
Module: C:\trabajos\programas\openwatcom/lib286/dos\clibl.lib(fopen.c)
0000:1510+     __open_flags_
0000:1710+     _fsopen_
0000:1777      fopen_
0000:1852*     freopen_
Module: C:\trabajos\programas\openwatcom/lib286/dos\clibl.lib(fgets.c)
0000:18c8      fgets_
Module: C:\trabajos\programas\openwatcom/lib286/dos\clibl.lib(strcspn.c)
0000:1957      strcspn_
Module: C:\trabajos\programas\openwatcom/lib286/dos\clibl.lib(strlen.c)
0000:19ac      strlen_
Module: C:\trabajos\programas\openwatcom/lib286/dos\clibl.lib(_istrncc.asm)
0000:19c2      strncasecmp_
Module: C:\trabajos\programas\openwatcom/lib286/dos\clibl.lib(_istrcc_.asm)
0000:19c8      strcasecmp_
Module: C:\trabajos\programas\openwatcom/lib286/dos\clibl.lib(atoi.c)
0000:19cd      atoi_
Module: C:\trabajos\programas\openwatcom/lib286/dos\clibl.lib(strtol.c)
0000:1c7d*     strtoul_
0000:1c8f      strtol_
Module: C:\trabajos\programas\openwatcom/lib286/dos\clibl.lib(fclose.c)
0000:1c98      __doclose_
0000:1d49      __shutdown_stream_
0000:1d63      fclose_
0718:0ed2+     ___RmTmpFileFn
Module: C:\trabajos\programas\openwatcom/lib286/dos\clibl.lib(printf.c)
0000:1dae      printf_
Module: C:\trabajos\programas\openwatcom/lib286/dos\clibl.lib(fprintf.c)
0000:1ddd      fprintf_
Module: C:\trabajos\programas\openwatcom/lib286/dos\clibl.lib(getch.c)
0000:1e0c      getch_
Module: C:\trabajos\programas\openwatcom/lib286/dos\clibl.lib(stricmp.c)
0000:1e26      stricmp_
Module: C:\trabajos\programas\openwatcom/lib286/dos\clibl.lib(strrchr.c)
0000:1e63      strrchr_
Module: C:\trabajos\programas\openwatcom/lib286/dos\clibl.lib(strpbrk.c)
0000:1e88      strpbrk_
Module: C:\trabajos\programas\openwatcom/lib286/dos\clibl.lib(strchr.c)
0000:1ee1      strchr_
Module: C:\trabajos\programas\openwatcom/lib286/dos\clibl.lib(cstart)
0718:0000*     __nullarea
0718:069e*     __ovlflag
0718:069f*     __intno
0718:06a0*     __ovlvec
0000:1f00      _cstart_
0000:1fd3*     _Not_Enough_Memory_
0000:2107      __exit_
0000:2126      __do_exit_with_msg__
0000:2184      __GETDS
Module: C:\trabajos\programas\openwatcom/lib286/dos\clibl.lib(cmodel)
0000:218e      _big_code_
0000:218e*     CodeModelMismatch
Module: C:\trabajos\programas\openwatcom/lib286/dos\clibl.lib(argcv.c)
0718:0ed6      __argv
0718:0eda      ___argv
0718:0ede      __argc
0718:0ee0      ___argc
Module: C:\trabajos\programas\openwatcom/lib286/dos\clibl.lib(xmsg.c)
0000:218e*     __exit_with_msg_
0000:2193      __fatal_runtime_error_
Module: C:\trabajos\programas\openwatcom/lib286/dos\clibl.lib(crwdata)
0718:06a4      __curbrk
0718:06ac      __STACKLOW
0718:06ae      __STACKTOP
0718:06b0      __cbyte
0718:06b2      __child
0718:06b4      __no87
0718:06c2      ___FPE_handler
0718:06a6      __psp
0718:06b6      __get_ovl_stack
0718:06ba      __restore_ovl_stack
0718:06be      __close_ovl_file
0718:06c6      __LpCmdLine
0718:06ca      __LpPgmName
0718:06a8      __osmajor
0718:06a9      __osminor
0718:06aa      __osmode
0718:06ab      __HShift
Module: C:\trabajos\programas\openwatcom/lib286/dos\clibl.lib(prtf.c)
0000:21b2      __prtf_
Module: C:\trabajos\programas\openwatcom/lib286/dos\clibl.lib(initfile.c)
0000:2f80      __InitFiles_
Module: C:\trabajos\programas\openwatcom/lib286/dos\clibl.lib(ioexit.c)
0000:30ce*     fcloseall_
0000:30d5      __full_io_exit_
Module: C:\trabajos\programas\openwatcom/lib286/dos\clibl.lib(flushall.c)
0000:30df      __flushall_
0000:313c      flushall_
Module: C:\trabajos\programas\openwatcom/lib286/dos\clibl.lib(flush.c)
0000:3141      __flush_
Module: C:\trabajos\programas\openwatcom/lib286/dos\clibl.lib(getenv.c)
0000:3274      getenv_
Module: C:\trabajos\programas\openwatcom/lib286/dos\clibl.lib(_slashc.c)
0000:3339      __Slash_C_
Module: C:\trabajos\programas\openwatcom/lib286/dos\clibl.lib(splp.c)
0000:3365      spawnlp_
Module: C:\trabajos\programas\openwatcom/lib286/dos\clibl.lib(intr.c)
0000:3383      intr_
Module: C:\trabajos\programas\openwatcom/lib286/dos\clibl.lib(segread.c)
0000:3397      segread_
Module: C:\trabajos\programas\openwatcom/lib286/dos\clibl.lib(comtflag.c)
0000:33b7*     __set_commode_
0718:06ce      __commode
Module: C:\trabajos\programas\openwatcom/lib286/dos\clibl.lib(seterrno.c)
0000:33c3      __set_errno_
0000:33d7*     __set_EDOM_
0000:33e9*     __set_ERANGE_
0000:33fb*     __set_EINVAL_
0000:3410      __set_doserrno_
Module: C:\trabajos\programas\openwatcom/lib286/dos\clibl.lib(tolower.c)
0000:341c      tolower_
Module: C:\trabajos\programas\openwatcom/lib286/dos\clibl.lib(open.c)
0000:3626*     open_
0000:365d      sopen_
Module: C:\trabajos\programas\openwatcom/lib286/dos\clibl.lib(fseek.c)
0000:36f5      fseek_
Module: C:\trabajos\programas\openwatcom/lib286/dos\clibl.lib(chktty.c)
0000:3843      __chktty_
Module: C:\trabajos\programas\openwatcom/lib286/dos\clibl.lib(freefp.c)
0000:386e      __freefp_
0000:38e9      __purgefp_
Module: C:\trabajos\programas\openwatcom/lib286/dos\clibl.lib(allocfp.c)
0000:392a      __allocfp_
Module: C:\trabajos\programas\openwatcom/lib286/dos\clibl.lib(fgetc.c)
0000:3a4c+     __fill_buffer_
0000:3b41      fgetc_
Module: C:\trabajos\programas\openwatcom/lib286/dos\clibl.lib(setbits.c)
0000:3be6      __setbits_
Module: C:\trabajos\programas\openwatcom/lib286/dos\clibl.lib(bits.c)
0718:0390      __Bits
Module: C:\trabajos\programas\openwatcom/lib286/dos\clibl.lib(strnicmp.c)
0000:3c3e      strnicmp_
Module: C:\trabajos\programas\openwatcom/lib286/dos\clibl.lib(istable.c)
0718:0398      __IsTable
Module: C:\trabajos\programas\openwatcom/lib286/dos\clibl.lib(i4m)
0000:3c8e*     __I4M
0000:3c8e      __U4M
Module: C:\trabajos\programas\openwatcom/lib286/dos\clibl.lib(__lseek.c)
0000:3ca6      __lseek_
Module: C:\trabajos\programas\openwatcom/lib286/dos\clibl.lib(_clse.c)
0000:3ce0      __close_
Module: C:\trabajos\programas\openwatcom/lib286/dos\clibl.lib(ffree.c)
0000:3d13      _ffree_
0000:3d13      free_
Module: C:\trabajos\programas\openwatcom/lib286/dos\clibl.lib(fprtf.c)
0000:3d73      __fprtf_
Module: C:\trabajos\programas\openwatcom/lib286/dos\clibl.lib(cmain086.c)
0000:3e3e      __CMain
Module: C:\trabajos\programas\openwatcom/lib286/dos\clibl.lib(initrtns.c)
0000:3ea4      __InitRtns
0000:3ea4*     __FInitRtns
0000:3eff      __FiniRtns
0000:3eff*     __FFiniRtns
Module: C:\trabajos\programas\openwatcom/lib286/dos\clibl.lib(uselfn.c)
0718:06d0      ___uselfn
Module: C:\trabajos\programas\openwatcom/lib286/dos\clibl.lib(dosseg)
0000:3f64      __DOSseg__
Module: C:\trabajos\programas\openwatcom/lib286/dos\clibl.lib(initargv.c)
0000:3f65      __Init_Argv_
0000:3fc8+     _getargv_
0000:41c7      __Fini_Argv_
Module: C:\trabajos\programas\openwatcom/lib286/dos\clibl.lib(enterdb.c)
0000:41f1      __EnterWVIDEO_
0718:06d2+     ___WD_Present
Module: C:\trabajos\programas\openwatcom/lib286/dos\clibl.lib(wctomb.c)
0000:4215      wctomb_
Module: C:\trabajos\programas\openwatcom/lib286/dos\clibl.lib(itoa.c)
0000:423e+     utoa_
0000:429b      itoa_
Module: C:\trabajos\programas\openwatcom/lib286/dos\clibl.lib(strupr.c)
0000:42bf      strupr_
Module: C:\trabajos\programas\openwatcom/lib286/dos\clibl.lib(noefgfmt.c)
0718:06d4      ___EFG_printf
0718:06d8*     ___EFG_scanf
Module: C:\trabajos\programas\openwatcom/lib286/dos\clibl.lib(mbisdbcs.c)
0718:0ee6      ___IsDBCS
Module: C:\trabajos\programas\openwatcom/lib286/dos\clibl.lib(mbislead.c)
0000:42f4*     _ismbblead_
0718:0ee8      ___MBCSIsTable
Module: C:\trabajos\programas\openwatcom/lib286/dos\clibl.lib(lltoa.c)
0000:4310      ulltoa_
0000:43f5*     lltoa_
Module: C:\trabajos\programas\openwatcom/lib286/dos\clibl.lib(ltoa.c)
0000:4457      ultoa_
0000:44c6*     ltoa_
Module: C:\trabajos\programas\openwatcom/lib286/dos\clibl.lib(nmalloc.c)
0000:44f5      _nmalloc_
0718:06dc      ___nheapbeg
0718:06de      ___MiniHeapRover
0718:06e0      ___LargestSizeB4MiniHeapRover
Module: C:\trabajos\programas\openwatcom/lib286/dos\clibl.lib(fmalloc.c)
0000:45cf      _fmalloc_
0000:45cf      malloc_
0718:06e2+     ___fheap
0718:06e4      ___fheapRover
0718:06e6      ___LargestSizeB4Rover
Module: C:\trabajos\programas\openwatcom/lib286/dos\clibl.lib(qwrit.c)
0000:46dc      __qwrite_
Module: C:\trabajos\programas\openwatcom/lib286/dos\clibl.lib(fsync.c)
0000:4739      fsync_
Module: C:\trabajos\programas\openwatcom/lib286/dos\clibl.lib(environ.c)
0718:0fea      ___env_mask
0718:0fee      _environ
0718:0ff2*     __wenviron
Module: C:\trabajos\programas\openwatcom/lib286/dos\clibl.lib(mbterm.c)
0000:473e      _mbterm_
Module: C:\trabajos\programas\openwatcom/lib286/dos\clibl.lib(mbsnextc.c)
0000:4780      _mbsnextc_
Module: C:\trabajos\programas\openwatcom/lib286/dos\clibl.lib(mbcupper.c)
0000:47b1      _mbctoupper_
Module: C:\trabajos\programas\openwatcom/lib286/dos\clibl.lib(mbsinc.c)
0000:47d4      _mbsinc_
Module: C:\trabajos\programas\openwatcom/lib286/dos\clibl.lib(spvp.c)
0000:4810      spawnvp_
Module: C:\trabajos\programas\openwatcom/lib286/dos\clibl.lib(dointr)
0000:4832      _DoINTR_
Module: C:\trabajos\programas\openwatcom/lib286/dos\clibl.lib(errno.c)
0000:4bab      __get_errno_ptr_
0000:4bb2      __get_doserrno_ptr_
0718:0ff6+     _errno
0718:0ff8+     __doserrno
Module: C:\trabajos\programas\openwatcom/lib286/dos\clibl.lib(opendos.c)
0000:4bb9      _dos_open_
Module: C:\trabajos\programas\openwatcom/lib286/dos\clibl.lib(iomode.c)
0000:4bdf      __GetIOMode_
0000:4c04      __SetIOMode_nogrow_
0718:06e8      ___NFiles
0718:06ea      ___init_mode
0718:0712      ___io_mode
Module: C:\trabajos\programas\openwatcom/lib286/dos\clibl.lib(isatt.c)
0000:4c27      isatty_
Module: C:\trabajos\programas\openwatcom/lib286/dos\clibl.lib(dosret.c)
0000:4c43      _dosretax_
0000:4c48*     _dosret0_
0000:4c4f      __set_errno_dos_
0000:4cad*     __set_errno_dos_reterr_
Module: C:\trabajos\programas\openwatcom/lib286/dos\clibl.lib(umaskval.c)
0718:072a      ___umaskval
Module: C:\trabajos\programas\openwatcom/lib286/dos\clibl.lib(creatdos.c)
0000:4cb8      _dos_creat_
0000:4cdc*     _dos_creatnew_
Module: C:\trabajos\programas\openwatcom/lib286/dos\clibl.lib(stiomode.c)
0000:4cfe+     __grow_iomode_
0000:4dc1+     __shrink_iomode_
0000:4dfc      __SetIOMode_
Module: C:\trabajos\programas\openwatcom/lib286/dos\clibl.lib(lseek.c)
0000:4e5f      lseek_
Module: C:\trabajos\programas\openwatcom/lib286/dos\clibl.lib(tell.c)
0000:4e90      tell_
Module: C:\trabajos\programas\openwatcom/lib286/dos\clibl.lib(gtche.c)
0000:4ea1      getche_
Module: C:\trabajos\programas\openwatcom/lib286/dos\clibl.lib(ioalloc.c)
0000:4ebb      __ioalloc_
Module: C:\trabajos\programas\openwatcom/lib286/dos\clibl.lib(qread.c)
0000:4f55      __qread_
Module: C:\trabajos\programas\openwatcom/lib286/dos\clibl.lib(mem.c)
0000:4f80      __MemAllocator
0000:504a      __MemFree
Module: C:\trabajos\programas\openwatcom/lib286/dos\clibl.lib(nfree.c)
0000:51a7      _nfree_
0718:0ffc+     ___MiniHeapFreeRover
Module: C:\trabajos\programas\openwatcom/lib286/dos\clibl.lib(fputc.c)
0000:52a2      fputc_
Module: C:\trabajos\programas\openwatcom/lib286/dos\clibl.lib(___argc.c)
0718:0ffe      ____Argv
0718:1002      ____Argc
Module: C:\trabajos\programas\openwatcom/lib286/dos\clibl.lib(amblksiz.c)
0718:072c      __amblksiz
Module: C:\trabajos\programas\openwatcom/lib286/dos\clibl.lib(exit.c)
0000:5372+     __null_int23_exit_
0000:5373      exit_
0000:53a4*     _exit_
0718:072e+     ___int23_exit
0718:0732+     ___FPE_handler_exit
Module: C:\trabajos\programas\openwatcom/lib286/dos\clibl.lib(sgdef086)
0718:077e      __Start_XI
0718:07a2      __End_XI
0718:07a2      __Start_YI
0718:07ba      __End_YI
Module: C:\trabajos\programas\openwatcom/lib286/dos\clibl.lib(histsplt.c)
0718:1004      ___historical_splitparms
Module: C:\trabajos\programas\openwatcom/lib286/dos\clibl.lib(alphabet.c)
0718:033e      ___Alphabet
Module: C:\trabajos\programas\openwatcom/lib286/dos\clibl.lib(mbinit.c)
0000:53fc      __mbinit_
0718:0736      ___MBCodePage
Module: C:\trabajos\programas\openwatcom/lib286/dos\clibl.lib(nmemneed.c)
0000:54d7      __nmemneed_
Module: C:\trabajos\programas\openwatcom/lib286/dos\clibl.lib(grownear.c)
0000:555f      __LastFree_
0000:55d9      __ExpandDGROUP_
Module: C:\trabajos\programas\openwatcom/lib286/dos\clibl.lib(hpgrw086.c)
0000:56ea      __CMain_nheapgrow_
Module: C:\trabajos\programas\openwatcom/lib286/dos\clibl.lib(growseg.c)
0000:56ef      __GrowSeg_
Module: C:\trabajos\programas\openwatcom/lib286/dos\clibl.lib(allocseg.c)
0000:57e1      __AllocSeg_
Module: C:\trabajos\programas\openwatcom/lib286/dos\clibl.lib(fmemneed.c)
0000:5878      __fmemneed_
Module: C:\trabajos\programas\openwatcom/lib286/dos\clibl.lib(filedos.c)
0000:587b*     _dos_close_
0000:5889      _dos_commit_
Module: C:\trabajos\programas\openwatcom/lib286/dos\clibl.lib(setenvp.c)
0000:58b7      __setenvp_
0000:59ba      __freeenvp_
Module: C:\trabajos\programas\openwatcom/lib286/dos\clibl.lib(mbdtoupp.c)
0000:5a18      _mbdtoupper_
Module: C:\trabajos\programas\openwatcom/lib286/dos\clibl.lib(toupper.c)
0000:5a26      toupper_
Module: C:\trabajos\programas\openwatcom/lib286/dos\clibl.lib(spvpe.c)
0000:5a34      spawnvpe_
Module: C:\trabajos\programas\openwatcom/lib286/dos\clibl.lib(doserror)
0000:5bb2      __doserror_
Module: C:\trabajos\programas\openwatcom/lib286/dos\clibl.lib(frealloc.c)
0000:5bc0*     _frealloc_
0000:5bc0      realloc_
Module: C:\trabajos\programas\openwatcom/lib286/dos\clibl.lib(iomodtty.c)
0000:5c9c      __ChkTTYIOMode_
0000:5cda*     __IOMode_
Module: C:\trabajos\programas\openwatcom/lib286/dos\clibl.lib(heapen.c)
0000:5cea*     _heapenable_
0718:0738      ___heap_enabled
Module: C:\trabajos\programas\openwatcom/lib286/dos\clibl.lib(sbrk.c)
0000:5cfb*     sbrk_
0000:5d0b      __brk_
Module: C:\trabajos\programas\openwatcom/lib286/dos\clibl.lib(heapgrow.c)
0000:5d75*     _heapgrow_
0000:5d75*     _fheapgrow_
0000:5d76      _nheapgrow_
Module: C:\trabajos\programas\openwatcom/lib286/dos\clibl.lib(clearenv.c)
0000:5df0      clearenv_
Module: C:\trabajos\programas\openwatcom/lib286/dos\clibl.lib(spve.c)
0000:5f3e      spawnve_
Module: C:\trabajos\programas\openwatcom/lib286/dos\clibl.lib(memcpy.c)
0000:6340      memcpy_
Module: C:\trabajos\programas\openwatcom/lib286/dos\clibl.lib(fmsize.c)
0000:6362*     _msize_
0000:6362      _fmsize_
Module: C:\trabajos\programas\openwatcom/lib286/dos\clibl.lib(nexpand.c)
0000:6373      __HeapManager_expand_
0000:64ea      _nexpand_
Module: C:\trabajos\programas\openwatcom/lib286/dos\clibl.lib(fexpand.c)
0000:653d      _fexpand_
0000:653d*     _expand_
Module: C:\trabajos\programas\openwatcom/lib286/dos\clibl.lib(finddos.c)
0000:6572      _dos_findfirst_
0000:65a5*     _dos_findnext_
0000:65b8*     _dos_findclose_
Module: C:\trabajos\programas\openwatcom/lib286/dos\clibl.lib(cenvarg.c)
0000:65d5      __cenvarg_
0000:67c5      __ccmdline_
Module: C:\trabajos\programas\openwatcom/lib286/dos\clibl.lib(dospawn)
0000:6856      __dospawn
Module: C:\trabajos\programas\openwatcom/lib286/dos\clibl.lib(execaddr.c)
0000:693e      __execaddr_
0718:0772+     ___Exec_addr
Module: C:\trabajos\programas\openwatcom/lib286/dos\clibl.lib(stack086.c)
0000:694b      stackavail_
Module: C:\trabajos\programas\openwatcom/lib286/dos\clibl.lib(split2.c)
0000:69d3      _splitpath2_
Module: C:\trabajos\programas\openwatcom/lib286/dos\clibl.lib(save8087.c)
0718:0776      ___Save8087
0718:077a      ___Rest8087
Module: C:\trabajos\programas\openwatcom/lib286/dos\clibl.lib(dosmem)
0000:6b86      _dos_allocmem_
0000:6ba8      _dos_freemem_
0000:6bb6*     _dos_setblock_
Module: C:\trabajos\programas\openwatcom/lib286/dos\clibl.lib(fmemcpy.c)
0000:6bd2      _fmemcpy_
Module: C:\trabajos\programas\openwatcom/lib286/dos\clibl.lib(makepath.c)
0000:6c0e      _makepath_
Module: C:\trabajos\programas\openwatcom/lib286/dos\clibl.lib(strcpy.c)
0000:6e5a      strcpy_
Module: C:\trabajos\programas\openwatcom/lib286/dos\clibl.lib(spl.c)
0000:6ea5      spawnl_
Module: C:\trabajos\programas\openwatcom/lib286/dos\clibl.lib(bfree.c)
0000:6ed0      _bfree_
Module: C:\trabajos\programas\openwatcom/lib286/dos\clibl.lib(bexpand.c)
0000:6ef5      _bexpand_
Module: C:\trabajos\programas\openwatcom/lib286/dos\clibl.lib(mbsnccnt.c)
0000:6f4e      _mbsnccnt_
Module: C:\trabajos\programas\openwatcom/lib286/dos\clibl.lib(mbsncpy.c)
0000:6f82      _mbsncpy_
Module: C:\trabajos\programas\openwatcom/lib286/dos\clibl.lib(mbsnbcnt.c)
0000:6fb8      _mbsnbcnt_
Module: C:\trabajos\programas\openwatcom/lib286/dos\clibl.lib(mbconv.c)
0000:7031      _mbvtop_
Module: C:\trabajos\programas\openwatcom/lib286/dos\clibl.lib(mbclen.c)
0000:7046      _mbclen_
Module: C:\trabajos\programas\openwatcom/lib286/dos\clibl.lib(mbsdec.c)
0000:7074      _mbsdec_
Module: C:\trabajos\programas\openwatcom/lib286/dos\clibl.lib(mbsnbcpy.c)
0000:7101      _mbsnbcpy_


                        +--------------------+
                        |   Libraries Used   |
                        +--------------------+

C:\trabajos\programas\openwatcom/lib286/dos\clibl.lib


                        +-----------------------+
                        |   Linker Statistics   |
                        +-----------------------+

Stack size:  0800 (2048.)
Memory size:  8990 (35216.)
Entry point address: 0000:1f00
Link time: 00:00.16
