Open Watcom Linker Version 1.9
Portions Copyright (c) 1985-2002 Sybase, Inc. All Rights Reserved.
Created on:       26/06/25 18:03:17
Executable Image: shdos.exe
creating a DOS executable


                        +------------+
                        |   Groups   |
                        +------------+

Group                           Address              Size
=====                           =======              ====

DGROUP                          07cd:0000            000028f0



                        +--------------+
                        |   Segments   |
                        +--------------+

Segment                Class          Group          Address         Size
=======                =====          =====          =======         ====

main_TEXT              CODE           AUTO           0000:0000       00001c9c
_TEXT                  CODE           AUTO           0000:1ca0       00006029
FAR_DATA               FAR_DATA       AUTO           07cc:0009       00000000
_NULL                  BEGDATA        DGROUP         07cd:0000       00000020
_AFTERNULL             BEGDATA        DGROUP         07cf:0000       00000002
CONST                  DATA           DGROUP         07cf:0002       00000474
CONST2                 DATA           DGROUP         0816:0006       0000010a
_DATA                  DATA           DGROUP         0827:0000       000002e4
XIB                    DATA           DGROUP         0855:0004       00000000
XI                     DATA           DGROUP         0855:0004       00000024
XIE                    DATA           DGROUP         0857:0008       00000000
YIB                    DATA           DGROUP         0857:0008       00000000
YI                     DATA           DGROUP         0857:0008       00000018
YIE                    DATA           DGROUP         0859:0000       00000000
STRINGS                DATA           DGROUP         0859:0000       00000000
DATA                   DATA           DGROUP         0859:0000       00000000
_BSS                   BSS            DGROUP         0859:0000       00001826
STACK                  STACK          DGROUP         09dc:0000       00000800


                        +----------------+
                        |   Memory Map   |
                        +----------------+

* = unreferenced symbol
+ = symbol only referenced locally

Address        Symbol
=======        ======

Module: main.obj(C:\trabajos\programas\shdos\16bits\main.c)
07cd:05a0+     _cursor_x
07cd:05a2+     _cursor_y
0000:0000+     uname_
0000:006f+     ver_
0000:00dd+     executeCommand_
0000:061c+     isExecutable_
0000:06ce+     commandNotFound_
0000:0771+     invalidExecutable_
0000:07cd+     unsupportedComFile_
0000:0829+     getCmdWidth_
0000:085b+     cls_
0000:08b5+     getOriginalCmdTextColor_
0000:08da+     restoreCmdTextColor_
0000:0926+     setCursorPosition_
0000:098b+     fill_line_
0000:09ed+     print_colored_char_
0000:0a94+     print_colored_text_
0000:0ad9+     print_colored_text_xy_
0000:0b49+     getDefaultCmdConfiguration_
0000:0bf7+     getOSBits_
0000:0c1c+     cmd_
0000:163e+     trim_
0000:171e+     showWelcome_
0000:1841+     setPromptBuffer_
0000:18e7+     drawPrompt_
0000:193f+     clearcmdbuffer_
0000:1976+     getExePath_
0000:1a09+     getValueFromKey_
0000:1b09+     getCorrectValueToLoad_
0000:1c64      main_
07cd:05a8+     _pos
07cd:05aa+     _firsttime
07cd:08c0+     _stmp
07cd:0902+     _value
07cd:0944+     _conf
07cd:0996+     _line
07cd:09d8+     _smallbuffer
07cd:0a1a+     _attr
07cd:0a1c+     _original_attr
07cd:0a1e+     _tmp
07cd:0a20+     _prompt
07cd:0e07+     _command
07cd:0f08+     _currentpath
07cd:12ef+     _confpath
07cd:16d6+     _shellpath
07cd:1abd+     _mediumbuffer
07cd:1bbe+     _largebuffer
07cd:1fa5+     _separator
Module: C:\trabajos\programas\openwatcom/lib286/dos\clibl.lib(stk)
0000:1ca5      __STK
0000:1cc5*     __STKOVERFLOW_
Module: C:\trabajos\programas\openwatcom/lib286/dos\clibl.lib(snprintf.c)
0000:1d19+     vsnprintf_
0000:1d9d      snprintf_
Module: C:\trabajos\programas\openwatcom/lib286/dos\clibl.lib(iob.c)
07cd:05ae      ___iob
07cd:0716      __fmode
07cd:1fa6      ___OpenStreams
07cd:1faa      ___ClosedStreams
Module: C:\trabajos\programas\openwatcom/lib286/dos\clibl.lib(fflush.c)
0000:1dcc      fflush_
Module: C:\trabajos\programas\openwatcom/lib286/dos\clibl.lib(memset.c)
0000:1de1      memset_
Module: C:\trabajos\programas\openwatcom/lib286/dos\clibl.lib(strncpy.c)
0000:1df8      strncpy_
Module: C:\trabajos\programas\openwatcom/lib286/dos\clibl.lib(strcat.c)
0000:1e34      strcat_
Module: C:\trabajos\programas\openwatcom/lib286/dos\clibl.lib(strrchr.c)
0000:1e5f      strrchr_
Module: C:\trabajos\programas\openwatcom/lib286/dos\clibl.lib(stricmp.c)
0000:1e84      stricmp_
Module: C:\trabajos\programas\openwatcom/lib286/dos\clibl.lib(accss.c)
0000:1ec1      access_
Module: C:\trabajos\programas\openwatcom/lib286/dos\clibl.lib(fopen.c)
0000:1efb+     __open_flags_
0000:20fb+     _fsopen_
0000:2162      fopen_
0000:223d*     freopen_
Module: C:\trabajos\programas\openwatcom/lib286/dos\clibl.lib(fclose.c)
0000:22b3      __doclose_
0000:2364      __shutdown_stream_
0000:237e      fclose_
07cd:1fae+     ___RmTmpFileFn
Module: C:\trabajos\programas\openwatcom/lib286/dos\clibl.lib(system.c)
0000:23c9      system_
Module: C:\trabajos\programas\openwatcom/lib286/dos\clibl.lib(intx086.c)
0000:2444+     int86x_
0000:24dd      int86_
Module: C:\trabajos\programas\openwatcom/lib286/dos\clibl.lib(_istrcc_.asm)
0000:250a      strcasecmp_
Module: C:\trabajos\programas\openwatcom/lib286/dos\clibl.lib(fgets.c)
0000:250f      fgets_
Module: C:\trabajos\programas\openwatcom/lib286/dos\clibl.lib(strcspn.c)
0000:259e      strcspn_
Module: C:\trabajos\programas\openwatcom/lib286/dos\clibl.lib(strlen.c)
0000:25f3      strlen_
Module: C:\trabajos\programas\openwatcom/lib286/dos\clibl.lib(_istrncc.asm)
0000:2608      strncasecmp_
Module: C:\trabajos\programas\openwatcom/lib286/dos\clibl.lib(atoi.c)
0000:260d      atoi_
Module: C:\trabajos\programas\openwatcom/lib286/dos\clibl.lib(strtol.c)
0000:28bd*     strtoul_
0000:28cf      strtol_
Module: C:\trabajos\programas\openwatcom/lib286/dos\clibl.lib(printf.c)
0000:28d8      printf_
Module: C:\trabajos\programas\openwatcom/lib286/dos\clibl.lib(fprintf.c)
0000:2907      fprintf_
Module: C:\trabajos\programas\openwatcom/lib286/dos\clibl.lib(getch.c)
0000:2936      getch_
Module: C:\trabajos\programas\openwatcom/lib286/dos\clibl.lib(strchr.c)
0000:2950      strchr_
Module: C:\trabajos\programas\openwatcom/lib286/dos\clibl.lib(istable.c)
07cd:0496      __IsTable
Module: C:\trabajos\programas\openwatcom/lib286/dos\clibl.lib(memmove.c)
0000:296f      memmove_
Module: C:\trabajos\programas\openwatcom/lib286/dos\clibl.lib(strpbrk.c)
0000:29e5      strpbrk_
Module: C:\trabajos\programas\openwatcom/lib286/dos\clibl.lib(cstart)
07cd:0000*     __nullarea
07cd:07a4*     __ovlflag
07cd:07a5*     __intno
07cd:07a6*     __ovlvec
0000:2a3e      _cstart_
0000:2b11*     _Not_Enough_Memory_
0000:2c45      __exit_
0000:2c64      __do_exit_with_msg__
0000:2cc2      __GETDS
Module: C:\trabajos\programas\openwatcom/lib286/dos\clibl.lib(cmodel)
0000:2ccc      _big_code_
0000:2ccc*     CodeModelMismatch
Module: C:\trabajos\programas\openwatcom/lib286/dos\clibl.lib(argcv.c)
07cd:1fb2      __argv
07cd:1fb6      ___argv
07cd:1fba      __argc
07cd:1fbc      ___argc
Module: C:\trabajos\programas\openwatcom/lib286/dos\clibl.lib(xmsg.c)
0000:2ccc*     __exit_with_msg_
0000:2cd1      __fatal_runtime_error_
Module: C:\trabajos\programas\openwatcom/lib286/dos\clibl.lib(crwdata)
07cd:07aa      __curbrk
07cd:07b2      __STACKLOW
07cd:07b4      __STACKTOP
07cd:07b6      __cbyte
07cd:07b8      __child
07cd:07ba      __no87
07cd:07c8      ___FPE_handler
07cd:07ac      __psp
07cd:07bc      __get_ovl_stack
07cd:07c0      __restore_ovl_stack
07cd:07c4      __close_ovl_file
07cd:07cc      __LpCmdLine
07cd:07d0      __LpPgmName
07cd:07ae      __osmajor
07cd:07af      __osminor
07cd:07b0      __osmode
07cd:07b1      __HShift
Module: C:\trabajos\programas\openwatcom/lib286/dos\clibl.lib(prtf.c)
0000:2cf0      __prtf_
Module: C:\trabajos\programas\openwatcom/lib286/dos\clibl.lib(initfile.c)
0000:3abe      __InitFiles_
Module: C:\trabajos\programas\openwatcom/lib286/dos\clibl.lib(ioexit.c)
0000:3c0c*     fcloseall_
0000:3c13      __full_io_exit_
Module: C:\trabajos\programas\openwatcom/lib286/dos\clibl.lib(flushall.c)
0000:3c1d      __flushall_
0000:3c7a      flushall_
Module: C:\trabajos\programas\openwatcom/lib286/dos\clibl.lib(flush.c)
0000:3c7f      __flush_
Module: C:\trabajos\programas\openwatcom/lib286/dos\clibl.lib(gfattdos.c)
0000:3db2      _dos_getfileattr_
Module: C:\trabajos\programas\openwatcom/lib286/dos\clibl.lib(dosret.c)
0000:3dc9      _dosretax_
0000:3dce*     _dosret0_
0000:3dd5      __set_errno_dos_
0000:3e33*     __set_errno_dos_reterr_
Module: C:\trabajos\programas\openwatcom/lib286/dos\clibl.lib(comtflag.c)
0000:3e3e*     __set_commode_
07cd:07e8      __commode
Module: C:\trabajos\programas\openwatcom/lib286/dos\clibl.lib(seterrno.c)
0000:3e4a      __set_errno_
0000:3e5e*     __set_EDOM_
0000:3e70*     __set_ERANGE_
0000:3e82*     __set_EINVAL_
0000:3e97      __set_doserrno_
Module: C:\trabajos\programas\openwatcom/lib286/dos\clibl.lib(tolower.c)
0000:3ea3      tolower_
Module: C:\trabajos\programas\openwatcom/lib286/dos\clibl.lib(open.c)
0000:40ad*     open_
0000:40e4      sopen_
Module: C:\trabajos\programas\openwatcom/lib286/dos\clibl.lib(fseek.c)
0000:417c      fseek_
Module: C:\trabajos\programas\openwatcom/lib286/dos\clibl.lib(chktty.c)
0000:42ca      __chktty_
Module: C:\trabajos\programas\openwatcom/lib286/dos\clibl.lib(freefp.c)
0000:42f5      __freefp_
0000:4370      __purgefp_
Module: C:\trabajos\programas\openwatcom/lib286/dos\clibl.lib(allocfp.c)
0000:43b1      __allocfp_
Module: C:\trabajos\programas\openwatcom/lib286/dos\clibl.lib(__lseek.c)
0000:44d3      __lseek_
Module: C:\trabajos\programas\openwatcom/lib286/dos\clibl.lib(_clse.c)
0000:450d      __close_
Module: C:\trabajos\programas\openwatcom/lib286/dos\clibl.lib(ffree.c)
0000:4540      _ffree_
0000:4540      free_
Module: C:\trabajos\programas\openwatcom/lib286/dos\clibl.lib(getenv.c)
0000:4586      getenv_
Module: C:\trabajos\programas\openwatcom/lib286/dos\clibl.lib(_slashc.c)
0000:464b      __Slash_C_
Module: C:\trabajos\programas\openwatcom/lib286/dos\clibl.lib(splp.c)
0000:4677      spawnlp_
Module: C:\trabajos\programas\openwatcom/lib286/dos\clibl.lib(intr.c)
0000:4695      intr_
Module: C:\trabajos\programas\openwatcom/lib286/dos\clibl.lib(segread.c)
0000:46a9      segread_
Module: C:\trabajos\programas\openwatcom/lib286/dos\clibl.lib(fgetc.c)
0000:46c9+     __fill_buffer_
0000:47be      fgetc_
Module: C:\trabajos\programas\openwatcom/lib286/dos\clibl.lib(setbits.c)
0000:4863      __setbits_
Module: C:\trabajos\programas\openwatcom/lib286/dos\clibl.lib(bits.c)
07cd:0598      __Bits
Module: C:\trabajos\programas\openwatcom/lib286/dos\clibl.lib(strnicmp.c)
0000:48bb      strnicmp_
Module: C:\trabajos\programas\openwatcom/lib286/dos\clibl.lib(i4m)
0000:490a*     __I4M
0000:490a      __U4M
Module: C:\trabajos\programas\openwatcom/lib286/dos\clibl.lib(fprtf.c)
0000:493c      __fprtf_
Module: C:\trabajos\programas\openwatcom/lib286/dos\clibl.lib(cmain086.c)
0000:4a07      __CMain
Module: C:\trabajos\programas\openwatcom/lib286/dos\clibl.lib(initrtns.c)
0000:4a6d      __InitRtns
0000:4a6d*     __FInitRtns
0000:4ac8      __FiniRtns
0000:4ac8*     __FFiniRtns
Module: C:\trabajos\programas\openwatcom/lib286/dos\clibl.lib(uselfn.c)
07cd:07ea      ___uselfn
Module: C:\trabajos\programas\openwatcom/lib286/dos\clibl.lib(dosseg)
0000:4b2c      __DOSseg__
Module: C:\trabajos\programas\openwatcom/lib286/dos\clibl.lib(initargv.c)
0000:4b2d      __Init_Argv_
0000:4b90+     _getargv_
0000:4d8f      __Fini_Argv_
Module: C:\trabajos\programas\openwatcom/lib286/dos\clibl.lib(enterdb.c)
0000:4db9      __EnterWVIDEO_
07cd:07ec+     ___WD_Present
Module: C:\trabajos\programas\openwatcom/lib286/dos\clibl.lib(wctomb.c)
0000:4ddd      wctomb_
Module: C:\trabajos\programas\openwatcom/lib286/dos\clibl.lib(itoa.c)
0000:4e06+     utoa_
0000:4e63      itoa_
Module: C:\trabajos\programas\openwatcom/lib286/dos\clibl.lib(strupr.c)
0000:4e87      strupr_
Module: C:\trabajos\programas\openwatcom/lib286/dos\clibl.lib(noefgfmt.c)
07cd:07ee      ___EFG_printf
07cd:07f2*     ___EFG_scanf
Module: C:\trabajos\programas\openwatcom/lib286/dos\clibl.lib(mbisdbcs.c)
07cd:1fc2      ___IsDBCS
Module: C:\trabajos\programas\openwatcom/lib286/dos\clibl.lib(mbislead.c)
0000:4ebc*     _ismbblead_
07cd:1fc4      ___MBCSIsTable
Module: C:\trabajos\programas\openwatcom/lib286/dos\clibl.lib(lltoa.c)
0000:4ed8      ulltoa_
0000:4fbd*     lltoa_
Module: C:\trabajos\programas\openwatcom/lib286/dos\clibl.lib(ltoa.c)
0000:501f      ultoa_
0000:508e*     ltoa_
Module: C:\trabajos\programas\openwatcom/lib286/dos\clibl.lib(nmalloc.c)
0000:50bd      _nmalloc_
07cd:07f6      ___nheapbeg
07cd:07f8      ___MiniHeapRover
07cd:07fa      ___LargestSizeB4MiniHeapRover
Module: C:\trabajos\programas\openwatcom/lib286/dos\clibl.lib(fmalloc.c)
0000:5197      _fmalloc_
0000:5197      malloc_
07cd:07fc+     ___fheap
07cd:07fe      ___fheapRover
07cd:0800      ___LargestSizeB4Rover
Module: C:\trabajos\programas\openwatcom/lib286/dos\clibl.lib(qwrit.c)
0000:52a4      __qwrite_
Module: C:\trabajos\programas\openwatcom/lib286/dos\clibl.lib(fsync.c)
0000:5301      fsync_
Module: C:\trabajos\programas\openwatcom/lib286/dos\clibl.lib(doserror)
0000:5306      __doserror_
Module: C:\trabajos\programas\openwatcom/lib286/dos\clibl.lib(errno.c)
0000:5314      __get_errno_ptr_
0000:531b      __get_doserrno_ptr_
07cd:20c6+     _errno
07cd:20c8+     __doserrno
Module: C:\trabajos\programas\openwatcom/lib286/dos\clibl.lib(opendos.c)
0000:5322      _dos_open_
Module: C:\trabajos\programas\openwatcom/lib286/dos\clibl.lib(iomode.c)
0000:5348      __GetIOMode_
0000:536d      __SetIOMode_nogrow_
07cd:0802      ___NFiles
07cd:0804      ___init_mode
07cd:082c      ___io_mode
Module: C:\trabajos\programas\openwatcom/lib286/dos\clibl.lib(isatt.c)
0000:5390      isatty_
Module: C:\trabajos\programas\openwatcom/lib286/dos\clibl.lib(umaskval.c)
07cd:0830      ___umaskval
Module: C:\trabajos\programas\openwatcom/lib286/dos\clibl.lib(creatdos.c)
0000:53ac      _dos_creat_
0000:53d0*     _dos_creatnew_
Module: C:\trabajos\programas\openwatcom/lib286/dos\clibl.lib(stiomode.c)
0000:53f2+     __grow_iomode_
0000:54b5+     __shrink_iomode_
0000:54f0      __SetIOMode_
Module: C:\trabajos\programas\openwatcom/lib286/dos\clibl.lib(lseek.c)
0000:5553      lseek_
Module: C:\trabajos\programas\openwatcom/lib286/dos\clibl.lib(tell.c)
0000:5584      tell_
Module: C:\trabajos\programas\openwatcom/lib286/dos\clibl.lib(mem.c)
0000:55a0      __MemAllocator
0000:566a      __MemFree
Module: C:\trabajos\programas\openwatcom/lib286/dos\clibl.lib(nfree.c)
0000:57c7      _nfree_
07cd:20cc+     ___MiniHeapFreeRover
Module: C:\trabajos\programas\openwatcom/lib286/dos\clibl.lib(environ.c)
07cd:20ce      ___env_mask
07cd:20d2      _environ
07cd:20d6*     __wenviron
Module: C:\trabajos\programas\openwatcom/lib286/dos\clibl.lib(mbterm.c)
0000:58c2      _mbterm_
Module: C:\trabajos\programas\openwatcom/lib286/dos\clibl.lib(mbsnextc.c)
0000:5904      _mbsnextc_
Module: C:\trabajos\programas\openwatcom/lib286/dos\clibl.lib(mbcupper.c)
0000:5935      _mbctoupper_
Module: C:\trabajos\programas\openwatcom/lib286/dos\clibl.lib(mbsinc.c)
0000:5958      _mbsinc_
Module: C:\trabajos\programas\openwatcom/lib286/dos\clibl.lib(spvp.c)
0000:5994      spawnvp_
Module: C:\trabajos\programas\openwatcom/lib286/dos\clibl.lib(dointr)
0000:59b6      _DoINTR_
Module: C:\trabajos\programas\openwatcom/lib286/dos\clibl.lib(gtche.c)
0000:5d2f      getche_
Module: C:\trabajos\programas\openwatcom/lib286/dos\clibl.lib(ioalloc.c)
0000:5d49      __ioalloc_
Module: C:\trabajos\programas\openwatcom/lib286/dos\clibl.lib(qread.c)
0000:5de3      __qread_
Module: C:\trabajos\programas\openwatcom/lib286/dos\clibl.lib(fputc.c)
0000:5e03      fputc_
Module: C:\trabajos\programas\openwatcom/lib286/dos\clibl.lib(___argc.c)
07cd:20da      ____Argv
07cd:20de      ____Argc
Module: C:\trabajos\programas\openwatcom/lib286/dos\clibl.lib(amblksiz.c)
07cd:0832      __amblksiz
Module: C:\trabajos\programas\openwatcom/lib286/dos\clibl.lib(exit.c)
0000:5ed3+     __null_int23_exit_
0000:5ed4      exit_
0000:5f05*     _exit_
07cd:0834+     ___int23_exit
07cd:0838+     ___FPE_handler_exit
Module: C:\trabajos\programas\openwatcom/lib286/dos\clibl.lib(sgdef086)
07cd:0884      __Start_XI
07cd:08a8      __End_XI
07cd:08a8      __Start_YI
07cd:08c0      __End_YI
Module: C:\trabajos\programas\openwatcom/lib286/dos\clibl.lib(histsplt.c)
07cd:20e0      ___historical_splitparms
Module: C:\trabajos\programas\openwatcom/lib286/dos\clibl.lib(alphabet.c)
07cd:0444      ___Alphabet
Module: C:\trabajos\programas\openwatcom/lib286/dos\clibl.lib(mbinit.c)
0000:5f5c      __mbinit_
07cd:083c      ___MBCodePage
Module: C:\trabajos\programas\openwatcom/lib286/dos\clibl.lib(nmemneed.c)
0000:6037      __nmemneed_
Module: C:\trabajos\programas\openwatcom/lib286/dos\clibl.lib(grownear.c)
0000:60bf      __LastFree_
0000:6139      __ExpandDGROUP_
Module: C:\trabajos\programas\openwatcom/lib286/dos\clibl.lib(hpgrw086.c)
0000:624a      __CMain_nheapgrow_
Module: C:\trabajos\programas\openwatcom/lib286/dos\clibl.lib(growseg.c)
0000:624f      __GrowSeg_
Module: C:\trabajos\programas\openwatcom/lib286/dos\clibl.lib(allocseg.c)
0000:6341      __AllocSeg_
Module: C:\trabajos\programas\openwatcom/lib286/dos\clibl.lib(fmemneed.c)
0000:63d8      __fmemneed_
Module: C:\trabajos\programas\openwatcom/lib286/dos\clibl.lib(filedos.c)
0000:63db*     _dos_close_
0000:63e9      _dos_commit_
Module: C:\trabajos\programas\openwatcom/lib286/dos\clibl.lib(frealloc.c)
0000:63f9*     _frealloc_
0000:63f9      realloc_
Module: C:\trabajos\programas\openwatcom/lib286/dos\clibl.lib(iomodtty.c)
0000:64d5      __ChkTTYIOMode_
0000:6513*     __IOMode_
Module: C:\trabajos\programas\openwatcom/lib286/dos\clibl.lib(setenvp.c)
0000:6541      __setenvp_
0000:6644      __freeenvp_
Module: C:\trabajos\programas\openwatcom/lib286/dos\clibl.lib(mbdtoupp.c)
0000:66a2      _mbdtoupper_
Module: C:\trabajos\programas\openwatcom/lib286/dos\clibl.lib(toupper.c)
0000:66b0      toupper_
Module: C:\trabajos\programas\openwatcom/lib286/dos\clibl.lib(spvpe.c)
0000:66be      spawnvpe_
Module: C:\trabajos\programas\openwatcom/lib286/dos\clibl.lib(heapen.c)
0000:683b*     _heapenable_
07cd:083e      ___heap_enabled
Module: C:\trabajos\programas\openwatcom/lib286/dos\clibl.lib(sbrk.c)
0000:684c*     sbrk_
0000:685c      __brk_
Module: C:\trabajos\programas\openwatcom/lib286/dos\clibl.lib(heapgrow.c)
0000:68c6*     _heapgrow_
0000:68c6*     _fheapgrow_
0000:68c7      _nheapgrow_
Module: C:\trabajos\programas\openwatcom/lib286/dos\clibl.lib(fmsize.c)
0000:6941*     _msize_
0000:6941      _fmsize_
Module: C:\trabajos\programas\openwatcom/lib286/dos\clibl.lib(nexpand.c)
0000:6952      __HeapManager_expand_
0000:6ac9      _nexpand_
Module: C:\trabajos\programas\openwatcom/lib286/dos\clibl.lib(fexpand.c)
0000:6b1c      _fexpand_
0000:6b1c*     _expand_
Module: C:\trabajos\programas\openwatcom/lib286/dos\clibl.lib(clearenv.c)
0000:6b51      clearenv_
Module: C:\trabajos\programas\openwatcom/lib286/dos\clibl.lib(spve.c)
0000:6c9f      spawnve_
Module: C:\trabajos\programas\openwatcom/lib286/dos\clibl.lib(memcpy.c)
0000:70a1      memcpy_
Module: C:\trabajos\programas\openwatcom/lib286/dos\clibl.lib(bfree.c)
0000:70c3      _bfree_
Module: C:\trabajos\programas\openwatcom/lib286/dos\clibl.lib(bexpand.c)
0000:70e8      _bexpand_
Module: C:\trabajos\programas\openwatcom/lib286/dos\clibl.lib(finddos.c)
0000:7141      _dos_findfirst_
0000:7174*     _dos_findnext_
0000:7187*     _dos_findclose_
Module: C:\trabajos\programas\openwatcom/lib286/dos\clibl.lib(cenvarg.c)
0000:71a4      __cenvarg_
0000:7394      __ccmdline_
Module: C:\trabajos\programas\openwatcom/lib286/dos\clibl.lib(dospawn)
0000:7425      __dospawn
Module: C:\trabajos\programas\openwatcom/lib286/dos\clibl.lib(execaddr.c)
0000:750d      __execaddr_
07cd:0878+     ___Exec_addr
Module: C:\trabajos\programas\openwatcom/lib286/dos\clibl.lib(stack086.c)
0000:751a      stackavail_
Module: C:\trabajos\programas\openwatcom/lib286/dos\clibl.lib(split2.c)
0000:75a2      _splitpath2_
Module: C:\trabajos\programas\openwatcom/lib286/dos\clibl.lib(save8087.c)
07cd:087c      ___Save8087
07cd:0880      ___Rest8087
Module: C:\trabajos\programas\openwatcom/lib286/dos\clibl.lib(dosmem)
0000:7754      _dos_allocmem_
0000:7776      _dos_freemem_
0000:7784*     _dos_setblock_
Module: C:\trabajos\programas\openwatcom/lib286/dos\clibl.lib(fmemcpy.c)
0000:77a0      _fmemcpy_
Module: C:\trabajos\programas\openwatcom/lib286/dos\clibl.lib(makepath.c)
0000:77dc      _makepath_
Module: C:\trabajos\programas\openwatcom/lib286/dos\clibl.lib(strcpy.c)
0000:7a28      strcpy_
Module: C:\trabajos\programas\openwatcom/lib286/dos\clibl.lib(spl.c)
0000:7a73      spawnl_
Module: C:\trabajos\programas\openwatcom/lib286/dos\clibl.lib(mbsnccnt.c)
0000:7a9e      _mbsnccnt_
Module: C:\trabajos\programas\openwatcom/lib286/dos\clibl.lib(mbsncpy.c)
0000:7ad2      _mbsncpy_
Module: C:\trabajos\programas\openwatcom/lib286/dos\clibl.lib(mbsnbcnt.c)
0000:7b08      _mbsnbcnt_
Module: C:\trabajos\programas\openwatcom/lib286/dos\clibl.lib(mbconv.c)
0000:7b81      _mbvtop_
Module: C:\trabajos\programas\openwatcom/lib286/dos\clibl.lib(mbclen.c)
0000:7b96      _mbclen_
Module: C:\trabajos\programas\openwatcom/lib286/dos\clibl.lib(mbsdec.c)
0000:7bc4      _mbsdec_
Module: C:\trabajos\programas\openwatcom/lib286/dos\clibl.lib(mbsnbcpy.c)
0000:7c51      _mbsnbcpy_


                        +--------------------+
                        |   Libraries Used   |
                        +--------------------+

C:\trabajos\programas\openwatcom/lib286/dos\clibl.lib


                        +-----------------------+
                        |   Linker Statistics   |
                        +-----------------------+

Stack size:  0800 (2048.)
Memory size:  a5c0 (42432.)
Entry point address: 0000:2a3e
Link time: 00:00.16
