Open Watcom Linker Version 1.9
Portions Copyright (c) 1985-2002 Sybase, Inc. All Rights Reserved.
Created on:       26/06/19 17:57:56
Executable Image: shdos.exe
creating a DOS executable


                        +------------+
                        |   Groups   |
                        +------------+

Group                           Address              Size
=====                           =======              ====

DGROUP                          04ac:0000            00000e50



                        +--------------+
                        |   Segments   |
                        +--------------+

Segment                Class          Group          Address         Size
=======                =====          =====          =======         ====

main_TEXT              CODE           AUTO           0000:0000       000006be
_TEXT                  CODE           AUTO           0000:06c0       000043fb
FAR_DATA               FAR_DATA       AUTO           04ab:000b       00000000
_NULL                  BEGDATA        DGROUP         04ac:0000       00000020
_AFTERNULL             BEGDATA        DGROUP         04ae:0000       00000002
CONST                  DATA           DGROUP         04ae:0002       00000174
CONST2                 DATA           DGROUP         04c5:0006       00000000
_DATA                  DATA           DGROUP         04c5:0006       00000254
XIB                    DATA           DGROUP         04ea:000a       00000000
XI                     DATA           DGROUP         04ea:000a       0000001e
XIE                    DATA           DGROUP         04ec:0008       00000000
YIB                    DATA           DGROUP         04ec:0008       00000000
YI                     DATA           DGROUP         04ec:0008       0000000c
YIE                    DATA           DGROUP         04ed:0004       00000000
STRINGS                DATA           DGROUP         04ed:0004       00000000
DATA                   DATA           DGROUP         04ed:0004       00000000
_BSS                   BSS            DGROUP         04ed:0004       00000230
STACK                  STACK          DGROUP         0511:0000       00000800


                        +----------------+
                        |   Memory Map   |
                        +----------------+

* = unreferenced symbol
+ = symbol only referenced locally

Address        Symbol
=======        ======

Module: main.obj(C:\trabajos\programas\shdos\16bits\main.c)
04ac:0196+     _cursor_x
04ac:0198+     _cursor_y
0000:0000+     ver_
0000:0070+     getCmdWidth_
0000:00a2+     cls_
0000:00fc+     getOriginalCmdTextColor_
0000:0121+     restoreCmdTextColor_
0000:016f+     setCursorPosition_
0000:01d4+     fill_line_
0000:0236+     print_colored_char_
0000:02dd+     print_colored_text_
0000:0322+     print_colored_text_xy_
0000:0392+     cmd_
0000:053b+     showWelcome_
0000:065e+     clearcmdbuffer_
0000:0695      main_
04ac:019e+     _pos
04ac:01a0+     _firsttime
04ac:0414+     _attr
04ac:0416+     _original_attr
04ac:0418+     _command
Module: C:\trabajos\programas\openwatcom/lib286/dos\clibl.lib(stk)
0000:06c5      __STK
0000:06e5*     __STKOVERFLOW_
Module: C:\trabajos\programas\openwatcom/lib286/dos\clibl.lib(snprintf.c)
0000:0739+     vsnprintf_
0000:07bd      snprintf_
Module: C:\trabajos\programas\openwatcom/lib286/dos\clibl.lib(iob.c)
04ac:01a4      ___iob
04ac:030c*     __fmode
04ac:0518      ___OpenStreams
04ac:051c      ___ClosedStreams
Module: C:\trabajos\programas\openwatcom/lib286/dos\clibl.lib(fflush.c)
0000:07ec      fflush_
Module: C:\trabajos\programas\openwatcom/lib286/dos\clibl.lib(system.c)
0000:0801      system_
Module: C:\trabajos\programas\openwatcom/lib286/dos\clibl.lib(intx086.c)
0000:087c+     int86x_
0000:0915      int86_
Module: C:\trabajos\programas\openwatcom/lib286/dos\clibl.lib(memset.c)
0000:0942      memset_
Module: C:\trabajos\programas\openwatcom/lib286/dos\clibl.lib(getch.c)
0000:0959      getch_
Module: C:\trabajos\programas\openwatcom/lib286/dos\clibl.lib(stricmp.c)
0000:0973      stricmp_
Module: C:\trabajos\programas\openwatcom/lib286/dos\clibl.lib(strlen.c)
0000:09b0      strlen_
Module: C:\trabajos\programas\openwatcom/lib286/dos\clibl.lib(cstart)
04ac:0000*     __nullarea
04ac:030e*     __ovlflag
04ac:030f*     __intno
04ac:0310*     __ovlvec
0000:09c6      _cstart_
0000:0a99*     _Not_Enough_Memory_
0000:0bcd      __exit_
0000:0bec      __do_exit_with_msg__
0000:0c4a      __GETDS
Module: C:\trabajos\programas\openwatcom/lib286/dos\clibl.lib(cmodel)
0000:0c54      _big_code_
0000:0c54*     CodeModelMismatch
Module: C:\trabajos\programas\openwatcom/lib286/dos\clibl.lib(xmsg.c)
0000:0c54*     __exit_with_msg_
0000:0c59      __fatal_runtime_error_
Module: C:\trabajos\programas\openwatcom/lib286/dos\clibl.lib(crwdata)
04ac:0314      __curbrk
04ac:031c      __STACKLOW
04ac:031e      __STACKTOP
04ac:0320      __cbyte
04ac:0322      __child
04ac:0324      __no87
04ac:0332      ___FPE_handler
04ac:0316      __psp
04ac:0326      __get_ovl_stack
04ac:032a      __restore_ovl_stack
04ac:032e      __close_ovl_file
04ac:0336      __LpCmdLine
04ac:033a      __LpPgmName
04ac:0318      __osmajor
04ac:0319      __osminor
04ac:031a      __osmode
04ac:031b      __HShift
Module: C:\trabajos\programas\openwatcom/lib286/dos\clibl.lib(prtf.c)
0000:0c78      __prtf_
Module: C:\trabajos\programas\openwatcom/lib286/dos\clibl.lib(initfile.c)
0000:1a46      __InitFiles_
Module: C:\trabajos\programas\openwatcom/lib286/dos\clibl.lib(ioexit.c)
0000:1b94*     fcloseall_
0000:1b9b      __full_io_exit_
Module: C:\trabajos\programas\openwatcom/lib286/dos\clibl.lib(flushall.c)
0000:1ba5*     __flushall_
0000:1c02      flushall_
Module: C:\trabajos\programas\openwatcom/lib286/dos\clibl.lib(flush.c)
0000:1c07      __flush_
Module: C:\trabajos\programas\openwatcom/lib286/dos\clibl.lib(getenv.c)
0000:1d3a      getenv_
Module: C:\trabajos\programas\openwatcom/lib286/dos\clibl.lib(_slashc.c)
0000:1dff      __Slash_C_
Module: C:\trabajos\programas\openwatcom/lib286/dos\clibl.lib(splp.c)
0000:1e2b      spawnlp_
Module: C:\trabajos\programas\openwatcom/lib286/dos\clibl.lib(intr.c)
0000:1e49      intr_
Module: C:\trabajos\programas\openwatcom/lib286/dos\clibl.lib(segread.c)
0000:1e5d      segread_
Module: C:\trabajos\programas\openwatcom/lib286/dos\clibl.lib(cmain086.c)
0000:1e7d      __CMain
Module: C:\trabajos\programas\openwatcom/lib286/dos\clibl.lib(initrtns.c)
0000:1ee3      __InitRtns
0000:1ee3*     __FInitRtns
0000:1f3e      __FiniRtns
0000:1f3e*     __FFiniRtns
Module: C:\trabajos\programas\openwatcom/lib286/dos\clibl.lib(uselfn.c)
04ac:033e      ___uselfn
Module: C:\trabajos\programas\openwatcom/lib286/dos\clibl.lib(dosseg)
0000:1fa2      __DOSseg__
Module: C:\trabajos\programas\openwatcom/lib286/dos\clibl.lib(enterdb.c)
0000:1fa3      __EnterWVIDEO_
04ac:0340+     ___WD_Present
Module: C:\trabajos\programas\openwatcom/lib286/dos\clibl.lib(wctomb.c)
0000:1fc7      wctomb_
Module: C:\trabajos\programas\openwatcom/lib286/dos\clibl.lib(itoa.c)
0000:1ff0+     utoa_
0000:204d      itoa_
Module: C:\trabajos\programas\openwatcom/lib286/dos\clibl.lib(i4m)
0000:2072*     __I4M
0000:2072      __U4M
Module: C:\trabajos\programas\openwatcom/lib286/dos\clibl.lib(strupr.c)
0000:208a      strupr_
Module: C:\trabajos\programas\openwatcom/lib286/dos\clibl.lib(noefgfmt.c)
04ac:0342      ___EFG_printf
04ac:0346*     ___EFG_scanf
Module: C:\trabajos\programas\openwatcom/lib286/dos\clibl.lib(mbisdbcs.c)
04ac:0520      ___IsDBCS
Module: C:\trabajos\programas\openwatcom/lib286/dos\clibl.lib(mbislead.c)
0000:20bf*     _ismbblead_
04ac:0522      ___MBCSIsTable
Module: C:\trabajos\programas\openwatcom/lib286/dos\clibl.lib(lltoa.c)
0000:20db      ulltoa_
0000:21c0*     lltoa_
Module: C:\trabajos\programas\openwatcom/lib286/dos\clibl.lib(ltoa.c)
0000:2222      ultoa_
0000:2291*     ltoa_
Module: C:\trabajos\programas\openwatcom/lib286/dos\clibl.lib(nmalloc.c)
0000:22c0      _nmalloc_
04ac:034a      ___nheapbeg
04ac:034c      ___MiniHeapRover
04ac:034e      ___LargestSizeB4MiniHeapRover
Module: C:\trabajos\programas\openwatcom/lib286/dos\clibl.lib(fmalloc.c)
0000:239a*     _fmalloc_
0000:239a      malloc_
04ac:0350+     ___fheap
04ac:0352      ___fheapRover
04ac:0354      ___LargestSizeB4Rover
Module: C:\trabajos\programas\openwatcom/lib286/dos\clibl.lib(fclose.c)
0000:24a7+     __doclose_
0000:2558      __shutdown_stream_
0000:2572*     fclose_
04ac:0624+     ___RmTmpFileFn
Module: C:\trabajos\programas\openwatcom/lib286/dos\clibl.lib(freefp.c)
0000:25bd      __freefp_
0000:2638      __purgefp_
Module: C:\trabajos\programas\openwatcom/lib286/dos\clibl.lib(__lseek.c)
0000:2679      __lseek_
Module: C:\trabajos\programas\openwatcom/lib286/dos\clibl.lib(qwrit.c)
0000:26b3      __qwrite_
Module: C:\trabajos\programas\openwatcom/lib286/dos\clibl.lib(seterrno.c)
0000:2710      __set_errno_
0000:2724*     __set_EDOM_
0000:2736*     __set_ERANGE_
0000:2748*     __set_EINVAL_
0000:275d      __set_doserrno_
Module: C:\trabajos\programas\openwatcom/lib286/dos\clibl.lib(fsync.c)
0000:2769      fsync_
Module: C:\trabajos\programas\openwatcom/lib286/dos\clibl.lib(environ.c)
04ac:0628      ___env_mask
04ac:062c      _environ
04ac:0630*     __wenviron
Module: C:\trabajos\programas\openwatcom/lib286/dos\clibl.lib(mbterm.c)
0000:276e      _mbterm_
Module: C:\trabajos\programas\openwatcom/lib286/dos\clibl.lib(mbsnextc.c)
0000:27b0      _mbsnextc_
Module: C:\trabajos\programas\openwatcom/lib286/dos\clibl.lib(mbcupper.c)
0000:27e1      _mbctoupper_
Module: C:\trabajos\programas\openwatcom/lib286/dos\clibl.lib(mbsinc.c)
0000:2804      _mbsinc_
Module: C:\trabajos\programas\openwatcom/lib286/dos\clibl.lib(spvp.c)
0000:2840      spawnvp_
Module: C:\trabajos\programas\openwatcom/lib286/dos\clibl.lib(dointr)
0000:2862      _DoINTR_
Module: C:\trabajos\programas\openwatcom/lib286/dos\clibl.lib(___argc.c)
04ac:0634      ____Argv
04ac:0638      ____Argc
Module: C:\trabajos\programas\openwatcom/lib286/dos\clibl.lib(amblksiz.c)
04ac:0356      __amblksiz
Module: C:\trabajos\programas\openwatcom/lib286/dos\clibl.lib(exit.c)
0000:2bdb+     __null_int23_exit_
0000:2bdc      exit_
0000:2c0d*     _exit_
04ac:0358+     ___int23_exit
04ac:035c+     ___FPE_handler_exit
Module: C:\trabajos\programas\openwatcom/lib286/dos\clibl.lib(sgdef086)
04ac:03ea      __Start_XI
04ac:0408      __End_XI
04ac:0408      __Start_YI
04ac:0414      __End_YI
Module: C:\trabajos\programas\openwatcom/lib286/dos\clibl.lib(alphabet.c)
04ac:0144      ___Alphabet
Module: C:\trabajos\programas\openwatcom/lib286/dos\clibl.lib(mbinit.c)
0000:2c64      __mbinit_
04ac:0360      ___MBCodePage
Module: C:\trabajos\programas\openwatcom/lib286/dos\clibl.lib(nmemneed.c)
0000:2d3f      __nmemneed_
Module: C:\trabajos\programas\openwatcom/lib286/dos\clibl.lib(mem.c)
0000:2d50      __MemAllocator
0000:2e1a      __MemFree
Module: C:\trabajos\programas\openwatcom/lib286/dos\clibl.lib(grownear.c)
0000:2ffc      __LastFree_
0000:3076      __ExpandDGROUP_
Module: C:\trabajos\programas\openwatcom/lib286/dos\clibl.lib(hpgrw086.c)
0000:3187      __CMain_nheapgrow_
Module: C:\trabajos\programas\openwatcom/lib286/dos\clibl.lib(growseg.c)
0000:318c      __GrowSeg_
Module: C:\trabajos\programas\openwatcom/lib286/dos\clibl.lib(allocseg.c)
0000:327e      __AllocSeg_
Module: C:\trabajos\programas\openwatcom/lib286/dos\clibl.lib(fmemneed.c)
0000:3315      __fmemneed_
Module: C:\trabajos\programas\openwatcom/lib286/dos\clibl.lib(_clse.c)
0000:3318      __close_
Module: C:\trabajos\programas\openwatcom/lib286/dos\clibl.lib(ffree.c)
0000:334b*     _ffree_
0000:334b      free_
Module: C:\trabajos\programas\openwatcom/lib286/dos\clibl.lib(dosret.c)
0000:3391      _dosretax_
0000:3396*     _dosret0_
0000:339d      __set_errno_dos_
0000:33fb*     __set_errno_dos_reterr_
Module: C:\trabajos\programas\openwatcom/lib286/dos\clibl.lib(iomode.c)
0000:3406      __GetIOMode_
0000:342b      __SetIOMode_nogrow_
04ac:0376+     ___NFiles
04ac:0378+     ___init_mode
04ac:03a0+     ___io_mode
Module: C:\trabajos\programas\openwatcom/lib286/dos\clibl.lib(errno.c)
0000:344e      __get_errno_ptr_
0000:3455      __get_doserrno_ptr_
04ac:063a+     _errno
04ac:063c+     __doserrno
Module: C:\trabajos\programas\openwatcom/lib286/dos\clibl.lib(filedos.c)
0000:345c*     _dos_close_
0000:346a      _dos_commit_
Module: C:\trabajos\programas\openwatcom/lib286/dos\clibl.lib(setenvp.c)
0000:3498      __setenvp_
0000:359b      __freeenvp_
Module: C:\trabajos\programas\openwatcom/lib286/dos\clibl.lib(mbdtoupp.c)
0000:35f9      _mbdtoupper_
Module: C:\trabajos\programas\openwatcom/lib286/dos\clibl.lib(toupper.c)
0000:3607      toupper_
Module: C:\trabajos\programas\openwatcom/lib286/dos\clibl.lib(spvpe.c)
0000:3615      spawnvpe_
Module: C:\trabajos\programas\openwatcom/lib286/dos\clibl.lib(heapen.c)
0000:3792*     _heapenable_
04ac:03a4      ___heap_enabled
Module: C:\trabajos\programas\openwatcom/lib286/dos\clibl.lib(sbrk.c)
0000:37a3*     sbrk_
0000:37b3      __brk_
Module: C:\trabajos\programas\openwatcom/lib286/dos\clibl.lib(nfree.c)
0000:381d      _nfree_
04ac:0642+     ___MiniHeapFreeRover
Module: C:\trabajos\programas\openwatcom/lib286/dos\clibl.lib(heapgrow.c)
0000:3918*     _heapgrow_
0000:3918*     _fheapgrow_
0000:3919      _nheapgrow_
Module: C:\trabajos\programas\openwatcom/lib286/dos\clibl.lib(doserror)
0000:3994      __doserror_
Module: C:\trabajos\programas\openwatcom/lib286/dos\clibl.lib(clearenv.c)
0000:39a2      clearenv_
Module: C:\trabajos\programas\openwatcom/lib286/dos\clibl.lib(spve.c)
0000:3af0      spawnve_
Module: C:\trabajos\programas\openwatcom/lib286/dos\clibl.lib(strchr.c)
0000:3ef2      strchr_
Module: C:\trabajos\programas\openwatcom/lib286/dos\clibl.lib(memcpy.c)
0000:3f11      memcpy_
Module: C:\trabajos\programas\openwatcom/lib286/dos\clibl.lib(finddos.c)
0000:3f33      _dos_findfirst_
0000:3f66*     _dos_findnext_
0000:3f79*     _dos_findclose_
Module: C:\trabajos\programas\openwatcom/lib286/dos\clibl.lib(cenvarg.c)
0000:3f96      __cenvarg_
0000:4186      __ccmdline_
Module: C:\trabajos\programas\openwatcom/lib286/dos\clibl.lib(dospawn)
0000:4217      __dospawn
Module: C:\trabajos\programas\openwatcom/lib286/dos\clibl.lib(execaddr.c)
0000:42ff      __execaddr_
04ac:03de+     ___Exec_addr
Module: C:\trabajos\programas\openwatcom/lib286/dos\clibl.lib(stack086.c)
0000:430c      stackavail_
Module: C:\trabajos\programas\openwatcom/lib286/dos\clibl.lib(split2.c)
0000:4394      _splitpath2_
Module: C:\trabajos\programas\openwatcom/lib286/dos\clibl.lib(save8087.c)
04ac:03e2      ___Save8087
04ac:03e6      ___Rest8087
Module: C:\trabajos\programas\openwatcom/lib286/dos\clibl.lib(dosmem)
0000:4546      _dos_allocmem_
0000:4568      _dos_freemem_
0000:4576*     _dos_setblock_
Module: C:\trabajos\programas\openwatcom/lib286/dos\clibl.lib(fmemcpy.c)
0000:4592      _fmemcpy_
Module: C:\trabajos\programas\openwatcom/lib286/dos\clibl.lib(makepath.c)
0000:45ce      _makepath_
Module: C:\trabajos\programas\openwatcom/lib286/dos\clibl.lib(strcpy.c)
0000:481a      strcpy_
Module: C:\trabajos\programas\openwatcom/lib286/dos\clibl.lib(spl.c)
0000:4865      spawnl_
Module: C:\trabajos\programas\openwatcom/lib286/dos\clibl.lib(mbsnccnt.c)
0000:4890      _mbsnccnt_
Module: C:\trabajos\programas\openwatcom/lib286/dos\clibl.lib(mbsncpy.c)
0000:48c4      _mbsncpy_
Module: C:\trabajos\programas\openwatcom/lib286/dos\clibl.lib(mbsnbcnt.c)
0000:48fa      _mbsnbcnt_
Module: C:\trabajos\programas\openwatcom/lib286/dos\clibl.lib(mbconv.c)
0000:4973      _mbvtop_
Module: C:\trabajos\programas\openwatcom/lib286/dos\clibl.lib(mbclen.c)
0000:4988      _mbclen_
Module: C:\trabajos\programas\openwatcom/lib286/dos\clibl.lib(mbsdec.c)
0000:49b6      _mbsdec_
Module: C:\trabajos\programas\openwatcom/lib286/dos\clibl.lib(mbsnbcpy.c)
0000:4a43      _mbsnbcpy_


                        +--------------------+
                        |   Libraries Used   |
                        +--------------------+

C:\trabajos\programas\openwatcom/lib286/dos\clibl.lib


                        +-----------------------+
                        |   Linker Statistics   |
                        +-----------------------+

Stack size:  0800 (2048.)
Memory size:  5910 (22800.)
Entry point address: 0000:09c6
Link time: 00:00.00
